Archive member included to satisfy reference by file (symbol)

/usr/lib/gcc/riscv-none-elf/14.1.0/rv32imf_zicsr/ilp32f/libgcc.a(divdf3.o)
                              out_coremark_unified.o (__divdf3)
/usr/lib/gcc/riscv-none-elf/14.1.0/rv32imf_zicsr/ilp32f/libgcc.a(gedf2.o)
                              out_coremark_unified.o (__gtdf2)
/usr/lib/gcc/riscv-none-elf/14.1.0/rv32imf_zicsr/ilp32f/libgcc.a(ledf2.o)
                              out_coremark_unified.o (__ltdf2)
/usr/lib/gcc/riscv-none-elf/14.1.0/rv32imf_zicsr/ilp32f/libgcc.a(fixunsdfsi.o)
                              out_coremark_unified.o (__fixunsdfsi)
/usr/lib/gcc/riscv-none-elf/14.1.0/rv32imf_zicsr/ilp32f/libgcc.a(floatunsidf.o)
                              out_coremark_unified.o (__floatunsidf)
/usr/lib/gcc/riscv-none-elf/14.1.0/rv32imf_zicsr/ilp32f/libgcc.a(extendsfdf2.o)
                              out_coremark_unified.o (__extendsfdf2)
/usr/lib/gcc/riscv-none-elf/14.1.0/rv32imf_zicsr/ilp32f/libgcc.a(_clzsi2.o)
                              /usr/lib/gcc/riscv-none-elf/14.1.0/rv32imf_zicsr/ilp32f/libgcc.a(divdf3.o) (__clzsi2)
/usr/lib/gcc/riscv-none-elf/14.1.0/rv32imf_zicsr/ilp32f/libgcc.a(_clz.o)
                              /usr/lib/gcc/riscv-none-elf/14.1.0/rv32imf_zicsr/ilp32f/libgcc.a(_clzsi2.o) (__clz_tab)
/usr/lib/gcc/riscv-none-elf/14.1.0/../../../../riscv-none-elf/lib/rv32imf_zicsr/ilp32f/libc.a(libc_a-vfprintf.o)
                              out_coremark_unified.o (vfprintf)
/usr/lib/gcc/riscv-none-elf/14.1.0/../../../../riscv-none-elf/lib/rv32imf_zicsr/ilp32f/libc.a(libc_a-setvbuf.o)
                              out_coremark_unified.o (setvbuf)
/usr/lib/gcc/riscv-none-elf/14.1.0/../../../../riscv-none-elf/lib/rv32imf_zicsr/ilp32f/libc.a(libc_a-freer.o)
                              /usr/lib/gcc/riscv-none-elf/14.1.0/../../../../riscv-none-elf/lib/rv32imf_zicsr/ilp32f/libc.a(libc_a-vfprintf.o) (_free_r)
/usr/lib/gcc/riscv-none-elf/14.1.0/../../../../riscv-none-elf/lib/rv32imf_zicsr/ilp32f/libc.a(libc_a-lock.o)
                              /usr/lib/gcc/riscv-none-elf/14.1.0/../../../../riscv-none-elf/lib/rv32imf_zicsr/ilp32f/libc.a(libc_a-vfprintf.o) (__retarget_lock_init_recursive)
/usr/lib/gcc/riscv-none-elf/14.1.0/../../../../riscv-none-elf/lib/rv32imf_zicsr/ilp32f/libc.a(libc_a-localeconv.o)
                              /usr/lib/gcc/riscv-none-elf/14.1.0/../../../../riscv-none-elf/lib/rv32imf_zicsr/ilp32f/libc.a(libc_a-vfprintf.o) (_localeconv_r)
/usr/lib/gcc/riscv-none-elf/14.1.0/../../../../riscv-none-elf/lib/rv32imf_zicsr/ilp32f/libc.a(libc_a-strncpy.o)
                              /usr/lib/gcc/riscv-none-elf/14.1.0/../../../../riscv-none-elf/lib/rv32imf_zicsr/ilp32f/libc.a(libc_a-vfprintf.o) (strncpy)
/usr/lib/gcc/riscv-none-elf/14.1.0/../../../../riscv-none-elf/lib/rv32imf_zicsr/ilp32f/libc.a(libc_a-impure.o)
                              out_coremark_unified.o (_impure_ptr)
/usr/lib/gcc/riscv-none-elf/14.1.0/../../../../riscv-none-elf/lib/rv32imf_zicsr/ilp32f/libc.a(libc_a-sprint_r.o)
                              /usr/lib/gcc/riscv-none-elf/14.1.0/../../../../riscv-none-elf/lib/rv32imf_zicsr/ilp32f/libc.a(libc_a-vfprintf.o) (__sprint_r)
/usr/lib/gcc/riscv-none-elf/14.1.0/../../../../riscv-none-elf/lib/rv32imf_zicsr/ilp32f/libc.a(libc_a-memset.o)
                              out_coremark_unified.o (memset)
/usr/lib/gcc/riscv-none-elf/14.1.0/../../../../riscv-none-elf/lib/rv32imf_zicsr/ilp32f/libc.a(libc_a-strlen.o)
                              /usr/lib/gcc/riscv-none-elf/14.1.0/../../../../riscv-none-elf/lib/rv32imf_zicsr/ilp32f/libc.a(libc_a-vfprintf.o) (strlen)
/usr/lib/gcc/riscv-none-elf/14.1.0/../../../../riscv-none-elf/lib/rv32imf_zicsr/ilp32f/libc.a(libc_a-makebuf.o)
                              /usr/lib/gcc/riscv-none-elf/14.1.0/../../../../riscv-none-elf/lib/rv32imf_zicsr/ilp32f/libc.a(libc_a-setvbuf.o) (__swhatbuf_r)
/usr/lib/gcc/riscv-none-elf/14.1.0/../../../../riscv-none-elf/lib/rv32imf_zicsr/ilp32f/libc.a(libc_a-wsetup.o)
                              /usr/lib/gcc/riscv-none-elf/14.1.0/../../../../riscv-none-elf/lib/rv32imf_zicsr/ilp32f/libc.a(libc_a-vfprintf.o) (__swsetup_r)
/usr/lib/gcc/riscv-none-elf/14.1.0/../../../../riscv-none-elf/lib/rv32imf_zicsr/ilp32f/libc.a(libc_a-malloc.o)
                              /usr/lib/gcc/riscv-none-elf/14.1.0/../../../../riscv-none-elf/lib/rv32imf_zicsr/ilp32f/libc.a(libc_a-setvbuf.o) (malloc)
/usr/lib/gcc/riscv-none-elf/14.1.0/../../../../riscv-none-elf/lib/rv32imf_zicsr/ilp32f/libc.a(libc_a-mallocr.o)
                              /usr/lib/gcc/riscv-none-elf/14.1.0/../../../../riscv-none-elf/lib/rv32imf_zicsr/ilp32f/libc.a(libc_a-vfprintf.o) (_malloc_r)
/usr/lib/gcc/riscv-none-elf/14.1.0/../../../../riscv-none-elf/lib/rv32imf_zicsr/ilp32f/libc.a(libc_a-isattyr.o)
                              /usr/lib/gcc/riscv-none-elf/14.1.0/../../../../riscv-none-elf/lib/rv32imf_zicsr/ilp32f/libc.a(libc_a-makebuf.o) (_isatty_r)
[...]
Memory Configuration

Name             Origin             Length             Attributes
text_region      0x00001000         0x04000000         xr
data_region      0x04001000         0x04000000         rw
*default*        0x00000000         0xffffffff

Linker script and memory map

LOAD /workspace/local_crt0.o
LOAD out_coremark_unified.o
LOAD /usr/lib/gcc/riscv-none-elf/14.1.0/../../../../riscv-none-elf/lib/rv32imf_zicsr/ilp32f/libm.a
LOAD /usr/lib/gcc/riscv-none-elf/14.1.0/rv32imf_zicsr/ilp32f/libgcc.a
START GROUP
LOAD /usr/lib/gcc/riscv-none-elf/14.1.0/../../../../riscv-none-elf/lib/rv32imf_zicsr/ilp32f/libc.a
LOAD /usr/lib/gcc/riscv-none-elf/14.1.0/../../../../riscv-none-elf/lib/rv32imf_zicsr/ilp32f/libgloss.a
END GROUP
LOAD /usr/lib/gcc/riscv-none-elf/14.1.0/rv32imf_zicsr/ilp32f/libgcc.a
                0x00001000                        . = 0x1000

.text           0x00001000    0x11e98
 *(.text.init)
 .text.init     0x00001000       0x74 /workspace/local_crt0.o
                0x00001000                _start
 *(.text .text.*)
 .text          0x00001074        0x0 /workspace/local_crt0.o
 .text          0x00001074     0x2e74 out_coremark_unified.o
                0x00001074                calc_func
                0x00001188                cmp_complex
                0x0000135c                cmp_idx
                0x000013b0                copy_info
                0x000013c4                core_bench_list
                0x00001ac4                core_list_init
                0x00001dcc                core_list_insert_new
                0x00001e2c                core_list_remove
                0x00001e54                core_list_undo_remove
                0x00001e74                core_list_find
                0x00001ec8                core_list_reverse
                0x00001eec                core_list_mergesort
                0x000020ac                core_init_state
                0x000021ec                core_state_transition
                0x000024d4                core_bench_state
                0x00002700                iterate
                0x000027b4                get_seed_32
                0x00002808                crcu8
                0x00002910                crcu16
                0x00002b1c                crcu32
                0x00002f30                crc16
                0x00003140                check_data_types
                0x00003148                core_init_matrix
                0x0000329c                matrix_sum
                0x00003328                matrix_mul_const
                0x000033c0                matrix_add_const
                0x00003414                matrix_mul_vect
                0x0000346c                matrix_mul_matrix
                0x00003500                matrix_mul_matrix_bitextract
                0x000035f8                matrix_test
                0x00003bb0                core_bench_matrix
                0x00003bf0                _fstat
                0x00003c00                _isatty
                0x00003c08                _close
                0x00003c10                _lseek
                0x00003c18                _read
                0x00003c20                _write
                0x00003cc8                ee_printf
                0x00003d14                _exit
                0x00003d50                abort
                0x00003d6c                barebones_clock
                0x00003d74                get_my_time
                0x00003d7c                my_time_diff
                0x00003d84                start_time
                0x00003d90                stop_time
                0x00003d9c                get_time
                0x00003dac                time_in_secs
                0x00003dd4                get_aligned_size
                0x00003df0                portable_malloc
                0x00003e34                portable_free
                0x00003e38                reset_portable_malloc
                0x00003e40                _sbrk
                0x00003e90                portable_init
                0x00003ed4                portable_fini
 .text.startup  0x00003ee8      0x9b8 out_coremark_unified.o
                0x00003ee8                main
 .text          0x000048a0        0x0 /usr/lib/gcc/riscv-none-elf/14.1.0/rv32imf_zicsr/ilp32f/libgcc.a(divdf3.o)
 .text.__divdf3
                0x000048a0      0x88c /usr/lib/gcc/riscv-none-elf/14.1.0/rv32imf_zicsr/ilp32f/libgcc.a(divdf3.o)
                0x000048a0                __divdf3
 .text          0x0000512c        0x0 /usr/lib/gcc/riscv-none-elf/14.1.0/rv32imf_zicsr/ilp32f/libgcc.a(gedf2.o)
 .text.__gedf2  0x0000512c       0xd8 /usr/lib/gcc/riscv-none-elf/14.1.0/rv32imf_zicsr/ilp32f/libgcc.a(gedf2.o)
                0x0000512c                __gtdf2
                0x0000512c                __gedf2
 .text          0x00005204        0x0 /usr/lib/gcc/riscv-none-elf/14.1.0/rv32imf_zicsr/ilp32f/libgcc.a(ledf2.o)
 .text.__ledf2  0x00005204       0xd8 /usr/lib/gcc/riscv-none-elf/14.1.0/rv32imf_zicsr/ilp32f/libgcc.a(ledf2.o)
                0x00005204                __ltdf2
                0x00005204                __ledf2
 .text          0x000052dc        0x0 /usr/lib/gcc/riscv-none-elf/14.1.0/rv32imf_zicsr/ilp32f/libgcc.a(fixunsdfsi.o)
 .text.__fixunsdfsi
                0x000052dc       0xc8 /usr/lib/gcc/riscv-none-elf/14.1.0/rv32imf_zicsr/ilp32f/libgcc.a(fixunsdfsi.o)
                0x000052dc                __fixunsdfsi
 .text          0x000053a4        0x0 /usr/lib/gcc/riscv-none-elf/14.1.0/rv32imf_zicsr/ilp32f/libgcc.a(floatunsidf.o)
 .text.__floatunsidf
                0x000053a4       0x90 /usr/lib/gcc/riscv-none-elf/14.1.0/rv32imf_zicsr/ilp32f/libgcc.a(floatunsidf.o)
                0x000053a4                __floatunsidf
 .text          0x00005434        0x0 /usr/lib/gcc/riscv-none-elf/14.1.0/rv32imf_zicsr/ilp32f/libgcc.a(extendsfdf2.o)
 .text.__extendsfdf2
                0x00005434      0x124 /usr/lib/gcc/riscv-none-elf/14.1.0/rv32imf_zicsr/ilp32f/libgcc.a(extendsfdf2.o)
                0x00005434                __extendsfdf2
 .text          0x00005558        0x0 /usr/lib/gcc/riscv-none-elf/14.1.0/rv32imf_zicsr/ilp32f/libgcc.a(_clzsi2.o)
 .text.__clzsi2
                0x00005558       0x4c /usr/lib/gcc/riscv-none-elf/14.1.0/rv32imf_zicsr/ilp32f/libgcc.a(_clzsi2.o)
                0x00005558                __clzsi2
 .text          0x000055a4        0x0 /usr/lib/gcc/riscv-none-elf/14.1.0/rv32imf_zicsr/ilp32f/libgcc.a(_clz.o)
 .text          0x000055a4        0x0 /usr/lib/gcc/riscv-none-elf/14.1.0/../../../../riscv-none-elf/lib/rv32imf_zicsr/ilp32f/libc.a(libc_a-vfprintf.o)
 .text._vfprintf_r
                0x000055a4     0x332c /usr/lib/gcc/riscv-none-elf/14.1.0/../../../../riscv-none-elf/lib/rv32imf_zicsr/ilp32f/libc.a(libc_a-vfprintf.o)
                0x000055a4                _vfprintf_r
 .text.vfprintf
                0x000088d0       0x20 /usr/lib/gcc/riscv-none-elf/14.1.0/../../../../riscv-none-elf/lib/rv32imf_zicsr/ilp32f/libc.a(libc_a-vfprintf.o)
                0x000088d0                vfprintf
 .text.__sbprintf
                0x000088f0       0xec /usr/lib/gcc/riscv-none-elf/14.1.0/../../../../riscv-none-elf/lib/rv32imf_zicsr/ilp32f/libc.a(libc_a-vfprintf.o)
 .text          0x000089dc        0x0 /usr/lib/gcc/riscv-none-elf/14.1.0/../../../../riscv-none-elf/lib/rv32imf_zicsr/ilp32f/libc.a(libc_a-setvbuf.o)
 .text.setvbuf  0x000089dc      0x2c4 /usr/lib/gcc/riscv-none-elf/14.1.0/../../../../riscv-none-elf/lib/rv32imf_zicsr/ilp32f/libc.a(libc_a-setvbuf.o)
                0x000089dc                setvbuf
 .text          0x00008ca0        0x0 /usr/lib/gcc/riscv-none-elf/14.1.0/../../../../riscv-none-elf/lib/rv32imf_zicsr/ilp32f/libc.a(libc_a-freer.o)
 .text._malloc_trim_r
                0x00008ca0      0x140 /usr/lib/gcc/riscv-none-elf/14.1.0/../../../../riscv-none-elf/lib/rv32imf_zicsr/ilp32f/libc.a(libc_a-freer.o)
                0x00008ca0                _malloc_trim_r
 .text._free_r  0x00008de0      0x2f0 /usr/lib/gcc/riscv-none-elf/14.1.0/../../../../riscv-none-elf/lib/rv32imf_zicsr/ilp32f/libc.a(libc_a-freer.o)
                0x00008de0                _free_r
 .text          0x000090d0        0x0 /usr/lib/gcc/riscv-none-elf/14.1.0/../../../../riscv-none-elf/lib/rv32imf_zicsr/ilp32f/libc.a(libc_a-lock.o)
 .text.__retarget_lock_init
                0x000090d0        0x4 /usr/lib/gcc/riscv-none-elf/14.1.0/../../../../riscv-none-elf/lib/rv32imf_zicsr/ilp32f/libc.a(libc_a-lock.o)
                0x000090d0                __retarget_lock_init
 .text.__retarget_lock_init_recursive
                0x000090d4        0x4 /usr/lib/gcc/riscv-none-elf/14.1.0/../../../../riscv-none-elf/lib/rv32imf_zicsr/ilp32f/libc.a(libc_a-lock.o)
                0x000090d4                __retarget_lock_init_recursive
 .text.__retarget_lock_close
                0x000090d8        0x4 /usr/lib/gcc/riscv-none-elf/14.1.0/../../../../riscv-none-elf/lib/rv32imf_zicsr/ilp32f/libc.a(libc_a-lock.o)
                0x000090d8                __retarget_lock_close
 .text.__retarget_lock_close_recursive
                0x000090dc        0x4 /usr/lib/gcc/riscv-none-elf/14.1.0/../../../../riscv-none-elf/lib/rv32imf_zicsr/ilp32f/libc.a(libc_a-lock.o)
                0x000090dc                __retarget_lock_close_recursive
 .text.__retarget_lock_acquire
                0x000090e0        0x4 /usr/lib/gcc/riscv-none-elf/14.1.0/../../../../riscv-none-elf/lib/rv32imf_zicsr/ilp32f/libc.a(libc_a-lock.o)
                0x000090e0                __retarget_lock_acquire
 .text.__retarget_lock_acquire_recursive
                0x000090e4        0x4 /usr/lib/gcc/riscv-none-elf/14.1.0/../../../../riscv-none-elf/lib/rv32imf_zicsr/ilp32f/libc.a(libc_a-lock.o)
                0x000090e4                __retarget_lock_acquire_recursive
 .text.__retarget_lock_try_acquire
                0x000090e8        0x8 /usr/lib/gcc/riscv-none-elf/14.1.0/../../../../riscv-none-elf/lib/rv32imf_zicsr/ilp32f/libc.a(libc_a-lock.o)
                0x000090e8                __retarget_lock_try_acquire
 .text.__retarget_lock_try_acquire_recursive
                0x000090f0        0x8 /usr/lib/gcc/riscv-none-elf/14.1.0/../../../../riscv-none-elf/lib/rv32imf_zicsr/ilp32f/libc.a(libc_a-lock.o)
                0x000090f0                __retarget_lock_try_acquire_recursive
 .text.__retarget_lock_release
                0x000090f8        0x4 /usr/lib/gcc/riscv-none-elf/14.1.0/../../../../riscv-none-elf/lib/rv32imf_zicsr/ilp32f/libc.a(libc_a-lock.o)
                0x000090f8                __retarget_lock_release
 .text.__retarget_lock_release_recursive
                0x000090fc        0x4 /usr/lib/gcc/riscv-none-elf/14.1.0/../../../../riscv-none-elf/lib/rv32imf_zicsr/ilp32f/libc.a(libc_a-lock.o)
                0x000090fc                __retarget_lock_release_recursive
 .text          0x00009100        0x0 /usr/lib/gcc/riscv-none-elf/14.1.0/../../../../riscv-none-elf/lib/rv32imf_zicsr/ilp32f/libc.a(libc_a-localeconv.o)
 .text.__localeconv_l
                0x00009100        0x8 /usr/lib/gcc/riscv-none-elf/14.1.0/../../../../riscv-none-elf/lib/rv32imf_zicsr/ilp32f/libc.a(libc_a-localeconv.o)
                0x00009100                __localeconv_l
 .text._localeconv_r
                0x00009108        0xc /usr/lib/gcc/riscv-none-elf/14.1.0/../../../../riscv-none-elf/lib/rv32imf_zicsr/ilp32f/libc.a(libc_a-localeconv.o)
                0x00009108                _localeconv_r
 .text.localeconv
                0x00009114        0xc /usr/lib/gcc/riscv-none-elf/14.1.0/../../../../riscv-none-elf/lib/rv32imf_zicsr/ilp32f/libc.a(libc_a-localeconv.o)
                0x00009114                localeconv
 .text          0x00009120        0x0 /usr/lib/gcc/riscv-none-elf/14.1.0/../../../../riscv-none-elf/lib/rv32imf_zicsr/ilp32f/libc.a(libc_a-strncpy.o)
 .text.strncpy  0x00009120       0xa4 /usr/lib/gcc/riscv-none-elf/14.1.0/../../../../riscv-none-elf/lib/rv32imf_zicsr/ilp32f/libc.a(libc_a-strncpy.o)
                0x00009120                strncpy
 .text          0x000091c4        0x0 /usr/lib/gcc/riscv-none-elf/14.1.0/../../../../riscv-none-elf/lib/rv32imf_zicsr/ilp32f/libc.a(libc_a-impure.o)
 .text          0x000091c4        0x0 /usr/lib/gcc/riscv-none-elf/14.1.0/../../../../riscv-none-elf/lib/rv32imf_zicsr/ilp32f/libc.a(libc_a-sprint_r.o)
 .text.__sprint_r
                0x000091c4       0x4c /usr/lib/gcc/riscv-none-elf/14.1.0/../../../../riscv-none-elf/lib/rv32imf_zicsr/ilp32f/libc.a(libc_a-sprint_r.o)
                0x000091c4                __sprint_r
 .text          0x00009210       0xdc /usr/lib/gcc/riscv-none-elf/14.1.0/../../../../riscv-none-elf/lib/rv32imf_zicsr/ilp32f/libc.a(libc_a-memset.o)
                0x00009210                memset
 .text          0x000092ec        0x0 /usr/lib/gcc/riscv-none-elf/14.1.0/../../../../riscv-none-elf/lib/rv32imf_zicsr/ilp32f/libc.a(libc_a-strlen.o)
 .text.strlen   0x000092ec       0x8c /usr/lib/gcc/riscv-none-elf/14.1.0/../../../../riscv-none-elf/lib/rv32imf_zicsr/ilp32f/libc.a(libc_a-strlen.o)
                0x000092ec                strlen
 .text          0x00009378        0x0 /usr/lib/gcc/riscv-none-elf/14.1.0/../../../../riscv-none-elf/lib/rv32imf_zicsr/ilp32f/libc.a(libc_a-makebuf.o)
 .text.__smakebuf_r
                0x00009378      0x174 /usr/lib/gcc/riscv-none-elf/14.1.0/../../../../riscv-none-elf/lib/rv32imf_zicsr/ilp32f/libc.a(libc_a-makebuf.o)
                0x00009378                __smakebuf_r
 .text.__swhatbuf_r
                0x000094ec       0xd8 /usr/lib/gcc/riscv-none-elf/14.1.0/../../../../riscv-none-elf/lib/rv32imf_zicsr/ilp32f/libc.a(libc_a-makebuf.o)
                0x000094ec                __swhatbuf_r
 .text          0x000095c4        0x0 /usr/lib/gcc/riscv-none-elf/14.1.0/../../../../riscv-none-elf/lib/rv32imf_zicsr/ilp32f/libc.a(libc_a-wsetup.o)
 .text.__swsetup_r
                0x000095c4      0x1a8 /usr/lib/gcc/riscv-none-elf/14.1.0/../../../../riscv-none-elf/lib/rv32imf_zicsr/ilp32f/libc.a(libc_a-wsetup.o)
                0x000095c4                __swsetup_r
 .text          0x0000976c        0x0 /usr/lib/gcc/riscv-none-elf/14.1.0/../../../../riscv-none-elf/lib/rv32imf_zicsr/ilp32f/libc.a(libc_a-malloc.o)
 .text.malloc   0x0000976c       0x10 /usr/lib/gcc/riscv-none-elf/14.1.0/../../../../riscv-none-elf/lib/rv32imf_zicsr/ilp32f/libc.a(libc_a-malloc.o)
                0x0000976c                malloc
 .text.free     0x0000977c       0x10 /usr/lib/gcc/riscv-none-elf/14.1.0/../../../../riscv-none-elf/lib/rv32imf_zicsr/ilp32f/libc.a(libc_a-malloc.o)
                0x0000977c                free
 .text          0x0000978c        0x0 /usr/lib/gcc/riscv-none-elf/14.1.0/../../../../riscv-none-elf/lib/rv32imf_zicsr/ilp32f/libc.a(libc_a-mallocr.o)
 .text._malloc_r
                0x0000978c      0x810 /usr/lib/gcc/riscv-none-elf/14.1.0/../../../../riscv-none-elf/lib/rv32imf_zicsr/ilp32f/libc.a(libc_a-mallocr.o)
                0x0000978c                _malloc_r
 .text          0x00009f9c        0x0 /usr/lib/gcc/riscv-none-elf/14.1.0/../../../../riscv-none-elf/lib/rv32imf_zicsr/ilp32f/libc.a(libc_a-isattyr.o)
 .text._isatty_r
                0x00009f9c       0x5c /usr/lib/gcc/riscv-none-elf/14.1.0/../../../../riscv-none-elf/lib/rv32imf_zicsr/ilp32f/libc.a(libc_a-isattyr.o)
                0x00009f9c                _isatty_r
 .text          0x00009ff8        0x0 /usr/lib/gcc/riscv-none-elf/14.1.0/../../../../riscv-none-elf/lib/rv32imf_zicsr/ilp32f/libc.a(libc_a-fflush.o)
 .text.__sflush_r
                0x00009ff8      0x258 /usr/lib/gcc/riscv-none-elf/14.1.0/../../../../riscv-none-elf/lib/rv32imf_zicsr/ilp32f/libc.a(libc_a-fflush.o)
                0x00009ff8                __sflush_r
 .text._fflush_r
                0x0000a250       0xe0 /usr/lib/gcc/riscv-none-elf/14.1.0/../../../../riscv-none-elf/lib/rv32imf_zicsr/ilp32f/libc.a(libc_a-fflush.o)
                0x0000a250                _fflush_r
 .text.fflush   0x0000a330       0xd4 /usr/lib/gcc/riscv-none-elf/14.1.0/../../../../riscv-none-elf/lib/rv32imf_zicsr/ilp32f/libc.a(libc_a-fflush.o)
                0x0000a330                fflush
 .text          0x0000a404        0x0 /usr/lib/gcc/riscv-none-elf/14.1.0/../../../../riscv-none-elf/lib/rv32imf_zicsr/ilp32f/libc.a(libc_a-findfp.o)
 .text.stdio_exit_handler
                0x0000a404       0x1c /usr/lib/gcc/riscv-none-elf/14.1.0/../../../../riscv-none-elf/lib/rv32imf_zicsr/ilp32f/libc.a(libc_a-findfp.o)
 .text.cleanup_stdio
                0x0000a420       0x70 /usr/lib/gcc/riscv-none-elf/14.1.0/../../../../riscv-none-elf/lib/rv32imf_zicsr/ilp32f/libc.a(libc_a-findfp.o)
 .text.__fp_lock
                0x0000a490       0x40 /usr/lib/gcc/riscv-none-elf/14.1.0/../../../../riscv-none-elf/lib/rv32imf_zicsr/ilp32f/libc.a(libc_a-findfp.o)
 .text.__fp_unlock
                0x0000a4d0       0x40 /usr/lib/gcc/riscv-none-elf/14.1.0/../../../../riscv-none-elf/lib/rv32imf_zicsr/ilp32f/libc.a(libc_a-findfp.o)
 .text.global_stdio_init.part.0
                0x0000a510      0x18c /usr/lib/gcc/riscv-none-elf/14.1.0/../../../../riscv-none-elf/lib/rv32imf_zicsr/ilp32f/libc.a(libc_a-findfp.o)
 .text.__sfp    0x0000a69c      0x150 /usr/lib/gcc/riscv-none-elf/14.1.0/../../../../riscv-none-elf/lib/rv32imf_zicsr/ilp32f/libc.a(libc_a-findfp.o)
                0x0000a69c                __sfp
 .text.__sinit  0x0000a7ec       0x6c /usr/lib/gcc/riscv-none-elf/14.1.0/../../../../riscv-none-elf/lib/rv32imf_zicsr/ilp32f/libc.a(libc_a-findfp.o)
                0x0000a7ec                __sinit
 .text.__sfp_lock_acquire
                0x0000a858        0x8 /usr/lib/gcc/riscv-none-elf/14.1.0/../../../../riscv-none-elf/lib/rv32imf_zicsr/ilp32f/libc.a(libc_a-findfp.o)
                0x0000a858                __sfp_lock_acquire
 .text.__sfp_lock_release
                0x0000a860        0x8 /usr/lib/gcc/riscv-none-elf/14.1.0/../../../../riscv-none-elf/lib/rv32imf_zicsr/ilp32f/libc.a(libc_a-findfp.o)
                0x0000a860                __sfp_lock_release
 .text.__fp_lock_all
                0x0000a868       0x30 /usr/lib/gcc/riscv-none-elf/14.1.0/../../../../riscv-none-elf/lib/rv32imf_zicsr/ilp32f/libc.a(libc_a-findfp.o)
                0x0000a868                __fp_lock_all
 .text.__fp_unlock_all
                0x0000a898       0x30 /usr/lib/gcc/riscv-none-elf/14.1.0/../../../../riscv-none-elf/lib/rv32imf_zicsr/ilp32f/libc.a(libc_a-findfp.o)
                0x0000a898                __fp_unlock_all
 .text          0x0000a8c8        0x0 /usr/lib/gcc/riscv-none-elf/14.1.0/../../../../riscv-none-elf/lib/rv32imf_zicsr/ilp32f/libc.a(libc_a-mlock.o)
 .text.__malloc_lock
                0x0000a8c8        0x8 /usr/lib/gcc/riscv-none-elf/14.1.0/../../../../riscv-none-elf/lib/rv32imf_zicsr/ilp32f/libc.a(libc_a-mlock.o)
                0x0000a8c8                __malloc_lock
 .text.__malloc_unlock
                0x0000a8d0        0x8 /usr/lib/gcc/riscv-none-elf/14.1.0/../../../../riscv-none-elf/lib/rv32imf_zicsr/ilp32f/libc.a(libc_a-mlock.o)
                0x0000a8d0                __malloc_unlock
 .text          0x0000a8d8        0x0 /usr/lib/gcc/riscv-none-elf/14.1.0/../../../../riscv-none-elf/lib/rv32imf_zicsr/ilp32f/libc.a(libm_a-s_frexp.o)
 .text.frexp    0x0000a8d8       0xc0 /usr/lib/gcc/riscv-none-elf/14.1.0/../../../../riscv-none-elf/lib/rv32imf_zicsr/ilp32f/libc.a(libm_a-s_frexp.o)
                0x0000a8d8                frexp
 .text          0x0000a998        0x0 /usr/lib/gcc/riscv-none-elf/14.1.0/../../../../riscv-none-elf/lib/rv32imf_zicsr/ilp32f/libc.a(libc_a-memchr.o)
 .text.memchr   0x0000a998       0xcc /usr/lib/gcc/riscv-none-elf/14.1.0/../../../../riscv-none-elf/lib/rv32imf_zicsr/ilp32f/libc.a(libc_a-memchr.o)
                0x0000a998                memchr
 .text          0x0000aa64        0x0 /usr/lib/gcc/riscv-none-elf/14.1.0/../../../../riscv-none-elf/lib/rv32imf_zicsr/ilp32f/libc.a(libc_a-dtoa.o)
 .text.quorem   0x0000aa64      0x1f8 /usr/lib/gcc/riscv-none-elf/14.1.0/../../../../riscv-none-elf/lib/rv32imf_zicsr/ilp32f/libc.a(libc_a-dtoa.o)
 .text._dtoa_r  0x0000ac5c     0x1a2c /usr/lib/gcc/riscv-none-elf/14.1.0/../../../../riscv-none-elf/lib/rv32imf_zicsr/ilp32f/libc.a(libc_a-dtoa.o)
                0x0000ac5c                _dtoa_r
 .text          0x0000c688        0x0 /usr/lib/gcc/riscv-none-elf/14.1.0/../../../../riscv-none-elf/lib/rv32imf_zicsr/ilp32f/libc.a(libc_a-sbrkr.o)
 .text._sbrk_r  0x0000c688       0x5c /usr/lib/gcc/riscv-none-elf/14.1.0/../../../../riscv-none-elf/lib/rv32imf_zicsr/ilp32f/libc.a(libc_a-sbrkr.o)
                0x0000c688                _sbrk_r
 .text          0x0000c6e4        0x0 /usr/lib/gcc/riscv-none-elf/14.1.0/../../../../riscv-none-elf/lib/rv32imf_zicsr/ilp32f/libc.a(libc_a-fvwrite.o)
 .text.__sfvwrite_r
                0x0000c6e4      0x4e4 /usr/lib/gcc/riscv-none-elf/14.1.0/../../../../riscv-none-elf/lib/rv32imf_zicsr/ilp32f/libc.a(libc_a-fvwrite.o)
                0x0000c6e4                __sfvwrite_r
 .text          0x0000cbc8        0x0 /usr/lib/gcc/riscv-none-elf/14.1.0/../../../../riscv-none-elf/lib/rv32imf_zicsr/ilp32f/libc.a(libc_a-fwalk.o)
 .text._fwalk_sglue
                0x0000cbc8       0xb4 /usr/lib/gcc/riscv-none-elf/14.1.0/../../../../riscv-none-elf/lib/rv32imf_zicsr/ilp32f/libc.a(libc_a-fwalk.o)
                0x0000cbc8                _fwalk_sglue
 .text          0x0000cc7c        0x0 /usr/lib/gcc/riscv-none-elf/14.1.0/../../../../riscv-none-elf/lib/rv32imf_zicsr/ilp32f/libc.a(libc_a-reallocr.o)
 .text._realloc_r
                0x0000cc7c      0x5bc /usr/lib/gcc/riscv-none-elf/14.1.0/../../../../riscv-none-elf/lib/rv32imf_zicsr/ilp32f/libc.a(libc_a-reallocr.o)
                0x0000cc7c                _realloc_r
 .text          0x0000d238        0x0 /usr/lib/gcc/riscv-none-elf/14.1.0/../../../../riscv-none-elf/lib/rv32imf_zicsr/ilp32f/libc.a(libc_a-locale.o)
 .text._setlocale_r
                0x0000d238       0x80 /usr/lib/gcc/riscv-none-elf/14.1.0/../../../../riscv-none-elf/lib/rv32imf_zicsr/ilp32f/libc.a(libc_a-locale.o)
                0x0000d238                _setlocale_r
 .text.__locale_mb_cur_max
                0x0000d2b8        0xc /usr/lib/gcc/riscv-none-elf/14.1.0/../../../../riscv-none-elf/lib/rv32imf_zicsr/ilp32f/libc.a(libc_a-locale.o)
                0x0000d2b8                __locale_mb_cur_max
 .text.setlocale
                0x0000d2c4       0x80 /usr/lib/gcc/riscv-none-elf/14.1.0/../../../../riscv-none-elf/lib/rv32imf_zicsr/ilp32f/libc.a(libc_a-locale.o)
                0x0000d2c4                setlocale
 .text          0x0000d344        0x0 /usr/lib/gcc/riscv-none-elf/14.1.0/../../../../riscv-none-elf/lib/rv32imf_zicsr/ilp32f/libc.a(libc_a-ctype_.o)
 .text          0x0000d344        0x0 /usr/lib/gcc/riscv-none-elf/14.1.0/../../../../riscv-none-elf/lib/rv32imf_zicsr/ilp32f/libc.a(libc_a-stdio.o)
 .text.__sread  0x0000d344       0x5c /usr/lib/gcc/riscv-none-elf/14.1.0/../../../../riscv-none-elf/lib/rv32imf_zicsr/ilp32f/libc.a(libc_a-stdio.o)
                0x0000d344                __sread
 .text.__seofread
                0x0000d3a0        0x8 /usr/lib/gcc/riscv-none-elf/14.1.0/../../../../riscv-none-elf/lib/rv32imf_zicsr/ilp32f/libc.a(libc_a-stdio.o)
                0x0000d3a0                __seofread
 .text.__swrite
                0x0000d3a8       0x88 /usr/lib/gcc/riscv-none-elf/14.1.0/../../../../riscv-none-elf/lib/rv32imf_zicsr/ilp32f/libc.a(libc_a-stdio.o)
                0x0000d3a8                __swrite
 .text.__sseek  0x0000d430       0x64 /usr/lib/gcc/riscv-none-elf/14.1.0/../../../../riscv-none-elf/lib/rv32imf_zicsr/ilp32f/libc.a(libc_a-stdio.o)
                0x0000d430                __sseek
 .text.__sclose
                0x0000d494        0x8 /usr/lib/gcc/riscv-none-elf/14.1.0/../../../../riscv-none-elf/lib/rv32imf_zicsr/ilp32f/libc.a(libc_a-stdio.o)
                0x0000d494                __sclose
 .text          0x0000d49c        0x0 /usr/lib/gcc/riscv-none-elf/14.1.0/../../../../riscv-none-elf/lib/rv32imf_zicsr/ilp32f/libc.a(libc_a-wctomb_r.o)
 .text._wctomb_r
                0x0000d49c        0xc /usr/lib/gcc/riscv-none-elf/14.1.0/../../../../riscv-none-elf/lib/rv32imf_zicsr/ilp32f/libc.a(libc_a-wctomb_r.o)
                0x0000d49c                _wctomb_r
 .text.__ascii_wctomb
                0x0000d4a8       0x30 /usr/lib/gcc/riscv-none-elf/14.1.0/../../../../riscv-none-elf/lib/rv32imf_zicsr/ilp32f/libc.a(libc_a-wctomb_r.o)
                0x0000d4a8                __ascii_wctomb
 .text          0x0000d4d8        0x0 /usr/lib/gcc/riscv-none-elf/14.1.0/../../../../riscv-none-elf/lib/rv32imf_zicsr/ilp32f/libc.a(libc_a-closer.o)
 .text._close_r
                0x0000d4d8       0x5c /usr/lib/gcc/riscv-none-elf/14.1.0/../../../../riscv-none-elf/lib/rv32imf_zicsr/ilp32f/libc.a(libc_a-closer.o)
                0x0000d4d8                _close_r
 .text          0x0000d534        0x0 /usr/lib/gcc/riscv-none-elf/14.1.0/../../../../riscv-none-elf/lib/rv32imf_zicsr/ilp32f/libc.a(libc_a-reent.o)
 .text._reclaim_reent
                0x0000d534       0xe8 /usr/lib/gcc/riscv-none-elf/14.1.0/../../../../riscv-none-elf/lib/rv32imf_zicsr/ilp32f/libc.a(libc_a-reent.o)
                0x0000d534                _reclaim_reent
 .text          0x0000d61c        0x0 /usr/lib/gcc/riscv-none-elf/14.1.0/../../../../riscv-none-elf/lib/rv32imf_zicsr/ilp32f/libc.a(libc_a-fstatr.o)
 .text._fstat_r
                0x0000d61c       0x64 /usr/lib/gcc/riscv-none-elf/14.1.0/../../../../riscv-none-elf/lib/rv32imf_zicsr/ilp32f/libc.a(libc_a-fstatr.o)
                0x0000d61c                _fstat_r
 .text          0x0000d680        0x0 /usr/lib/gcc/riscv-none-elf/14.1.0/../../../../riscv-none-elf/lib/rv32imf_zicsr/ilp32f/libc.a(libc_a-memmove-stub.o)
 .text.memmove  0x0000d680      0x128 /usr/lib/gcc/riscv-none-elf/14.1.0/../../../../riscv-none-elf/lib/rv32imf_zicsr/ilp32f/libc.a(libc_a-memmove-stub.o)
                0x0000d680                memmove
 .text          0x0000d7a8        0x0 /usr/lib/gcc/riscv-none-elf/14.1.0/../../../../riscv-none-elf/lib/rv32imf_zicsr/ilp32f/libc.a(libc_a-memcpy.o)
 .text.memcpy   0x0000d7a8      0x128 /usr/lib/gcc/riscv-none-elf/14.1.0/../../../../riscv-none-elf/lib/rv32imf_zicsr/ilp32f/libc.a(libc_a-memcpy.o)
                0x0000d7a8                memcpy
 .text          0x0000d8d0        0x0 /usr/lib/gcc/riscv-none-elf/14.1.0/../../../../riscv-none-elf/lib/rv32imf_zicsr/ilp32f/libc.a(libc_a-fclose.o)
 .text._fclose_r
                0x0000d8d0      0x16c /usr/lib/gcc/riscv-none-elf/14.1.0/../../../../riscv-none-elf/lib/rv32imf_zicsr/ilp32f/libc.a(libc_a-fclose.o)
                0x0000d8d0                _fclose_r
 .text.fclose   0x0000da3c       0x10 /usr/lib/gcc/riscv-none-elf/14.1.0/../../../../riscv-none-elf/lib/rv32imf_zicsr/ilp32f/libc.a(libc_a-fclose.o)
                0x0000da3c                fclose
 .text          0x0000da4c      0x17c /usr/lib/gcc/riscv-none-elf/14.1.0/../../../../riscv-none-elf/lib/rv32imf_zicsr/ilp32f/libc.a(libc_a-strcmp.o)
                0x0000da4c                strcmp
 .text          0x0000dbc8        0x0 /usr/lib/gcc/riscv-none-elf/14.1.0/../../../../riscv-none-elf/lib/rv32imf_zicsr/ilp32f/libc.a(libc_a-assert.o)
 .text.__assert_func
                0x0000dbc8       0x50 /usr/lib/gcc/riscv-none-elf/14.1.0/../../../../riscv-none-elf/lib/rv32imf_zicsr/ilp32f/libc.a(libc_a-assert.o)
                0x0000dbc8                __assert_func
 .text.__assert
                0x0000dc18       0x14 /usr/lib/gcc/riscv-none-elf/14.1.0/../../../../riscv-none-elf/lib/rv32imf_zicsr/ilp32f/libc.a(libc_a-assert.o)
                0x0000dc18                __assert
 .text          0x0000dc2c        0x0 /usr/lib/gcc/riscv-none-elf/14.1.0/../../../../riscv-none-elf/lib/rv32imf_zicsr/ilp32f/libc.a(libc_a-mbtowc_r.o)
 .text._mbtowc_r
                0x0000dc2c        0xc /usr/lib/gcc/riscv-none-elf/14.1.0/../../../../riscv-none-elf/lib/rv32imf_zicsr/ilp32f/libc.a(libc_a-mbtowc_r.o)
                0x0000dc2c                _mbtowc_r
 .text.__ascii_mbtowc
                0x0000dc38       0x68 /usr/lib/gcc/riscv-none-elf/14.1.0/../../../../riscv-none-elf/lib/rv32imf_zicsr/ilp32f/libc.a(libc_a-mbtowc_r.o)
                0x0000dc38                __ascii_mbtowc
 .text          0x0000dca0        0x0 /usr/lib/gcc/riscv-none-elf/14.1.0/../../../../riscv-none-elf/lib/rv32imf_zicsr/ilp32f/libc.a(libc_a-lseekr.o)
 .text._lseek_r
                0x0000dca0       0x68 /usr/lib/gcc/riscv-none-elf/14.1.0/../../../../riscv-none-elf/lib/rv32imf_zicsr/ilp32f/libc.a(libc_a-lseekr.o)
                0x0000dca0                _lseek_r
 .text          0x0000dd08        0x0 /usr/lib/gcc/riscv-none-elf/14.1.0/../../../../riscv-none-elf/lib/rv32imf_zicsr/ilp32f/libc.a(libc_a-readr.o)
 .text._read_r  0x0000dd08       0x68 /usr/lib/gcc/riscv-none-elf/14.1.0/../../../../riscv-none-elf/lib/rv32imf_zicsr/ilp32f/libc.a(libc_a-readr.o)
                0x0000dd08                _read_r
 .text          0x0000dd70        0x0 /usr/lib/gcc/riscv-none-elf/14.1.0/../../../../riscv-none-elf/lib/rv32imf_zicsr/ilp32f/libc.a(libc_a-fiprintf.o)
 .text._fiprintf_r
                0x0000dd70       0x38 /usr/lib/gcc/riscv-none-elf/14.1.0/../../../../riscv-none-elf/lib/rv32imf_zicsr/ilp32f/libc.a(libc_a-fiprintf.o)
                0x0000dd70                _fiprintf_r
 .text.fiprintf
                0x0000dda8       0x54 /usr/lib/gcc/riscv-none-elf/14.1.0/../../../../riscv-none-elf/lib/rv32imf_zicsr/ilp32f/libc.a(libc_a-fiprintf.o)
                0x0000dda8                fiprintf
 .text          0x0000ddfc        0x0 /usr/lib/gcc/riscv-none-elf/14.1.0/../../../../riscv-none-elf/lib/rv32imf_zicsr/ilp32f/libc.a(libc_a-mprec.o)
 .text._Balloc  0x0000ddfc       0xb0 /usr/lib/gcc/riscv-none-elf/14.1.0/../../../../riscv-none-elf/lib/rv32imf_zicsr/ilp32f/libc.a(libc_a-mprec.o)
                0x0000ddfc                _Balloc
 .text._Bfree   0x0000deac       0x24 /usr/lib/gcc/riscv-none-elf/14.1.0/../../../../riscv-none-elf/lib/rv32imf_zicsr/ilp32f/libc.a(libc_a-mprec.o)
                0x0000deac                _Bfree
 .text.__multadd
                0x0000ded0      0x144 /usr/lib/gcc/riscv-none-elf/14.1.0/../../../../riscv-none-elf/lib/rv32imf_zicsr/ilp32f/libc.a(libc_a-mprec.o)
                0x0000ded0                __multadd
 .text.__s2b    0x0000e014      0x14c /usr/lib/gcc/riscv-none-elf/14.1.0/../../../../riscv-none-elf/lib/rv32imf_zicsr/ilp32f/libc.a(libc_a-mprec.o)
                0x0000e014                __s2b
 .text.__hi0bits
                0x0000e160       0x8c /usr/lib/gcc/riscv-none-elf/14.1.0/../../../../riscv-none-elf/lib/rv32imf_zicsr/ilp32f/libc.a(libc_a-mprec.o)
                0x0000e160                __hi0bits
 .text.__lo0bits
                0x0000e1ec      0x104 /usr/lib/gcc/riscv-none-elf/14.1.0/../../../../riscv-none-elf/lib/rv32imf_zicsr/ilp32f/libc.a(libc_a-mprec.o)
                0x0000e1ec                __lo0bits
 .text.__i2b    0x0000e2f0       0xb0 /usr/lib/gcc/riscv-none-elf/14.1.0/../../../../riscv-none-elf/lib/rv32imf_zicsr/ilp32f/libc.a(libc_a-mprec.o)
                0x0000e2f0                __i2b
 .text.__multiply
                0x0000e3a0      0x244 /usr/lib/gcc/riscv-none-elf/14.1.0/../../../../riscv-none-elf/lib/rv32imf_zicsr/ilp32f/libc.a(libc_a-mprec.o)
                0x0000e3a0                __multiply
 .text.__pow5mult
                0x0000e5e4      0x168 /usr/lib/gcc/riscv-none-elf/14.1.0/../../../../riscv-none-elf/lib/rv32imf_zicsr/ilp32f/libc.a(libc_a-mprec.o)
                0x0000e5e4                __pow5mult
 .text.__lshift
                0x0000e74c      0x18c /usr/lib/gcc/riscv-none-elf/14.1.0/../../../../riscv-none-elf/lib/rv32imf_zicsr/ilp32f/libc.a(libc_a-mprec.o)
                0x0000e74c                __lshift
 .text.__mcmp   0x0000e8d8       0x58 /usr/lib/gcc/riscv-none-elf/14.1.0/../../../../riscv-none-elf/lib/rv32imf_zicsr/ilp32f/libc.a(libc_a-mprec.o)
                0x0000e8d8                __mcmp
 .text.__mdiff  0x0000e930      0x244 /usr/lib/gcc/riscv-none-elf/14.1.0/../../../../riscv-none-elf/lib/rv32imf_zicsr/ilp32f/libc.a(libc_a-mprec.o)
                0x0000e930                __mdiff
 .text.__ulp    0x0000eb74       0x68 /usr/lib/gcc/riscv-none-elf/14.1.0/../../../../riscv-none-elf/lib/rv32imf_zicsr/ilp32f/libc.a(libc_a-mprec.o)
                0x0000eb74                __ulp
 .text.__b2d    0x0000ebdc      0x12c /usr/lib/gcc/riscv-none-elf/14.1.0/../../../../riscv-none-elf/lib/rv32imf_zicsr/ilp32f/libc.a(libc_a-mprec.o)
                0x0000ebdc                __b2d
 .text.__d2b    0x0000ed08      0x150 /usr/lib/gcc/riscv-none-elf/14.1.0/../../../../riscv-none-elf/lib/rv32imf_zicsr/ilp32f/libc.a(libc_a-mprec.o)
                0x0000ed08                __d2b
 .text.__ratio  0x0000ee58       0xc4 /usr/lib/gcc/riscv-none-elf/14.1.0/../../../../riscv-none-elf/lib/rv32imf_zicsr/ilp32f/libc.a(libc_a-mprec.o)
                0x0000ee58                __ratio
 .text._mprec_log10
                0x0000ef1c       0xb4 /usr/lib/gcc/riscv-none-elf/14.1.0/../../../../riscv-none-elf/lib/rv32imf_zicsr/ilp32f/libc.a(libc_a-mprec.o)
                0x0000ef1c                _mprec_log10
 .text.__copybits
                0x0000efd0       0x68 /usr/lib/gcc/riscv-none-elf/14.1.0/../../../../riscv-none-elf/lib/rv32imf_zicsr/ilp32f/libc.a(libc_a-mprec.o)
                0x0000efd0                __copybits
 .text.__any_on
                0x0000f038       0x64 /usr/lib/gcc/riscv-none-elf/14.1.0/../../../../riscv-none-elf/lib/rv32imf_zicsr/ilp32f/libc.a(libc_a-mprec.o)
                0x0000f038                __any_on
 .text          0x0000f09c        0x0 /usr/lib/gcc/riscv-none-elf/14.1.0/../../../../riscv-none-elf/lib/rv32imf_zicsr/ilp32f/libc.a(libc_a-callocr.o)
 .text._calloc_r
                0x0000f09c       0xe8 /usr/lib/gcc/riscv-none-elf/14.1.0/../../../../riscv-none-elf/lib/rv32imf_zicsr/ilp32f/libc.a(libc_a-callocr.o)
                0x0000f09c                _calloc_r
 .text          0x0000f184        0x0 /usr/lib/gcc/riscv-none-elf/14.1.0/../../../../riscv-none-elf/lib/rv32imf_zicsr/ilp32f/libc.a(libc_a-writer.o)
 .text._write_r
                0x0000f184       0x68 /usr/lib/gcc/riscv-none-elf/14.1.0/../../../../riscv-none-elf/lib/rv32imf_zicsr/ilp32f/libc.a(libc_a-writer.o)
                0x0000f184                _write_r
 .text          0x0000f1ec        0x0 /usr/lib/gcc/riscv-none-elf/14.1.0/../../../../riscv-none-elf/lib/rv32imf_zicsr/ilp32f/libc.a(libc_a-errno.o)
 .text.__errno  0x0000f1ec        0xc /usr/lib/gcc/riscv-none-elf/14.1.0/../../../../riscv-none-elf/lib/rv32imf_zicsr/ilp32f/libc.a(libc_a-errno.o)
                0x0000f1ec                __errno
 .text          0x0000f1f8        0x0 /usr/lib/gcc/riscv-none-elf/14.1.0/../../../../riscv-none-elf/lib/rv32imf_zicsr/ilp32f/libc.a(libc_a-vfiprintf.o)
 .text._vfiprintf_r
                0x0000f1f8     0x1644 /usr/lib/gcc/riscv-none-elf/14.1.0/../../../../riscv-none-elf/lib/rv32imf_zicsr/ilp32f/libc.a(libc_a-vfiprintf.o)
                0x0000f1f8                _vfiprintf_r
 .text.vfiprintf
                0x0001083c       0x20 /usr/lib/gcc/riscv-none-elf/14.1.0/../../../../riscv-none-elf/lib/rv32imf_zicsr/ilp32f/libc.a(libc_a-vfiprintf.o)
                0x0001083c                vfiprintf
 .text.__sbprintf
                0x0001085c       0xec /usr/lib/gcc/riscv-none-elf/14.1.0/../../../../riscv-none-elf/lib/rv32imf_zicsr/ilp32f/libc.a(libc_a-vfiprintf.o)
 .text          0x00010948        0x0 /usr/lib/gcc/riscv-none-elf/14.1.0/rv32imf_zicsr/ilp32f/libgcc.a(adddf3.o)
 .text.__adddf3
                0x00010948      0xac8 /usr/lib/gcc/riscv-none-elf/14.1.0/rv32imf_zicsr/ilp32f/libgcc.a(adddf3.o)
                0x00010948                __adddf3
 .text          0x00011410        0x0 /usr/lib/gcc/riscv-none-elf/14.1.0/rv32imf_zicsr/ilp32f/libgcc.a(eqdf2.o)
 .text.__eqdf2  0x00011410       0xd8 /usr/lib/gcc/riscv-none-elf/14.1.0/rv32imf_zicsr/ilp32f/libgcc.a(eqdf2.o)
                0x00011410                __eqdf2
                0x00011410                __nedf2
 .text          0x000114e8        0x0 /usr/lib/gcc/riscv-none-elf/14.1.0/rv32imf_zicsr/ilp32f/libgcc.a(muldf3.o)
 .text.__muldf3
                0x000114e8      0x7b4 /usr/lib/gcc/riscv-none-elf/14.1.0/rv32imf_zicsr/ilp32f/libgcc.a(muldf3.o)
                0x000114e8                __muldf3
 .text          0x00011c9c        0x0 /usr/lib/gcc/riscv-none-elf/14.1.0/rv32imf_zicsr/ilp32f/libgcc.a(subdf3.o)
 .text.__subdf3
                0x00011c9c      0xacc /usr/lib/gcc/riscv-none-elf/14.1.0/rv32imf_zicsr/ilp32f/libgcc.a(subdf3.o)
                0x00011c9c                __subdf3
 .text          0x00012768        0x0 /usr/lib/gcc/riscv-none-elf/14.1.0/rv32imf_zicsr/ilp32f/libgcc.a(unorddf2.o)
 .text.__unorddf2
                0x00012768       0x98 /usr/lib/gcc/riscv-none-elf/14.1.0/rv32imf_zicsr/ilp32f/libgcc.a(unorddf2.o)
                0x00012768                __unorddf2
 .text          0x00012800        0x0 /usr/lib/gcc/riscv-none-elf/14.1.0/rv32imf_zicsr/ilp32f/libgcc.a(fixdfsi.o)
 .text.__fixdfsi
                0x00012800       0xf8 /usr/lib/gcc/riscv-none-elf/14.1.0/rv32imf_zicsr/ilp32f/libgcc.a(fixdfsi.o)
                0x00012800                __fixdfsi
 .text          0x000128f8        0x0 /usr/lib/gcc/riscv-none-elf/14.1.0/rv32imf_zicsr/ilp32f/libgcc.a(floatsidf.o)
 .text.__floatsidf
                0x000128f8       0xb4 /usr/lib/gcc/riscv-none-elf/14.1.0/rv32imf_zicsr/ilp32f/libgcc.a(floatsidf.o)
                0x000128f8                __floatsidf
 .text          0x000129ac        0x0 /usr/lib/gcc/riscv-none-elf/14.1.0/rv32imf_zicsr/ilp32f/libgcc.a(trunctfdf2.o)
 .text.__trunctfdf2
                0x000129ac      0x4ec /usr/lib/gcc/riscv-none-elf/14.1.0/rv32imf_zicsr/ilp32f/libgcc.a(trunctfdf2.o)
                0x000129ac                __trunctfdf2

.tohost         0x04001000      0x100
                0x04001000                        . = ALIGN (0x40)
 *(.tohost)
 .tohost        0x04001000       0xc8 out_coremark_unified.o
                0x04001000                tohost
                0x04001040                tohost_ready
                0x04001080                fromhost_ready
                0x040010c0                fromhost
                0x04001100                        . = ALIGN (0x40)
 *fill*         0x040010c8       0x38 

.rodata         0x00012e98      0xde4
 *(.rodata .rodata.*)
 .rodata.str1.4
                0x00012e98      0x675 out_coremark_unified.o
                                0x507 (size before relaxing)
 *fill*         0x0001350d        0x3 
 .rodata        0x00013510       0x58 out_coremark_unified.o
 .rodata.__divdf3
                0x00013568       0x3c /usr/lib/gcc/riscv-none-elf/14.1.0/rv32imf_zicsr/ilp32f/libgcc.a(divdf3.o)
 .rodata.__clz_tab
                0x000135a4      0x100 /usr/lib/gcc/riscv-none-elf/14.1.0/rv32imf_zicsr/ilp32f/libgcc.a(_clz.o)
                0x000135a4                __clz_tab
 .rodata._vfprintf_r.str1.4
                0x000136a4       0x42 /usr/lib/gcc/riscv-none-elf/14.1.0/../../../../riscv-none-elf/lib/rv32imf_zicsr/ilp32f/libc.a(libc_a-vfprintf.o)
 .rodata._vfprintf_r
                0x000136a4      0x204 /usr/lib/gcc/riscv-none-elf/14.1.0/../../../../riscv-none-elf/lib/rv32imf_zicsr/ilp32f/libc.a(libc_a-vfprintf.o)
 .rodata.zeroes.0
                0x000138a8       0x10 /usr/lib/gcc/riscv-none-elf/14.1.0/../../../../riscv-none-elf/lib/rv32imf_zicsr/ilp32f/libc.a(libc_a-vfprintf.o)
 .rodata.blanks.1
                0x000138b8       0x10 /usr/lib/gcc/riscv-none-elf/14.1.0/../../../../riscv-none-elf/lib/rv32imf_zicsr/ilp32f/libc.a(libc_a-vfprintf.o)
 .rodata._dtoa_r.str1.4
                0x000138c8       0x84 /usr/lib/gcc/riscv-none-elf/14.1.0/../../../../riscv-none-elf/lib/rv32imf_zicsr/ilp32f/libc.a(libc_a-dtoa.o)
 .rodata._setlocale_r.str1.4
                0x000138c8        0xd /usr/lib/gcc/riscv-none-elf/14.1.0/../../../../riscv-none-elf/lib/rv32imf_zicsr/ilp32f/libc.a(libc_a-locale.o)
 .rodata.str1.4
                0x000138c8        0x2 /usr/lib/gcc/riscv-none-elf/14.1.0/../../../../riscv-none-elf/lib/rv32imf_zicsr/ilp32f/libc.a(libc_a-locale.o)
 .rodata._ctype_
                0x000138c8      0x101 /usr/lib/gcc/riscv-none-elf/14.1.0/../../../../riscv-none-elf/lib/rv32imf_zicsr/ilp32f/libc.a(libc_a-ctype_.o)
                0x000138c8                _ctype_
 .rodata.__assert_func.str1.4
                0x000139c9       0x43 /usr/lib/gcc/riscv-none-elf/14.1.0/../../../../riscv-none-elf/lib/rv32imf_zicsr/ilp32f/libc.a(libc_a-assert.o)
 .rodata.__multadd.str1.4
                0x000139c9       0x71 /usr/lib/gcc/riscv-none-elf/14.1.0/../../../../riscv-none-elf/lib/rv32imf_zicsr/ilp32f/libc.a(libc_a-mprec.o)
 *fill*         0x000139c9        0x3 
 .rodata.p05.0  0x000139cc        0xc /usr/lib/gcc/riscv-none-elf/14.1.0/../../../../riscv-none-elf/lib/rv32imf_zicsr/ilp32f/libc.a(libc_a-mprec.o)
 .rodata.__mprec_tinytens
                0x000139d8       0x28 /usr/lib/gcc/riscv-none-elf/14.1.0/../../../../riscv-none-elf/lib/rv32imf_zicsr/ilp32f/libc.a(libc_a-mprec.o)
                0x000139d8                __mprec_tinytens
 .rodata.__mprec_bigtens
                0x00013a00       0x28 /usr/lib/gcc/riscv-none-elf/14.1.0/../../../../riscv-none-elf/lib/rv32imf_zicsr/ilp32f/libc.a(libc_a-mprec.o)
                0x00013a00                __mprec_bigtens
 .rodata.__mprec_tens
                0x00013a28       0xc8 /usr/lib/gcc/riscv-none-elf/14.1.0/../../../../riscv-none-elf/lib/rv32imf_zicsr/ilp32f/libc.a(libc_a-mprec.o)
                0x00013a28                __mprec_tens
 .rodata._vfiprintf_r.str1.4
                0x00013af0       0x2f /usr/lib/gcc/riscv-none-elf/14.1.0/../../../../riscv-none-elf/lib/rv32imf_zicsr/ilp32f/libc.a(libc_a-vfiprintf.o)
 .rodata._vfiprintf_r
                0x00013af0      0x16c /usr/lib/gcc/riscv-none-elf/14.1.0/../../../../riscv-none-elf/lib/rv32imf_zicsr/ilp32f/libc.a(libc_a-vfiprintf.o)
 .rodata.zeroes.0
                0x00013c5c       0x10 /usr/lib/gcc/riscv-none-elf/14.1.0/../../../../riscv-none-elf/lib/rv32imf_zicsr/ilp32f/libc.a(libc_a-vfiprintf.o)
 .rodata.blanks.1
                0x00013c6c       0x10 /usr/lib/gcc/riscv-none-elf/14.1.0/../../../../riscv-none-elf/lib/rv32imf_zicsr/ilp32f/libc.a(libc_a-vfiprintf.o)

.srodata.cst8   0x00013c80       0x68
 .srodata.cst8  0x00013c80       0x68 out_coremark_unified.o
                                 0x10 (size before relaxing)
 .srodata.cst8  0x00013ce8       0x20 /usr/lib/gcc/riscv-none-elf/14.1.0/../../../../riscv-none-elf/lib/rv32imf_zicsr/ilp32f/libc.a(libc_a-vfprintf.o)
 .srodata.cst8  0x00013ce8        0x8 /usr/lib/gcc/riscv-none-elf/14.1.0/../../../../riscv-none-elf/lib/rv32imf_zicsr/ilp32f/libc.a(libm_a-s_frexp.o)
 .srodata.cst8  0x00013ce8       0x48 /usr/lib/gcc/riscv-none-elf/14.1.0/../../../../riscv-none-elf/lib/rv32imf_zicsr/ilp32f/libc.a(libc_a-dtoa.o)
 .srodata.cst8  0x00013ce8       0x10 /usr/lib/gcc/riscv-none-elf/14.1.0/../../../../riscv-none-elf/lib/rv32imf_zicsr/ilp32f/libc.a(libc_a-mprec.o)

.srodata.cst4   0x00013ce8       0x30
 .srodata.cst4  0x00013ce8       0x30 out_coremark_unified.o

.rela.dyn       0x00013d18        0x0
 .rela.text.init
                0x00013d18        0x0 /workspace/local_crt0.o
 .rela.text     0x00013d18        0x0 /workspace/local_crt0.o

.data           0x04001100      0x6c4
 *(.data .data.*)
 .data          0x04001100        0x0 /workspace/local_crt0.o
 .data          0x04001100        0xc out_coremark_unified.o
                0x04001100                mem_name
 .data          0x0400110c        0x0 /usr/lib/gcc/riscv-none-elf/14.1.0/rv32imf_zicsr/ilp32f/libgcc.a(divdf3.o)
 .data          0x0400110c        0x0 /usr/lib/gcc/riscv-none-elf/14.1.0/rv32imf_zicsr/ilp32f/libgcc.a(gedf2.o)
 .data          0x0400110c        0x0 /usr/lib/gcc/riscv-none-elf/14.1.0/rv32imf_zicsr/ilp32f/libgcc.a(ledf2.o)
 .data          0x0400110c        0x0 /usr/lib/gcc/riscv-none-elf/14.1.0/rv32imf_zicsr/ilp32f/libgcc.a(fixunsdfsi.o)
 .data          0x0400110c        0x0 /usr/lib/gcc/riscv-none-elf/14.1.0/rv32imf_zicsr/ilp32f/libgcc.a(floatunsidf.o)
 .data          0x0400110c        0x0 /usr/lib/gcc/riscv-none-elf/14.1.0/rv32imf_zicsr/ilp32f/libgcc.a(extendsfdf2.o)
 .data          0x0400110c        0x0 /usr/lib/gcc/riscv-none-elf/14.1.0/rv32imf_zicsr/ilp32f/libgcc.a(_clzsi2.o)
 .data          0x0400110c        0x0 /usr/lib/gcc/riscv-none-elf/14.1.0/rv32imf_zicsr/ilp32f/libgcc.a(_clz.o)
 .data          0x0400110c        0x0 /usr/lib/gcc/riscv-none-elf/14.1.0/../../../../riscv-none-elf/lib/rv32imf_zicsr/ilp32f/libc.a(libc_a-vfprintf.o)
 .data          0x0400110c        0x0 /usr/lib/gcc/riscv-none-elf/14.1.0/../../../../riscv-none-elf/lib/rv32imf_zicsr/ilp32f/libc.a(libc_a-setvbuf.o)
 .data          0x0400110c        0x0 /usr/lib/gcc/riscv-none-elf/14.1.0/../../../../riscv-none-elf/lib/rv32imf_zicsr/ilp32f/libc.a(libc_a-freer.o)
 .data          0x0400110c        0x0 /usr/lib/gcc/riscv-none-elf/14.1.0/../../../../riscv-none-elf/lib/rv32imf_zicsr/ilp32f/libc.a(libc_a-lock.o)
 .data          0x0400110c        0x0 /usr/lib/gcc/riscv-none-elf/14.1.0/../../../../riscv-none-elf/lib/rv32imf_zicsr/ilp32f/libc.a(libc_a-localeconv.o)
 .data          0x0400110c        0x0 /usr/lib/gcc/riscv-none-elf/14.1.0/../../../../riscv-none-elf/lib/rv32imf_zicsr/ilp32f/libc.a(libc_a-strncpy.o)
 .data          0x0400110c        0x0 /usr/lib/gcc/riscv-none-elf/14.1.0/../../../../riscv-none-elf/lib/rv32imf_zicsr/ilp32f/libc.a(libc_a-impure.o)
 *fill*         0x0400110c        0x4 
 .data._impure_data
                0x04001110      0x120 /usr/lib/gcc/riscv-none-elf/14.1.0/../../../../riscv-none-elf/lib/rv32imf_zicsr/ilp32f/libc.a(libc_a-impure.o)
                0x04001110                _impure_data
 .data          0x04001230        0x0 /usr/lib/gcc/riscv-none-elf/14.1.0/../../../../riscv-none-elf/lib/rv32imf_zicsr/ilp32f/libc.a(libc_a-sprint_r.o)
 .data          0x04001230        0x0 /usr/lib/gcc/riscv-none-elf/14.1.0/../../../../riscv-none-elf/lib/rv32imf_zicsr/ilp32f/libc.a(libc_a-memset.o)
 .data          0x04001230        0x0 /usr/lib/gcc/riscv-none-elf/14.1.0/../../../../riscv-none-elf/lib/rv32imf_zicsr/ilp32f/libc.a(libc_a-strlen.o)
 .data          0x04001230        0x0 /usr/lib/gcc/riscv-none-elf/14.1.0/../../../../riscv-none-elf/lib/rv32imf_zicsr/ilp32f/libc.a(libc_a-makebuf.o)
 .data          0x04001230        0x0 /usr/lib/gcc/riscv-none-elf/14.1.0/../../../../riscv-none-elf/lib/rv32imf_zicsr/ilp32f/libc.a(libc_a-wsetup.o)
 .data          0x04001230        0x0 /usr/lib/gcc/riscv-none-elf/14.1.0/../../../../riscv-none-elf/lib/rv32imf_zicsr/ilp32f/libc.a(libc_a-malloc.o)
 .data          0x04001230        0x0 /usr/lib/gcc/riscv-none-elf/14.1.0/../../../../riscv-none-elf/lib/rv32imf_zicsr/ilp32f/libc.a(libc_a-mallocr.o)
 .data.__malloc_av_
                0x04001230      0x408 /usr/lib/gcc/riscv-none-elf/14.1.0/../../../../riscv-none-elf/lib/rv32imf_zicsr/ilp32f/libc.a(libc_a-mallocr.o)
                0x04001230                __malloc_av_
 .data          0x04001638        0x0 /usr/lib/gcc/riscv-none-elf/14.1.0/../../../../riscv-none-elf/lib/rv32imf_zicsr/ilp32f/libc.a(libc_a-isattyr.o)
 .data          0x04001638        0x0 /usr/lib/gcc/riscv-none-elf/14.1.0/../../../../riscv-none-elf/lib/rv32imf_zicsr/ilp32f/libc.a(libc_a-fflush.o)
 .data          0x04001638        0x0 /usr/lib/gcc/riscv-none-elf/14.1.0/../../../../riscv-none-elf/lib/rv32imf_zicsr/ilp32f/libc.a(libc_a-findfp.o)
 .data.__sglue  0x04001638        0xc /usr/lib/gcc/riscv-none-elf/14.1.0/../../../../riscv-none-elf/lib/rv32imf_zicsr/ilp32f/libc.a(libc_a-findfp.o)
                0x04001638                __sglue
 .data          0x04001644        0x0 /usr/lib/gcc/riscv-none-elf/14.1.0/../../../../riscv-none-elf/lib/rv32imf_zicsr/ilp32f/libc.a(libc_a-mlock.o)
 .data          0x04001644        0x0 /usr/lib/gcc/riscv-none-elf/14.1.0/../../../../riscv-none-elf/lib/rv32imf_zicsr/ilp32f/libc.a(libm_a-s_frexp.o)
 .data          0x04001644        0x0 /usr/lib/gcc/riscv-none-elf/14.1.0/../../../../riscv-none-elf/lib/rv32imf_zicsr/ilp32f/libc.a(libc_a-memchr.o)
 .data          0x04001644        0x0 /usr/lib/gcc/riscv-none-elf/14.1.0/../../../../riscv-none-elf/lib/rv32imf_zicsr/ilp32f/libc.a(libc_a-dtoa.o)
 .data          0x04001644        0x0 /usr/lib/gcc/riscv-none-elf/14.1.0/../../../../riscv-none-elf/lib/rv32imf_zicsr/ilp32f/libc.a(libc_a-sbrkr.o)
 .data          0x04001644        0x0 /usr/lib/gcc/riscv-none-elf/14.1.0/../../../../riscv-none-elf/lib/rv32imf_zicsr/ilp32f/libc.a(libc_a-fvwrite.o)
 .data          0x04001644        0x0 /usr/lib/gcc/riscv-none-elf/14.1.0/../../../../riscv-none-elf/lib/rv32imf_zicsr/ilp32f/libc.a(libc_a-fwalk.o)
 .data          0x04001644        0x0 /usr/lib/gcc/riscv-none-elf/14.1.0/../../../../riscv-none-elf/lib/rv32imf_zicsr/ilp32f/libc.a(libc_a-reallocr.o)
 .data          0x04001644        0x0 /usr/lib/gcc/riscv-none-elf/14.1.0/../../../../riscv-none-elf/lib/rv32imf_zicsr/ilp32f/libc.a(libc_a-locale.o)
 .data.__global_locale
                0x04001644      0x16c /usr/lib/gcc/riscv-none-elf/14.1.0/../../../../riscv-none-elf/lib/rv32imf_zicsr/ilp32f/libc.a(libc_a-locale.o)
                0x04001644                __global_locale
 .data          0x040017b0        0x0 /usr/lib/gcc/riscv-none-elf/14.1.0/../../../../riscv-none-elf/lib/rv32imf_zicsr/ilp32f/libc.a(libc_a-ctype_.o)
 .data          0x040017b0        0x0 /usr/lib/gcc/riscv-none-elf/14.1.0/../../../../riscv-none-elf/lib/rv32imf_zicsr/ilp32f/libc.a(libc_a-stdio.o)
 .data          0x040017b0        0x0 /usr/lib/gcc/riscv-none-elf/14.1.0/../../../../riscv-none-elf/lib/rv32imf_zicsr/ilp32f/libc.a(libc_a-wctomb_r.o)
 .data          0x040017b0        0x0 /usr/lib/gcc/riscv-none-elf/14.1.0/../../../../riscv-none-elf/lib/rv32imf_zicsr/ilp32f/libc.a(libc_a-closer.o)
 .data          0x040017b0        0x0 /usr/lib/gcc/riscv-none-elf/14.1.0/../../../../riscv-none-elf/lib/rv32imf_zicsr/ilp32f/libc.a(libc_a-reent.o)
 .data          0x040017b0        0x0 /usr/lib/gcc/riscv-none-elf/14.1.0/../../../../riscv-none-elf/lib/rv32imf_zicsr/ilp32f/libc.a(libc_a-fstatr.o)
 .data          0x040017b0        0x0 /usr/lib/gcc/riscv-none-elf/14.1.0/../../../../riscv-none-elf/lib/rv32imf_zicsr/ilp32f/libc.a(libc_a-memmove-stub.o)
 .data          0x040017b0        0x0 /usr/lib/gcc/riscv-none-elf/14.1.0/../../../../riscv-none-elf/lib/rv32imf_zicsr/ilp32f/libc.a(libc_a-memcpy.o)
 .data          0x040017b0        0x0 /usr/lib/gcc/riscv-none-elf/14.1.0/../../../../riscv-none-elf/lib/rv32imf_zicsr/ilp32f/libc.a(libc_a-fclose.o)
 .data          0x040017b0        0x0 /usr/lib/gcc/riscv-none-elf/14.1.0/../../../../riscv-none-elf/lib/rv32imf_zicsr/ilp32f/libc.a(libc_a-strcmp.o)
 .data          0x040017b0        0x0 /usr/lib/gcc/riscv-none-elf/14.1.0/../../../../riscv-none-elf/lib/rv32imf_zicsr/ilp32f/libc.a(libc_a-assert.o)
 .data          0x040017b0        0x0 /usr/lib/gcc/riscv-none-elf/14.1.0/../../../../riscv-none-elf/lib/rv32imf_zicsr/ilp32f/libc.a(libc_a-mbtowc_r.o)
 .data          0x040017b0        0x0 /usr/lib/gcc/riscv-none-elf/14.1.0/../../../../riscv-none-elf/lib/rv32imf_zicsr/ilp32f/libc.a(libc_a-lseekr.o)
 .data          0x040017b0        0x0 /usr/lib/gcc/riscv-none-elf/14.1.0/../../../../riscv-none-elf/lib/rv32imf_zicsr/ilp32f/libc.a(libc_a-readr.o)
 .data          0x040017b0        0x0 /usr/lib/gcc/riscv-none-elf/14.1.0/../../../../riscv-none-elf/lib/rv32imf_zicsr/ilp32f/libc.a(libc_a-fiprintf.o)
 .data          0x040017b0        0x0 /usr/lib/gcc/riscv-none-elf/14.1.0/../../../../riscv-none-elf/lib/rv32imf_zicsr/ilp32f/libc.a(libc_a-mprec.o)
 .data          0x040017b0        0x0 /usr/lib/gcc/riscv-none-elf/14.1.0/../../../../riscv-none-elf/lib/rv32imf_zicsr/ilp32f/libc.a(libc_a-callocr.o)
 .data          0x040017b0        0x0 /usr/lib/gcc/riscv-none-elf/14.1.0/../../../../riscv-none-elf/lib/rv32imf_zicsr/ilp32f/libc.a(libc_a-writer.o)
 .data          0x040017b0        0x0 /usr/lib/gcc/riscv-none-elf/14.1.0/../../../../riscv-none-elf/lib/rv32imf_zicsr/ilp32f/libc.a(libc_a-errno.o)
 .data          0x040017b0        0x0 /usr/lib/gcc/riscv-none-elf/14.1.0/../../../../riscv-none-elf/lib/rv32imf_zicsr/ilp32f/libc.a(libc_a-vfiprintf.o)
 .data          0x040017b0        0x0 /usr/lib/gcc/riscv-none-elf/14.1.0/rv32imf_zicsr/ilp32f/libgcc.a(adddf3.o)
 .data          0x040017b0        0x0 /usr/lib/gcc/riscv-none-elf/14.1.0/rv32imf_zicsr/ilp32f/libgcc.a(eqdf2.o)
 .data          0x040017b0        0x0 /usr/lib/gcc/riscv-none-elf/14.1.0/rv32imf_zicsr/ilp32f/libgcc.a(muldf3.o)
 .data          0x040017b0        0x0 /usr/lib/gcc/riscv-none-elf/14.1.0/rv32imf_zicsr/ilp32f/libgcc.a(subdf3.o)
 .data          0x040017b0        0x0 /usr/lib/gcc/riscv-none-elf/14.1.0/rv32imf_zicsr/ilp32f/libgcc.a(unorddf2.o)
 .data          0x040017b0        0x0 /usr/lib/gcc/riscv-none-elf/14.1.0/rv32imf_zicsr/ilp32f/libgcc.a(fixdfsi.o)
 .data          0x040017b0        0x0 /usr/lib/gcc/riscv-none-elf/14.1.0/rv32imf_zicsr/ilp32f/libgcc.a(floatsidf.o)
 .data          0x040017b0        0x0 /usr/lib/gcc/riscv-none-elf/14.1.0/rv32imf_zicsr/ilp32f/libgcc.a(trunctfdf2.o)
                0x040017b0                        . = ALIGN (0x8)
                0x04001fb0                        PROVIDE (__global_pointer$ = (. + 0x800))
 *(.sdata .sdata.*)
 .sdata         0x040017b0        0x8 out_coremark_unified.o
                0x040017b0                default_num_contexts
                0x040017b4                seed4_volatile
 .sdata._impure_ptr
                0x040017b8        0x4 /usr/lib/gcc/riscv-none-elf/14.1.0/../../../../riscv-none-elf/lib/rv32imf_zicsr/ilp32f/libc.a(libc_a-impure.o)
                0x040017b8                _impure_ptr
 .sdata.__malloc_sbrk_base
                0x040017bc        0x4 /usr/lib/gcc/riscv-none-elf/14.1.0/../../../../riscv-none-elf/lib/rv32imf_zicsr/ilp32f/libc.a(libc_a-mallocr.o)
                0x040017bc                __malloc_sbrk_base
 .sdata.__malloc_trim_threshold
                0x040017c0        0x4 /usr/lib/gcc/riscv-none-elf/14.1.0/../../../../riscv-none-elf/lib/rv32imf_zicsr/ilp32f/libc.a(libc_a-mallocr.o)
                0x040017c0                __malloc_trim_threshold

.bss            0x04001800   0x1e8e60
                0x04001800                        . = ALIGN (0x8)
                0x04001800                        PROVIDE (__BSS_START__ = .)
                0x04001800                        __bss_start = .
 *(.sbss .sbss.*)
 .sbss          0x04001800       0x20 out_coremark_unified.o
                0x04001808                stop_time_val
                0x0400180c                start_time_val
                0x04001810                seed5_volatile
                0x04001814                seed3_volatile
                0x04001818                seed2_volatile
                0x0400181c                seed1_volatile
 .sbss.__lock___arc4random_mutex
                0x04001820        0x1 /usr/lib/gcc/riscv-none-elf/14.1.0/../../../../riscv-none-elf/lib/rv32imf_zicsr/ilp32f/libc.a(libc_a-lock.o)
                0x04001820                __lock___arc4random_mutex
 *fill*         0x04001821        0x3 
 .sbss.__lock___dd_hash_mutex
                0x04001824        0x1 /usr/lib/gcc/riscv-none-elf/14.1.0/../../../../riscv-none-elf/lib/rv32imf_zicsr/ilp32f/libc.a(libc_a-lock.o)
                0x04001824                __lock___dd_hash_mutex
 *fill*         0x04001825        0x3 
 .sbss.__lock___tz_mutex
                0x04001828        0x1 /usr/lib/gcc/riscv-none-elf/14.1.0/../../../../riscv-none-elf/lib/rv32imf_zicsr/ilp32f/libc.a(libc_a-lock.o)
                0x04001828                __lock___tz_mutex
 *fill*         0x04001829        0x3 
 .sbss.__lock___env_recursive_mutex
                0x0400182c        0x1 /usr/lib/gcc/riscv-none-elf/14.1.0/../../../../riscv-none-elf/lib/rv32imf_zicsr/ilp32f/libc.a(libc_a-lock.o)
                0x0400182c                __lock___env_recursive_mutex
 *fill*         0x0400182d        0x3 
 .sbss.__lock___malloc_recursive_mutex
                0x04001830        0x1 /usr/lib/gcc/riscv-none-elf/14.1.0/../../../../riscv-none-elf/lib/rv32imf_zicsr/ilp32f/libc.a(libc_a-lock.o)
                0x04001830                __lock___malloc_recursive_mutex
 *fill*         0x04001831        0x3 
 .sbss.__lock___at_quick_exit_mutex
                0x04001834        0x1 /usr/lib/gcc/riscv-none-elf/14.1.0/../../../../riscv-none-elf/lib/rv32imf_zicsr/ilp32f/libc.a(libc_a-lock.o)
                0x04001834                __lock___at_quick_exit_mutex
 *fill*         0x04001835        0x3 
 .sbss.__lock___atexit_recursive_mutex
                0x04001838        0x1 /usr/lib/gcc/riscv-none-elf/14.1.0/../../../../riscv-none-elf/lib/rv32imf_zicsr/ilp32f/libc.a(libc_a-lock.o)
                0x04001838                __lock___atexit_recursive_mutex
 *fill*         0x04001839        0x3 
 .sbss.__lock___sfp_recursive_mutex
                0x0400183c        0x1 /usr/lib/gcc/riscv-none-elf/14.1.0/../../../../riscv-none-elf/lib/rv32imf_zicsr/ilp32f/libc.a(libc_a-lock.o)
                0x0400183c                __lock___sfp_recursive_mutex
 *fill*         0x0400183d        0x3 
 .sbss.__malloc_max_total_mem
                0x04001840        0x4 /usr/lib/gcc/riscv-none-elf/14.1.0/../../../../riscv-none-elf/lib/rv32imf_zicsr/ilp32f/libc.a(libc_a-mallocr.o)
                0x04001840                __malloc_max_total_mem
 .sbss.__malloc_max_sbrked_mem
                0x04001844        0x4 /usr/lib/gcc/riscv-none-elf/14.1.0/../../../../riscv-none-elf/lib/rv32imf_zicsr/ilp32f/libc.a(libc_a-mallocr.o)
                0x04001844                __malloc_max_sbrked_mem
 .sbss.__malloc_top_pad
                0x04001848        0x4 /usr/lib/gcc/riscv-none-elf/14.1.0/../../../../riscv-none-elf/lib/rv32imf_zicsr/ilp32f/libc.a(libc_a-mallocr.o)
                0x04001848                __malloc_top_pad
 .sbss.__stdio_exit_handler
                0x0400184c        0x4 /usr/lib/gcc/riscv-none-elf/14.1.0/../../../../riscv-none-elf/lib/rv32imf_zicsr/ilp32f/libc.a(libc_a-findfp.o)
                0x0400184c                __stdio_exit_handler
 .sbss._PathLocale
                0x04001850        0x4 /usr/lib/gcc/riscv-none-elf/14.1.0/../../../../riscv-none-elf/lib/rv32imf_zicsr/ilp32f/libc.a(libc_a-locale.o)
                0x04001850                _PathLocale
 .sbss.errno    0x04001854        0x4 /usr/lib/gcc/riscv-none-elf/14.1.0/../../../../riscv-none-elf/lib/rv32imf_zicsr/ilp32f/libc.a(libc_a-reent.o)
                0x04001854                errno
 *(.bss .bss.*)
 .bss           0x04001858        0x0 /workspace/local_crt0.o
 *fill*         0x04001858       0x28 
 .bss           0x04001880   0x1e8c80 out_coremark_unified.o
                0x04001880                static_memblk
 .bss           0x041ea500        0x0 /usr/lib/gcc/riscv-none-elf/14.1.0/rv32imf_zicsr/ilp32f/libgcc.a(divdf3.o)
 .bss           0x041ea500        0x0 /usr/lib/gcc/riscv-none-elf/14.1.0/rv32imf_zicsr/ilp32f/libgcc.a(gedf2.o)
 .bss           0x041ea500        0x0 /usr/lib/gcc/riscv-none-elf/14.1.0/rv32imf_zicsr/ilp32f/libgcc.a(ledf2.o)
 .bss           0x041ea500        0x0 /usr/lib/gcc/riscv-none-elf/14.1.0/rv32imf_zicsr/ilp32f/libgcc.a(fixunsdfsi.o)
 .bss           0x041ea500        0x0 /usr/lib/gcc/riscv-none-elf/14.1.0/rv32imf_zicsr/ilp32f/libgcc.a(floatunsidf.o)
 .bss           0x041ea500        0x0 /usr/lib/gcc/riscv-none-elf/14.1.0/rv32imf_zicsr/ilp32f/libgcc.a(extendsfdf2.o)
 .bss           0x041ea500        0x0 /usr/lib/gcc/riscv-none-elf/14.1.0/rv32imf_zicsr/ilp32f/libgcc.a(_clzsi2.o)
 .bss           0x041ea500        0x0 /usr/lib/gcc/riscv-none-elf/14.1.0/rv32imf_zicsr/ilp32f/libgcc.a(_clz.o)
 .bss           0x041ea500        0x0 /usr/lib/gcc/riscv-none-elf/14.1.0/../../../../riscv-none-elf/lib/rv32imf_zicsr/ilp32f/libc.a(libc_a-vfprintf.o)
 .bss           0x041ea500        0x0 /usr/lib/gcc/riscv-none-elf/14.1.0/../../../../riscv-none-elf/lib/rv32imf_zicsr/ilp32f/libc.a(libc_a-setvbuf.o)
 .bss           0x041ea500        0x0 /usr/lib/gcc/riscv-none-elf/14.1.0/../../../../riscv-none-elf/lib/rv32imf_zicsr/ilp32f/libc.a(libc_a-freer.o)
 .bss           0x041ea500        0x0 /usr/lib/gcc/riscv-none-elf/14.1.0/../../../../riscv-none-elf/lib/rv32imf_zicsr/ilp32f/libc.a(libc_a-lock.o)
 .bss           0x041ea500        0x0 /usr/lib/gcc/riscv-none-elf/14.1.0/../../../../riscv-none-elf/lib/rv32imf_zicsr/ilp32f/libc.a(libc_a-localeconv.o)
 .bss           0x041ea500        0x0 /usr/lib/gcc/riscv-none-elf/14.1.0/../../../../riscv-none-elf/lib/rv32imf_zicsr/ilp32f/libc.a(libc_a-strncpy.o)
 .bss           0x041ea500        0x0 /usr/lib/gcc/riscv-none-elf/14.1.0/../../../../riscv-none-elf/lib/rv32imf_zicsr/ilp32f/libc.a(libc_a-impure.o)
 .bss           0x041ea500        0x0 /usr/lib/gcc/riscv-none-elf/14.1.0/../../../../riscv-none-elf/lib/rv32imf_zicsr/ilp32f/libc.a(libc_a-sprint_r.o)
 .bss           0x041ea500        0x0 /usr/lib/gcc/riscv-none-elf/14.1.0/../../../../riscv-none-elf/lib/rv32imf_zicsr/ilp32f/libc.a(libc_a-memset.o)
 .bss           0x041ea500        0x0 /usr/lib/gcc/riscv-none-elf/14.1.0/../../../../riscv-none-elf/lib/rv32imf_zicsr/ilp32f/libc.a(libc_a-strlen.o)
 .bss           0x041ea500        0x0 /usr/lib/gcc/riscv-none-elf/14.1.0/../../../../riscv-none-elf/lib/rv32imf_zicsr/ilp32f/libc.a(libc_a-makebuf.o)
 .bss           0x041ea500        0x0 /usr/lib/gcc/riscv-none-elf/14.1.0/../../../../riscv-none-elf/lib/rv32imf_zicsr/ilp32f/libc.a(libc_a-wsetup.o)
 .bss           0x041ea500        0x0 /usr/lib/gcc/riscv-none-elf/14.1.0/../../../../riscv-none-elf/lib/rv32imf_zicsr/ilp32f/libc.a(libc_a-malloc.o)
 .bss           0x041ea500        0x0 /usr/lib/gcc/riscv-none-elf/14.1.0/../../../../riscv-none-elf/lib/rv32imf_zicsr/ilp32f/libc.a(libc_a-mallocr.o)
 .bss.__malloc_current_mallinfo
                0x041ea500       0x28 /usr/lib/gcc/riscv-none-elf/14.1.0/../../../../riscv-none-elf/lib/rv32imf_zicsr/ilp32f/libc.a(libc_a-mallocr.o)
                0x041ea500                __malloc_current_mallinfo
 .bss           0x041ea528        0x0 /usr/lib/gcc/riscv-none-elf/14.1.0/../../../../riscv-none-elf/lib/rv32imf_zicsr/ilp32f/libc.a(libc_a-isattyr.o)
 .bss           0x041ea528        0x0 /usr/lib/gcc/riscv-none-elf/14.1.0/../../../../riscv-none-elf/lib/rv32imf_zicsr/ilp32f/libc.a(libc_a-fflush.o)
 .bss           0x041ea528        0x0 /usr/lib/gcc/riscv-none-elf/14.1.0/../../../../riscv-none-elf/lib/rv32imf_zicsr/ilp32f/libc.a(libc_a-findfp.o)
 .bss.__sf      0x041ea528      0x138 /usr/lib/gcc/riscv-none-elf/14.1.0/../../../../riscv-none-elf/lib/rv32imf_zicsr/ilp32f/libc.a(libc_a-findfp.o)
                0x041ea528                __sf
 .bss           0x041ea660        0x0 /usr/lib/gcc/riscv-none-elf/14.1.0/../../../../riscv-none-elf/lib/rv32imf_zicsr/ilp32f/libc.a(libc_a-mlock.o)
 .bss           0x041ea660        0x0 /usr/lib/gcc/riscv-none-elf/14.1.0/../../../../riscv-none-elf/lib/rv32imf_zicsr/ilp32f/libc.a(libm_a-s_frexp.o)
 .bss           0x041ea660        0x0 /usr/lib/gcc/riscv-none-elf/14.1.0/../../../../riscv-none-elf/lib/rv32imf_zicsr/ilp32f/libc.a(libc_a-memchr.o)
 .bss           0x041ea660        0x0 /usr/lib/gcc/riscv-none-elf/14.1.0/../../../../riscv-none-elf/lib/rv32imf_zicsr/ilp32f/libc.a(libc_a-dtoa.o)
 .bss           0x041ea660        0x0 /usr/lib/gcc/riscv-none-elf/14.1.0/../../../../riscv-none-elf/lib/rv32imf_zicsr/ilp32f/libc.a(libc_a-sbrkr.o)
 .bss           0x041ea660        0x0 /usr/lib/gcc/riscv-none-elf/14.1.0/../../../../riscv-none-elf/lib/rv32imf_zicsr/ilp32f/libc.a(libc_a-fvwrite.o)
 .bss           0x041ea660        0x0 /usr/lib/gcc/riscv-none-elf/14.1.0/../../../../riscv-none-elf/lib/rv32imf_zicsr/ilp32f/libc.a(libc_a-fwalk.o)
 .bss           0x041ea660        0x0 /usr/lib/gcc/riscv-none-elf/14.1.0/../../../../riscv-none-elf/lib/rv32imf_zicsr/ilp32f/libc.a(libc_a-reallocr.o)
 .bss           0x041ea660        0x0 /usr/lib/gcc/riscv-none-elf/14.1.0/../../../../riscv-none-elf/lib/rv32imf_zicsr/ilp32f/libc.a(libc_a-locale.o)
 .bss           0x041ea660        0x0 /usr/lib/gcc/riscv-none-elf/14.1.0/../../../../riscv-none-elf/lib/rv32imf_zicsr/ilp32f/libc.a(libc_a-ctype_.o)
 .bss           0x041ea660        0x0 /usr/lib/gcc/riscv-none-elf/14.1.0/../../../../riscv-none-elf/lib/rv32imf_zicsr/ilp32f/libc.a(libc_a-stdio.o)
 .bss           0x041ea660        0x0 /usr/lib/gcc/riscv-none-elf/14.1.0/../../../../riscv-none-elf/lib/rv32imf_zicsr/ilp32f/libc.a(libc_a-wctomb_r.o)
 .bss           0x041ea660        0x0 /usr/lib/gcc/riscv-none-elf/14.1.0/../../../../riscv-none-elf/lib/rv32imf_zicsr/ilp32f/libc.a(libc_a-closer.o)
 .bss           0x041ea660        0x0 /usr/lib/gcc/riscv-none-elf/14.1.0/../../../../riscv-none-elf/lib/rv32imf_zicsr/ilp32f/libc.a(libc_a-reent.o)
 .bss           0x041ea660        0x0 /usr/lib/gcc/riscv-none-elf/14.1.0/../../../../riscv-none-elf/lib/rv32imf_zicsr/ilp32f/libc.a(libc_a-fstatr.o)
 .bss           0x041ea660        0x0 /usr/lib/gcc/riscv-none-elf/14.1.0/../../../../riscv-none-elf/lib/rv32imf_zicsr/ilp32f/libc.a(libc_a-memmove-stub.o)
 .bss           0x041ea660        0x0 /usr/lib/gcc/riscv-none-elf/14.1.0/../../../../riscv-none-elf/lib/rv32imf_zicsr/ilp32f/libc.a(libc_a-memcpy.o)
 .bss           0x041ea660        0x0 /usr/lib/gcc/riscv-none-elf/14.1.0/../../../../riscv-none-elf/lib/rv32imf_zicsr/ilp32f/libc.a(libc_a-fclose.o)
 .bss           0x041ea660        0x0 /usr/lib/gcc/riscv-none-elf/14.1.0/../../../../riscv-none-elf/lib/rv32imf_zicsr/ilp32f/libc.a(libc_a-strcmp.o)
 .bss           0x041ea660        0x0 /usr/lib/gcc/riscv-none-elf/14.1.0/../../../../riscv-none-elf/lib/rv32imf_zicsr/ilp32f/libc.a(libc_a-assert.o)
 .bss           0x041ea660        0x0 /usr/lib/gcc/riscv-none-elf/14.1.0/../../../../riscv-none-elf/lib/rv32imf_zicsr/ilp32f/libc.a(libc_a-mbtowc_r.o)
 .bss           0x041ea660        0x0 /usr/lib/gcc/riscv-none-elf/14.1.0/../../../../riscv-none-elf/lib/rv32imf_zicsr/ilp32f/libc.a(libc_a-lseekr.o)
 .bss           0x041ea660        0x0 /usr/lib/gcc/riscv-none-elf/14.1.0/../../../../riscv-none-elf/lib/rv32imf_zicsr/ilp32f/libc.a(libc_a-readr.o)
 .bss           0x041ea660        0x0 /usr/lib/gcc/riscv-none-elf/14.1.0/../../../../riscv-none-elf/lib/rv32imf_zicsr/ilp32f/libc.a(libc_a-fiprintf.o)
 .bss           0x041ea660        0x0 /usr/lib/gcc/riscv-none-elf/14.1.0/../../../../riscv-none-elf/lib/rv32imf_zicsr/ilp32f/libc.a(libc_a-mprec.o)
 .bss           0x041ea660        0x0 /usr/lib/gcc/riscv-none-elf/14.1.0/../../../../riscv-none-elf/lib/rv32imf_zicsr/ilp32f/libc.a(libc_a-callocr.o)
 .bss           0x041ea660        0x0 /usr/lib/gcc/riscv-none-elf/14.1.0/../../../../riscv-none-elf/lib/rv32imf_zicsr/ilp32f/libc.a(libc_a-writer.o)
 .bss           0x041ea660        0x0 /usr/lib/gcc/riscv-none-elf/14.1.0/../../../../riscv-none-elf/lib/rv32imf_zicsr/ilp32f/libc.a(libc_a-errno.o)
 .bss           0x041ea660        0x0 /usr/lib/gcc/riscv-none-elf/14.1.0/../../../../riscv-none-elf/lib/rv32imf_zicsr/ilp32f/libc.a(libc_a-vfiprintf.o)
 .bss           0x041ea660        0x0 /usr/lib/gcc/riscv-none-elf/14.1.0/rv32imf_zicsr/ilp32f/libgcc.a(adddf3.o)
 .bss           0x041ea660        0x0 /usr/lib/gcc/riscv-none-elf/14.1.0/rv32imf_zicsr/ilp32f/libgcc.a(eqdf2.o)
 .bss           0x041ea660        0x0 /usr/lib/gcc/riscv-none-elf/14.1.0/rv32imf_zicsr/ilp32f/libgcc.a(muldf3.o)
 .bss           0x041ea660        0x0 /usr/lib/gcc/riscv-none-elf/14.1.0/rv32imf_zicsr/ilp32f/libgcc.a(subdf3.o)
 .bss           0x041ea660        0x0 /usr/lib/gcc/riscv-none-elf/14.1.0/rv32imf_zicsr/ilp32f/libgcc.a(unorddf2.o)
 .bss           0x041ea660        0x0 /usr/lib/gcc/riscv-none-elf/14.1.0/rv32imf_zicsr/ilp32f/libgcc.a(fixdfsi.o)
 .bss           0x041ea660        0x0 /usr/lib/gcc/riscv-none-elf/14.1.0/rv32imf_zicsr/ilp32f/libgcc.a(floatsidf.o)
 .bss           0x041ea660        0x0 /usr/lib/gcc/riscv-none-elf/14.1.0/rv32imf_zicsr/ilp32f/libgcc.a(trunctfdf2.o)
 *(COMMON)
                0x041ea660                        . = ALIGN (0x8)
                0x041ea660                        PROVIDE (__BSS_END__ = .)
                0x041ea660                        _end = .

.heap           0x041ea660   0x100000
                0x041ea660                        . = ALIGN (0x10)
                0x041ea660                        __heap_start = .
                0x042ea660                        . = (. + 0x100000)
 *fill*         0x041ea660   0x100000 
                0x042ea660                        __heap_end = .

.stack          0x042ea660   0x100000
                0x042ea660                        . = ALIGN (0x10)
                0x043ea660                        . = (. + 0x100000)
 *fill*         0x042ea660   0x100000 
                0x043ea660                        _stack_top = .
OUTPUT(/workspace/coremark_unified_tmp.elf elf32-littleriscv)

.riscv.attributes
                0x00000000       0x6d
 .riscv.attributes
                0x00000000       0x6b /workspace/local_crt0.o
 .riscv.attributes
                0x0000006b       0x6b out_coremark_unified.o
 .riscv.attributes
                0x000000d6       0x3c /usr/lib/gcc/riscv-none-elf/14.1.0/rv32imf_zicsr/ilp32f/libgcc.a(divdf3.o)
 .riscv.attributes
                0x00000112       0x3c /usr/lib/gcc/riscv-none-elf/14.1.0/rv32imf_zicsr/ilp32f/libgcc.a(gedf2.o)
 .riscv.attributes
                0x0000014e       0x3c /usr/lib/gcc/riscv-none-elf/14.1.0/rv32imf_zicsr/ilp32f/libgcc.a(ledf2.o)
 .riscv.attributes
                0x0000018a       0x3c /usr/lib/gcc/riscv-none-elf/14.1.0/rv32imf_zicsr/ilp32f/libgcc.a(fixunsdfsi.o)
 .riscv.attributes
                0x000001c6       0x38 /usr/lib/gcc/riscv-none-elf/14.1.0/rv32imf_zicsr/ilp32f/libgcc.a(floatunsidf.o)
 .riscv.attributes
                0x000001fe       0x3c /usr/lib/gcc/riscv-none-elf/14.1.0/rv32imf_zicsr/ilp32f/libgcc.a(extendsfdf2.o)
 .riscv.attributes
                0x0000023a       0x38 /usr/lib/gcc/riscv-none-elf/14.1.0/rv32imf_zicsr/ilp32f/libgcc.a(_clzsi2.o)
 .riscv.attributes
                0x00000272       0x38 /usr/lib/gcc/riscv-none-elf/14.1.0/rv32imf_zicsr/ilp32f/libgcc.a(_clz.o)
 .riscv.attributes
                0x000002aa       0x38 /usr/lib/gcc/riscv-none-elf/14.1.0/../../../../riscv-none-elf/lib/rv32imf_zicsr/ilp32f/libc.a(libc_a-vfprintf.o)
 .riscv.attributes
                0x000002e2       0x38 /usr/lib/gcc/riscv-none-elf/14.1.0/../../../../riscv-none-elf/lib/rv32imf_zicsr/ilp32f/libc.a(libc_a-setvbuf.o)
 .riscv.attributes
                0x0000031a       0x38 /usr/lib/gcc/riscv-none-elf/14.1.0/../../../../riscv-none-elf/lib/rv32imf_zicsr/ilp32f/libc.a(libc_a-freer.o)
 .riscv.attributes
                0x00000352       0x38 /usr/lib/gcc/riscv-none-elf/14.1.0/../../../../riscv-none-elf/lib/rv32imf_zicsr/ilp32f/libc.a(libc_a-lock.o)
 .riscv.attributes
                0x0000038a       0x38 /usr/lib/gcc/riscv-none-elf/14.1.0/../../../../riscv-none-elf/lib/rv32imf_zicsr/ilp32f/libc.a(libc_a-localeconv.o)
 .riscv.attributes
                0x000003c2       0x38 /usr/lib/gcc/riscv-none-elf/14.1.0/../../../../riscv-none-elf/lib/rv32imf_zicsr/ilp32f/libc.a(libc_a-strncpy.o)
 .riscv.attributes
                0x000003fa       0x38 /usr/lib/gcc/riscv-none-elf/14.1.0/../../../../riscv-none-elf/lib/rv32imf_zicsr/ilp32f/libc.a(libc_a-impure.o)
 .riscv.attributes
                0x00000432       0x38 /usr/lib/gcc/riscv-none-elf/14.1.0/../../../../riscv-none-elf/lib/rv32imf_zicsr/ilp32f/libc.a(libc_a-sprint_r.o)
 .riscv.attributes
                0x0000046a       0x36 /usr/lib/gcc/riscv-none-elf/14.1.0/../../../../riscv-none-elf/lib/rv32imf_zicsr/ilp32f/libc.a(libc_a-memset.o)
 .riscv.attributes
                0x000004a0       0x38 /usr/lib/gcc/riscv-none-elf/14.1.0/../../../../riscv-none-elf/lib/rv32imf_zicsr/ilp32f/libc.a(libc_a-strlen.o)
 .riscv.attributes
                0x000004d8       0x38 /usr/lib/gcc/riscv-none-elf/14.1.0/../../../../riscv-none-elf/lib/rv32imf_zicsr/ilp32f/libc.a(libc_a-makebuf.o)
 .riscv.attributes
                0x00000510       0x38 /usr/lib/gcc/riscv-none-elf/14.1.0/../../../../riscv-none-elf/lib/rv32imf_zicsr/ilp32f/libc.a(libc_a-wsetup.o)
 .riscv.attributes
                0x00000548       0x38 /usr/lib/gcc/riscv-none-elf/14.1.0/../../../../riscv-none-elf/lib/rv32imf_zicsr/ilp32f/libc.a(libc_a-malloc.o)
 .riscv.attributes
                0x00000580       0x38 /usr/lib/gcc/riscv-none-elf/14.1.0/../../../../riscv-none-elf/lib/rv32imf_zicsr/ilp32f/libc.a(libc_a-mallocr.o)
 .riscv.attributes
                0x000005b8       0x38 /usr/lib/gcc/riscv-none-elf/14.1.0/../../../../riscv-none-elf/lib/rv32imf_zicsr/ilp32f/libc.a(libc_a-isattyr.o)
 .riscv.attributes
                0x000005f0       0x38 /usr/lib/gcc/riscv-none-elf/14.1.0/../../../../riscv-none-elf/lib/rv32imf_zicsr/ilp32f/libc.a(libc_a-fflush.o)
 .riscv.attributes
                0x00000628       0x38 /usr/lib/gcc/riscv-none-elf/14.1.0/../../../../riscv-none-elf/lib/rv32imf_zicsr/ilp32f/libc.a(libc_a-findfp.o)
 .riscv.attributes
                0x00000660       0x38 /usr/lib/gcc/riscv-none-elf/14.1.0/../../../../riscv-none-elf/lib/rv32imf_zicsr/ilp32f/libc.a(libc_a-mlock.o)
 .riscv.attributes
                0x00000698       0x38 /usr/lib/gcc/riscv-none-elf/14.1.0/../../../../riscv-none-elf/lib/rv32imf_zicsr/ilp32f/libc.a(libm_a-s_frexp.o)
 .riscv.attributes
                0x000006d0       0x38 /usr/lib/gcc/riscv-none-elf/14.1.0/../../../../riscv-none-elf/lib/rv32imf_zicsr/ilp32f/libc.a(libc_a-memchr.o)
 .riscv.attributes
                0x00000708       0x38 /usr/lib/gcc/riscv-none-elf/14.1.0/../../../../riscv-none-elf/lib/rv32imf_zicsr/ilp32f/libc.a(libc_a-dtoa.o)
 .riscv.attributes
                0x00000740       0x38 /usr/lib/gcc/riscv-none-elf/14.1.0/../../../../riscv-none-elf/lib/rv32imf_zicsr/ilp32f/libc.a(libc_a-sbrkr.o)
 .riscv.attributes
                0x00000778       0x38 /usr/lib/gcc/riscv-none-elf/14.1.0/../../../../riscv-none-elf/lib/rv32imf_zicsr/ilp32f/libc.a(libc_a-fvwrite.o)
 .riscv.attributes
                0x000007b0       0x38 /usr/lib/gcc/riscv-none-elf/14.1.0/../../../../riscv-none-elf/lib/rv32imf_zicsr/ilp32f/libc.a(libc_a-fwalk.o)
 .riscv.attributes
                0x000007e8       0x38 /usr/lib/gcc/riscv-none-elf/14.1.0/../../../../riscv-none-elf/lib/rv32imf_zicsr/ilp32f/libc.a(libc_a-reallocr.o)
 .riscv.attributes
                0x00000820       0x38 /usr/lib/gcc/riscv-none-elf/14.1.0/../../../../riscv-none-elf/lib/rv32imf_zicsr/ilp32f/libc.a(libc_a-locale.o)
 .riscv.attributes
                0x00000858       0x38 /usr/lib/gcc/riscv-none-elf/14.1.0/../../../../riscv-none-elf/lib/rv32imf_zicsr/ilp32f/libc.a(libc_a-ctype_.o)
 .riscv.attributes
                0x00000890       0x38 /usr/lib/gcc/riscv-none-elf/14.1.0/../../../../riscv-none-elf/lib/rv32imf_zicsr/ilp32f/libc.a(libc_a-stdio.o)
 .riscv.attributes
                0x000008c8       0x38 /usr/lib/gcc/riscv-none-elf/14.1.0/../../../../riscv-none-elf/lib/rv32imf_zicsr/ilp32f/libc.a(libc_a-wctomb_r.o)
 .riscv.attributes
                0x00000900       0x38 /usr/lib/gcc/riscv-none-elf/14.1.0/../../../../riscv-none-elf/lib/rv32imf_zicsr/ilp32f/libc.a(libc_a-closer.o)
 .riscv.attributes
                0x00000938       0x38 /usr/lib/gcc/riscv-none-elf/14.1.0/../../../../riscv-none-elf/lib/rv32imf_zicsr/ilp32f/libc.a(libc_a-reent.o)
 .riscv.attributes
                0x00000970       0x38 /usr/lib/gcc/riscv-none-elf/14.1.0/../../../../riscv-none-elf/lib/rv32imf_zicsr/ilp32f/libc.a(libc_a-fstatr.o)
 .riscv.attributes
                0x000009a8       0x38 /usr/lib/gcc/riscv-none-elf/14.1.0/../../../../riscv-none-elf/lib/rv32imf_zicsr/ilp32f/libc.a(libc_a-memmove-stub.o)
 .riscv.attributes
                0x000009e0       0x38 /usr/lib/gcc/riscv-none-elf/14.1.0/../../../../riscv-none-elf/lib/rv32imf_zicsr/ilp32f/libc.a(libc_a-memcpy.o)
 .riscv.attributes
                0x00000a18       0x38 /usr/lib/gcc/riscv-none-elf/14.1.0/../../../../riscv-none-elf/lib/rv32imf_zicsr/ilp32f/libc.a(libc_a-fclose.o)
 .riscv.attributes
                0x00000a50       0x36 /usr/lib/gcc/riscv-none-elf/14.1.0/../../../../riscv-none-elf/lib/rv32imf_zicsr/ilp32f/libc.a(libc_a-strcmp.o)
 .riscv.attributes
                0x00000a86       0x38 /usr/lib/gcc/riscv-none-elf/14.1.0/../../../../riscv-none-elf/lib/rv32imf_zicsr/ilp32f/libc.a(libc_a-assert.o)
 .riscv.attributes
                0x00000abe       0x38 /usr/lib/gcc/riscv-none-elf/14.1.0/../../../../riscv-none-elf/lib/rv32imf_zicsr/ilp32f/libc.a(libc_a-mbtowc_r.o)
 .riscv.attributes
                0x00000af6       0x38 /usr/lib/gcc/riscv-none-elf/14.1.0/../../../../riscv-none-elf/lib/rv32imf_zicsr/ilp32f/libc.a(libc_a-lseekr.o)
 .riscv.attributes
                0x00000b2e       0x38 /usr/lib/gcc/riscv-none-elf/14.1.0/../../../../riscv-none-elf/lib/rv32imf_zicsr/ilp32f/libc.a(libc_a-readr.o)
 .riscv.attributes
                0x00000b66       0x38 /usr/lib/gcc/riscv-none-elf/14.1.0/../../../../riscv-none-elf/lib/rv32imf_zicsr/ilp32f/libc.a(libc_a-fiprintf.o)
 .riscv.attributes
                0x00000b9e       0x38 /usr/lib/gcc/riscv-none-elf/14.1.0/../../../../riscv-none-elf/lib/rv32imf_zicsr/ilp32f/libc.a(libc_a-mprec.o)
 .riscv.attributes
                0x00000bd6       0x38 /usr/lib/gcc/riscv-none-elf/14.1.0/../../../../riscv-none-elf/lib/rv32imf_zicsr/ilp32f/libc.a(libc_a-callocr.o)
 .riscv.attributes
                0x00000c0e       0x38 /usr/lib/gcc/riscv-none-elf/14.1.0/../../../../riscv-none-elf/lib/rv32imf_zicsr/ilp32f/libc.a(libc_a-writer.o)
 .riscv.attributes
                0x00000c46       0x38 /usr/lib/gcc/riscv-none-elf/14.1.0/../../../../riscv-none-elf/lib/rv32imf_zicsr/ilp32f/libc.a(libc_a-errno.o)
 .riscv.attributes
                0x00000c7e       0x38 /usr/lib/gcc/riscv-none-elf/14.1.0/../../../../riscv-none-elf/lib/rv32imf_zicsr/ilp32f/libc.a(libc_a-vfiprintf.o)
 .riscv.attributes
                0x00000cb6       0x3c /usr/lib/gcc/riscv-none-elf/14.1.0/rv32imf_zicsr/ilp32f/libgcc.a(adddf3.o)
 .riscv.attributes
                0x00000cf2       0x3c /usr/lib/gcc/riscv-none-elf/14.1.0/rv32imf_zicsr/ilp32f/libgcc.a(eqdf2.o)
 .riscv.attributes
                0x00000d2e       0x3c /usr/lib/gcc/riscv-none-elf/14.1.0/rv32imf_zicsr/ilp32f/libgcc.a(muldf3.o)
 .riscv.attributes
                0x00000d6a       0x3c /usr/lib/gcc/riscv-none-elf/14.1.0/rv32imf_zicsr/ilp32f/libgcc.a(subdf3.o)
 .riscv.attributes
                0x00000da6       0x3c /usr/lib/gcc/riscv-none-elf/14.1.0/rv32imf_zicsr/ilp32f/libgcc.a(unorddf2.o)
 .riscv.attributes
                0x00000de2       0x3c /usr/lib/gcc/riscv-none-elf/14.1.0/rv32imf_zicsr/ilp32f/libgcc.a(fixdfsi.o)
 .riscv.attributes
                0x00000e1e       0x38 /usr/lib/gcc/riscv-none-elf/14.1.0/rv32imf_zicsr/ilp32f/libgcc.a(floatsidf.o)
 .riscv.attributes
                0x00000e56       0x3c /usr/lib/gcc/riscv-none-elf/14.1.0/rv32imf_zicsr/ilp32f/libgcc.a(trunctfdf2.o)

.comment        0x00000000       0x1b
 .comment       0x00000000       0x1b out_coremark_unified.o
                                 0xa3 (size before relaxing)
 .comment       0x0000001b       0x1c /usr/lib/gcc/riscv-none-elf/14.1.0/rv32imf_zicsr/ilp32f/libgcc.a(divdf3.o)
 .comment       0x0000001b       0x1c /usr/lib/gcc/riscv-none-elf/14.1.0/rv32imf_zicsr/ilp32f/libgcc.a(gedf2.o)
 .comment       0x0000001b       0x1c /usr/lib/gcc/riscv-none-elf/14.1.0/rv32imf_zicsr/ilp32f/libgcc.a(ledf2.o)
 .comment       0x0000001b       0x1c /usr/lib/gcc/riscv-none-elf/14.1.0/rv32imf_zicsr/ilp32f/libgcc.a(fixunsdfsi.o)
 .comment       0x0000001b       0x1c /usr/lib/gcc/riscv-none-elf/14.1.0/rv32imf_zicsr/ilp32f/libgcc.a(floatunsidf.o)
 .comment       0x0000001b       0x1c /usr/lib/gcc/riscv-none-elf/14.1.0/rv32imf_zicsr/ilp32f/libgcc.a(extendsfdf2.o)
 .comment       0x0000001b       0x1c /usr/lib/gcc/riscv-none-elf/14.1.0/rv32imf_zicsr/ilp32f/libgcc.a(_clzsi2.o)
 .comment       0x0000001b       0x1c /usr/lib/gcc/riscv-none-elf/14.1.0/rv32imf_zicsr/ilp32f/libgcc.a(_clz.o)
 .comment       0x0000001b       0x1c /usr/lib/gcc/riscv-none-elf/14.1.0/../../../../riscv-none-elf/lib/rv32imf_zicsr/ilp32f/libc.a(libc_a-vfprintf.o)
 .comment       0x0000001b       0x1c /usr/lib/gcc/riscv-none-elf/14.1.0/../../../../riscv-none-elf/lib/rv32imf_zicsr/ilp32f/libc.a(libc_a-setvbuf.o)
 .comment       0x0000001b       0x1c /usr/lib/gcc/riscv-none-elf/14.1.0/../../../../riscv-none-elf/lib/rv32imf_zicsr/ilp32f/libc.a(libc_a-freer.o)
 .comment       0x0000001b       0x1c /usr/lib/gcc/riscv-none-elf/14.1.0/../../../../riscv-none-elf/lib/rv32imf_zicsr/ilp32f/libc.a(libc_a-lock.o)
 .comment       0x0000001b       0x1c /usr/lib/gcc/riscv-none-elf/14.1.0/../../../../riscv-none-elf/lib/rv32imf_zicsr/ilp32f/libc.a(libc_a-localeconv.o)
 .comment       0x0000001b       0x1c /usr/lib/gcc/riscv-none-elf/14.1.0/../../../../riscv-none-elf/lib/rv32imf_zicsr/ilp32f/libc.a(libc_a-strncpy.o)
 .comment       0x0000001b       0x1c /usr/lib/gcc/riscv-none-elf/14.1.0/../../../../riscv-none-elf/lib/rv32imf_zicsr/ilp32f/libc.a(libc_a-impure.o)
 .comment       0x0000001b       0x1c /usr/lib/gcc/riscv-none-elf/14.1.0/../../../../riscv-none-elf/lib/rv32imf_zicsr/ilp32f/libc.a(libc_a-sprint_r.o)
 .comment       0x0000001b       0x1c /usr/lib/gcc/riscv-none-elf/14.1.0/../../../../riscv-none-elf/lib/rv32imf_zicsr/ilp32f/libc.a(libc_a-strlen.o)
 .comment       0x0000001b       0x1c /usr/lib/gcc/riscv-none-elf/14.1.0/../../../../riscv-none-elf/lib/rv32imf_zicsr/ilp32f/libc.a(libc_a-makebuf.o)
 .comment       0x0000001b       0x1c /usr/lib/gcc/riscv-none-elf/14.1.0/../../../../riscv-none-elf/lib/rv32imf_zicsr/ilp32f/libc.a(libc_a-wsetup.o)
 .comment       0x0000001b       0x1c /usr/lib/gcc/riscv-none-elf/14.1.0/../../../../riscv-none-elf/lib/rv32imf_zicsr/ilp32f/libc.a(libc_a-malloc.o)
 .comment       0x0000001b       0x1c /usr/lib/gcc/riscv-none-elf/14.1.0/../../../../riscv-none-elf/lib/rv32imf_zicsr/ilp32f/libc.a(libc_a-mallocr.o)
 .comment       0x0000001b       0x1c /usr/lib/gcc/riscv-none-elf/14.1.0/../../../../riscv-none-elf/lib/rv32imf_zicsr/ilp32f/libc.a(libc_a-isattyr.o)
 .comment       0x0000001b       0x1c /usr/lib/gcc/riscv-none-elf/14.1.0/../../../../riscv-none-elf/lib/rv32imf_zicsr/ilp32f/libc.a(libc_a-fflush.o)
 .comment       0x0000001b       0x1c /usr/lib/gcc/riscv-none-elf/14.1.0/../../../../riscv-none-elf/lib/rv32imf_zicsr/ilp32f/libc.a(libc_a-findfp.o)
 .comment       0x0000001b       0x1c /usr/lib/gcc/riscv-none-elf/14.1.0/../../../../riscv-none-elf/lib/rv32imf_zicsr/ilp32f/libc.a(libc_a-mlock.o)
 .comment       0x0000001b       0x1c /usr/lib/gcc/riscv-none-elf/14.1.0/../../../../riscv-none-elf/lib/rv32imf_zicsr/ilp32f/libc.a(libm_a-s_frexp.o)
 .comment       0x0000001b       0x1c /usr/lib/gcc/riscv-none-elf/14.1.0/../../../../riscv-none-elf/lib/rv32imf_zicsr/ilp32f/libc.a(libc_a-memchr.o)
 .comment       0x0000001b       0x1c /usr/lib/gcc/riscv-none-elf/14.1.0/../../../../riscv-none-elf/lib/rv32imf_zicsr/ilp32f/libc.a(libc_a-dtoa.o)
 .comment       0x0000001b       0x1c /usr/lib/gcc/riscv-none-elf/14.1.0/../../../../riscv-none-elf/lib/rv32imf_zicsr/ilp32f/libc.a(libc_a-sbrkr.o)
 .comment       0x0000001b       0x1c /usr/lib/gcc/riscv-none-elf/14.1.0/../../../../riscv-none-elf/lib/rv32imf_zicsr/ilp32f/libc.a(libc_a-fvwrite.o)
 .comment       0x0000001b       0x1c /usr/lib/gcc/riscv-none-elf/14.1.0/../../../../riscv-none-elf/lib/rv32imf_zicsr/ilp32f/libc.a(libc_a-fwalk.o)
 .comment       0x0000001b       0x1c /usr/lib/gcc/riscv-none-elf/14.1.0/../../../../riscv-none-elf/lib/rv32imf_zicsr/ilp32f/libc.a(libc_a-reallocr.o)
 .comment       0x0000001b       0x1c /usr/lib/gcc/riscv-none-elf/14.1.0/../../../../riscv-none-elf/lib/rv32imf_zicsr/ilp32f/libc.a(libc_a-locale.o)
 .comment       0x0000001b       0x1c /usr/lib/gcc/riscv-none-elf/14.1.0/../../../../riscv-none-elf/lib/rv32imf_zicsr/ilp32f/libc.a(libc_a-ctype_.o)
 .comment       0x0000001b       0x1c /usr/lib/gcc/riscv-none-elf/14.1.0/../../../../riscv-none-elf/lib/rv32imf_zicsr/ilp32f/libc.a(libc_a-stdio.o)
 .comment       0x0000001b       0x1c /usr/lib/gcc/riscv-none-elf/14.1.0/../../../../riscv-none-elf/lib/rv32imf_zicsr/ilp32f/libc.a(libc_a-wctomb_r.o)
 .comment       0x0000001b       0x1c /usr/lib/gcc/riscv-none-elf/14.1.0/../../../../riscv-none-elf/lib/rv32imf_zicsr/ilp32f/libc.a(libc_a-closer.o)
 .comment       0x0000001b       0x1c /usr/lib/gcc/riscv-none-elf/14.1.0/../../../../riscv-none-elf/lib/rv32imf_zicsr/ilp32f/libc.a(libc_a-reent.o)
 .comment       0x0000001b       0x1c /usr/lib/gcc/riscv-none-elf/14.1.0/../../../../riscv-none-elf/lib/rv32imf_zicsr/ilp32f/libc.a(libc_a-fstatr.o)
 .comment       0x0000001b       0x1c /usr/lib/gcc/riscv-none-elf/14.1.0/../../../../riscv-none-elf/lib/rv32imf_zicsr/ilp32f/libc.a(libc_a-memmove-stub.o)
 .comment       0x0000001b       0x1c /usr/lib/gcc/riscv-none-elf/14.1.0/../../../../riscv-none-elf/lib/rv32imf_zicsr/ilp32f/libc.a(libc_a-memcpy.o)
 .comment       0x0000001b       0x1c /usr/lib/gcc/riscv-none-elf/14.1.0/../../../../riscv-none-elf/lib/rv32imf_zicsr/ilp32f/libc.a(libc_a-fclose.o)
 .comment       0x0000001b       0x1c /usr/lib/gcc/riscv-none-elf/14.1.0/../../../../riscv-none-elf/lib/rv32imf_zicsr/ilp32f/libc.a(libc_a-assert.o)
 .comment       0x0000001b       0x1c /usr/lib/gcc/riscv-none-elf/14.1.0/../../../../riscv-none-elf/lib/rv32imf_zicsr/ilp32f/libc.a(libc_a-mbtowc_r.o)
 .comment       0x0000001b       0x1c /usr/lib/gcc/riscv-none-elf/14.1.0/../../../../riscv-none-elf/lib/rv32imf_zicsr/ilp32f/libc.a(libc_a-lseekr.o)
 .comment       0x0000001b       0x1c /usr/lib/gcc/riscv-none-elf/14.1.0/../../../../riscv-none-elf/lib/rv32imf_zicsr/ilp32f/libc.a(libc_a-readr.o)
 .comment       0x0000001b       0x1c /usr/lib/gcc/riscv-none-elf/14.1.0/../../../../riscv-none-elf/lib/rv32imf_zicsr/ilp32f/libc.a(libc_a-fiprintf.o)
 .comment       0x0000001b       0x1c /usr/lib/gcc/riscv-none-elf/14.1.0/../../../../riscv-none-elf/lib/rv32imf_zicsr/ilp32f/libc.a(libc_a-mprec.o)
 .comment       0x0000001b       0x1c /usr/lib/gcc/riscv-none-elf/14.1.0/../../../../riscv-none-elf/lib/rv32imf_zicsr/ilp32f/libc.a(libc_a-callocr.o)
 .comment       0x0000001b       0x1c /usr/lib/gcc/riscv-none-elf/14.1.0/../../../../riscv-none-elf/lib/rv32imf_zicsr/ilp32f/libc.a(libc_a-writer.o)
 .comment       0x0000001b       0x1c /usr/lib/gcc/riscv-none-elf/14.1.0/../../../../riscv-none-elf/lib/rv32imf_zicsr/ilp32f/libc.a(libc_a-errno.o)
 .comment       0x0000001b       0x1c /usr/lib/gcc/riscv-none-elf/14.1.0/../../../../riscv-none-elf/lib/rv32imf_zicsr/ilp32f/libc.a(libc_a-vfiprintf.o)
 .comment       0x0000001b       0x1c /usr/lib/gcc/riscv-none-elf/14.1.0/rv32imf_zicsr/ilp32f/libgcc.a(adddf3.o)
 .comment       0x0000001b       0x1c /usr/lib/gcc/riscv-none-elf/14.1.0/rv32imf_zicsr/ilp32f/libgcc.a(eqdf2.o)
 .comment       0x0000001b       0x1c /usr/lib/gcc/riscv-none-elf/14.1.0/rv32imf_zicsr/ilp32f/libgcc.a(muldf3.o)
 .comment       0x0000001b       0x1c /usr/lib/gcc/riscv-none-elf/14.1.0/rv32imf_zicsr/ilp32f/libgcc.a(subdf3.o)
 .comment       0x0000001b       0x1c /usr/lib/gcc/riscv-none-elf/14.1.0/rv32imf_zicsr/ilp32f/libgcc.a(unorddf2.o)
 .comment       0x0000001b       0x1c /usr/lib/gcc/riscv-none-elf/14.1.0/rv32imf_zicsr/ilp32f/libgcc.a(fixdfsi.o)
 .comment       0x0000001b       0x1c /usr/lib/gcc/riscv-none-elf/14.1.0/rv32imf_zicsr/ilp32f/libgcc.a(floatsidf.o)
 .comment       0x0000001b       0x1c /usr/lib/gcc/riscv-none-elf/14.1.0/rv32imf_zicsr/ilp32f/libgcc.a(trunctfdf2.o)

.note.GNU-stack
                0x00000000        0x0
 .note.GNU-stack
                0x00000000        0x0 out_coremark_unified.o
 .note.GNU-stack
                0x00000000        0x0 /usr/lib/gcc/riscv-none-elf/14.1.0/rv32imf_zicsr/ilp32f/libgcc.a(divdf3.o)
 .note.GNU-stack
                0x00000000        0x0 /usr/lib/gcc/riscv-none-elf/14.1.0/rv32imf_zicsr/ilp32f/libgcc.a(gedf2.o)
 .note.GNU-stack
                0x00000000        0x0 /usr/lib/gcc/riscv-none-elf/14.1.0/rv32imf_zicsr/ilp32f/libgcc.a(ledf2.o)
 .note.GNU-stack
                0x00000000        0x0 /usr/lib/gcc/riscv-none-elf/14.1.0/rv32imf_zicsr/ilp32f/libgcc.a(fixunsdfsi.o)
 .note.GNU-stack
                0x00000000        0x0 /usr/lib/gcc/riscv-none-elf/14.1.0/rv32imf_zicsr/ilp32f/libgcc.a(floatunsidf.o)
 .note.GNU-stack
                0x00000000        0x0 /usr/lib/gcc/riscv-none-elf/14.1.0/rv32imf_zicsr/ilp32f/libgcc.a(extendsfdf2.o)
 .note.GNU-stack
                0x00000000        0x0 /usr/lib/gcc/riscv-none-elf/14.1.0/rv32imf_zicsr/ilp32f/libgcc.a(_clzsi2.o)
 .note.GNU-stack
                0x00000000        0x0 /usr/lib/gcc/riscv-none-elf/14.1.0/rv32imf_zicsr/ilp32f/libgcc.a(_clz.o)
 .note.GNU-stack
                0x00000000        0x0 /usr/lib/gcc/riscv-none-elf/14.1.0/../../../../riscv-none-elf/lib/rv32imf_zicsr/ilp32f/libc.a(libc_a-vfprintf.o)
 .note.GNU-stack
                0x00000000        0x0 /usr/lib/gcc/riscv-none-elf/14.1.0/../../../../riscv-none-elf/lib/rv32imf_zicsr/ilp32f/libc.a(libc_a-setvbuf.o)
 .note.GNU-stack
                0x00000000        0x0 /usr/lib/gcc/riscv-none-elf/14.1.0/../../../../riscv-none-elf/lib/rv32imf_zicsr/ilp32f/libc.a(libc_a-freer.o)
 .note.GNU-stack
                0x00000000        0x0 /usr/lib/gcc/riscv-none-elf/14.1.0/../../../../riscv-none-elf/lib/rv32imf_zicsr/ilp32f/libc.a(libc_a-lock.o)
 .note.GNU-stack
                0x00000000        0x0 /usr/lib/gcc/riscv-none-elf/14.1.0/../../../../riscv-none-elf/lib/rv32imf_zicsr/ilp32f/libc.a(libc_a-localeconv.o)
 .note.GNU-stack
                0x00000000        0x0 /usr/lib/gcc/riscv-none-elf/14.1.0/../../../../riscv-none-elf/lib/rv32imf_zicsr/ilp32f/libc.a(libc_a-strncpy.o)
 .note.GNU-stack
                0x00000000        0x0 /usr/lib/gcc/riscv-none-elf/14.1.0/../../../../riscv-none-elf/lib/rv32imf_zicsr/ilp32f/libc.a(libc_a-impure.o)
 .note.GNU-stack
                0x00000000        0x0 /usr/lib/gcc/riscv-none-elf/14.1.0/../../../../riscv-none-elf/lib/rv32imf_zicsr/ilp32f/libc.a(libc_a-sprint_r.o)
 .note.GNU-stack
                0x00000000        0x0 /usr/lib/gcc/riscv-none-elf/14.1.0/../../../../riscv-none-elf/lib/rv32imf_zicsr/ilp32f/libc.a(libc_a-strlen.o)
 .note.GNU-stack
                0x00000000        0x0 /usr/lib/gcc/riscv-none-elf/14.1.0/../../../../riscv-none-elf/lib/rv32imf_zicsr/ilp32f/libc.a(libc_a-makebuf.o)
 .note.GNU-stack
                0x00000000        0x0 /usr/lib/gcc/riscv-none-elf/14.1.0/../../../../riscv-none-elf/lib/rv32imf_zicsr/ilp32f/libc.a(libc_a-wsetup.o)
 .note.GNU-stack
                0x00000000        0x0 /usr/lib/gcc/riscv-none-elf/14.1.0/../../../../riscv-none-elf/lib/rv32imf_zicsr/ilp32f/libc.a(libc_a-malloc.o)
 .note.GNU-stack
                0x00000000        0x0 /usr/lib/gcc/riscv-none-elf/14.1.0/../../../../riscv-none-elf/lib/rv32imf_zicsr/ilp32f/libc.a(libc_a-mallocr.o)
 .note.GNU-stack
                0x00000000        0x0 /usr/lib/gcc/riscv-none-elf/14.1.0/../../../../riscv-none-elf/lib/rv32imf_zicsr/ilp32f/libc.a(libc_a-isattyr.o)
 .note.GNU-stack
                0x00000000        0x0 /usr/lib/gcc/riscv-none-elf/14.1.0/../../../../riscv-none-elf/lib/rv32imf_zicsr/ilp32f/libc.a(libc_a-fflush.o)
 .note.GNU-stack
                0x00000000        0x0 /usr/lib/gcc/riscv-none-elf/14.1.0/../../../../riscv-none-elf/lib/rv32imf_zicsr/ilp32f/libc.a(libc_a-findfp.o)
 .note.GNU-stack
                0x00000000        0x0 /usr/lib/gcc/riscv-none-elf/14.1.0/../../../../riscv-none-elf/lib/rv32imf_zicsr/ilp32f/libc.a(libc_a-mlock.o)
 .note.GNU-stack
                0x00000000        0x0 /usr/lib/gcc/riscv-none-elf/14.1.0/../../../../riscv-none-elf/lib/rv32imf_zicsr/ilp32f/libc.a(libm_a-s_frexp.o)
 .note.GNU-stack
                0x00000000        0x0 /usr/lib/gcc/riscv-none-elf/14.1.0/../../../../riscv-none-elf/lib/rv32imf_zicsr/ilp32f/libc.a(libc_a-memchr.o)
 .note.GNU-stack
                0x00000000        0x0 /usr/lib/gcc/riscv-none-elf/14.1.0/../../../../riscv-none-elf/lib/rv32imf_zicsr/ilp32f/libc.a(libc_a-dtoa.o)
 .note.GNU-stack
                0x00000000        0x0 /usr/lib/gcc/riscv-none-elf/14.1.0/../../../../riscv-none-elf/lib/rv32imf_zicsr/ilp32f/libc.a(libc_a-sbrkr.o)
 .note.GNU-stack
                0x00000000        0x0 /usr/lib/gcc/riscv-none-elf/14.1.0/../../../../riscv-none-elf/lib/rv32imf_zicsr/ilp32f/libc.a(libc_a-fvwrite.o)
 .note.GNU-stack
                0x00000000        0x0 /usr/lib/gcc/riscv-none-elf/14.1.0/../../../../riscv-none-elf/lib/rv32imf_zicsr/ilp32f/libc.a(libc_a-fwalk.o)
 .note.GNU-stack
                0x00000000        0x0 /usr/lib/gcc/riscv-none-elf/14.1.0/../../../../riscv-none-elf/lib/rv32imf_zicsr/ilp32f/libc.a(libc_a-reallocr.o)
 .note.GNU-stack
                0x00000000        0x0 /usr/lib/gcc/riscv-none-elf/14.1.0/../../../../riscv-none-elf/lib/rv32imf_zicsr/ilp32f/libc.a(libc_a-locale.o)
 .note.GNU-stack
                0x00000000        0x0 /usr/lib/gcc/riscv-none-elf/14.1.0/../../../../riscv-none-elf/lib/rv32imf_zicsr/ilp32f/libc.a(libc_a-ctype_.o)
 .note.GNU-stack
                0x00000000        0x0 /usr/lib/gcc/riscv-none-elf/14.1.0/../../../../riscv-none-elf/lib/rv32imf_zicsr/ilp32f/libc.a(libc_a-stdio.o)
 .note.GNU-stack
                0x00000000        0x0 /usr/lib/gcc/riscv-none-elf/14.1.0/../../../../riscv-none-elf/lib/rv32imf_zicsr/ilp32f/libc.a(libc_a-wctomb_r.o)
 .note.GNU-stack
                0x00000000        0x0 /usr/lib/gcc/riscv-none-elf/14.1.0/../../../../riscv-none-elf/lib/rv32imf_zicsr/ilp32f/libc.a(libc_a-closer.o)
 .note.GNU-stack
                0x00000000        0x0 /usr/lib/gcc/riscv-none-elf/14.1.0/../../../../riscv-none-elf/lib/rv32imf_zicsr/ilp32f/libc.a(libc_a-reent.o)
 .note.GNU-stack
                0x00000000        0x0 /usr/lib/gcc/riscv-none-elf/14.1.0/../../../../riscv-none-elf/lib/rv32imf_zicsr/ilp32f/libc.a(libc_a-fstatr.o)
 .note.GNU-stack
                0x00000000        0x0 /usr/lib/gcc/riscv-none-elf/14.1.0/../../../../riscv-none-elf/lib/rv32imf_zicsr/ilp32f/libc.a(libc_a-memmove-stub.o)
 .note.GNU-stack
                0x00000000        0x0 /usr/lib/gcc/riscv-none-elf/14.1.0/../../../../riscv-none-elf/lib/rv32imf_zicsr/ilp32f/libc.a(libc_a-memcpy.o)
 .note.GNU-stack
                0x00000000        0x0 /usr/lib/gcc/riscv-none-elf/14.1.0/../../../../riscv-none-elf/lib/rv32imf_zicsr/ilp32f/libc.a(libc_a-fclose.o)
 .note.GNU-stack
                0x00000000        0x0 /usr/lib/gcc/riscv-none-elf/14.1.0/../../../../riscv-none-elf/lib/rv32imf_zicsr/ilp32f/libc.a(libc_a-assert.o)
 .note.GNU-stack
                0x00000000        0x0 /usr/lib/gcc/riscv-none-elf/14.1.0/../../../../riscv-none-elf/lib/rv32imf_zicsr/ilp32f/libc.a(libc_a-mbtowc_r.o)
 .note.GNU-stack