Archive member included to satisfy reference by file (symbol)

/usr/lib/gcc/riscv-none-elf/15.2.0/rv32imf_zicsr/ilp32f/libgcc.a(divdf3.o)
                              local_coremark_unified.o (__divdf3)
/usr/lib/gcc/riscv-none-elf/15.2.0/rv32imf_zicsr/ilp32f/libgcc.a(gedf2.o)
                              local_coremark_unified.o (__gtdf2)
/usr/lib/gcc/riscv-none-elf/15.2.0/rv32imf_zicsr/ilp32f/libgcc.a(ledf2.o)
                              local_coremark_unified.o (__ltdf2)
/usr/lib/gcc/riscv-none-elf/15.2.0/rv32imf_zicsr/ilp32f/libgcc.a(fixunsdfsi.o)
                              local_coremark_unified.o (__fixunsdfsi)
/usr/lib/gcc/riscv-none-elf/15.2.0/rv32imf_zicsr/ilp32f/libgcc.a(floatunsidf.o)
                              local_coremark_unified.o (__floatunsidf)
/usr/lib/gcc/riscv-none-elf/15.2.0/rv32imf_zicsr/ilp32f/libgcc.a(extendsfdf2.o)
                              local_coremark_unified.o (__extendsfdf2)
/usr/lib/gcc/riscv-none-elf/15.2.0/rv32imf_zicsr/ilp32f/libgcc.a(_clzsi2.o)
                              /usr/lib/gcc/riscv-none-elf/15.2.0/rv32imf_zicsr/ilp32f/libgcc.a(divdf3.o) (__clzsi2)
/usr/lib/gcc/riscv-none-elf/15.2.0/rv32imf_zicsr/ilp32f/libgcc.a(_clz.o)
                              /usr/lib/gcc/riscv-none-elf/15.2.0/rv32imf_zicsr/ilp32f/libgcc.a(_clzsi2.o) (__clz_tab)
/usr/lib/gcc/riscv-none-elf/15.2.0/../../../../riscv-none-elf/lib/rv32imf_zicsr/ilp32f/libc.a(libc_a-vfprintf.o)
                              local_coremark_unified.o (vfprintf)
/usr/lib/gcc/riscv-none-elf/15.2.0/../../../../riscv-none-elf/lib/rv32imf_zicsr/ilp32f/libc.a(libc_a-freer.o)
                              /usr/lib/gcc/riscv-none-elf/15.2.0/../../../../riscv-none-elf/lib/rv32imf_zicsr/ilp32f/libc.a(libc_a-vfprintf.o) (_free_r)
/usr/lib/gcc/riscv-none-elf/15.2.0/../../../../riscv-none-elf/lib/rv32imf_zicsr/ilp32f/libc.a(libc_a-localeconv.o)
                              /usr/lib/gcc/riscv-none-elf/15.2.0/../../../../riscv-none-elf/lib/rv32imf_zicsr/ilp32f/libc.a(libc_a-vfprintf.o) (_localeconv_r)
/usr/lib/gcc/riscv-none-elf/15.2.0/../../../../riscv-none-elf/lib/rv32imf_zicsr/ilp32f/libc.a(libc_a-lock.o)
                              /usr/lib/gcc/riscv-none-elf/15.2.0/../../../../riscv-none-elf/lib/rv32imf_zicsr/ilp32f/libc.a(libc_a-vfprintf.o) (__retarget_lock_init_recursive)
/usr/lib/gcc/riscv-none-elf/15.2.0/../../../../riscv-none-elf/lib/rv32imf_zicsr/ilp32f/libc.a(libc_a-strncpy.o)
                              /usr/lib/gcc/riscv-none-elf/15.2.0/../../../../riscv-none-elf/lib/rv32imf_zicsr/ilp32f/libc.a(libc_a-vfprintf.o) (strncpy)
/usr/lib/gcc/riscv-none-elf/15.2.0/../../../../riscv-none-elf/lib/rv32imf_zicsr/ilp32f/libc.a(libc_a-impure.o)
                              local_coremark_unified.o (_impure_ptr)
/usr/lib/gcc/riscv-none-elf/15.2.0/../../../../riscv-none-elf/lib/rv32imf_zicsr/ilp32f/libc.a(libc_a-sprint_r.o)
                              /usr/lib/gcc/riscv-none-elf/15.2.0/../../../../riscv-none-elf/lib/rv32imf_zicsr/ilp32f/libc.a(libc_a-vfprintf.o) (__sprint_r)
/usr/lib/gcc/riscv-none-elf/15.2.0/../../../../riscv-none-elf/lib/rv32imf_zicsr/ilp32f/libc.a(libc_a-memset.o)
                              local_coremark_unified.o (memset)
/usr/lib/gcc/riscv-none-elf/15.2.0/../../../../riscv-none-elf/lib/rv32imf_zicsr/ilp32f/libc.a(libc_a-strlen.o)
                              /usr/lib/gcc/riscv-none-elf/15.2.0/../../../../riscv-none-elf/lib/rv32imf_zicsr/ilp32f/libc.a(libc_a-vfprintf.o) (strlen)
/usr/lib/gcc/riscv-none-elf/15.2.0/../../../../riscv-none-elf/lib/rv32imf_zicsr/ilp32f/libc.a(libc_a-fvwrite.o)
                              /usr/lib/gcc/riscv-none-elf/15.2.0/../../../../riscv-none-elf/lib/rv32imf_zicsr/ilp32f/libc.a(libc_a-sprint_r.o) (__sfvwrite_r)
/usr/lib/gcc/riscv-none-elf/15.2.0/../../../../riscv-none-elf/lib/rv32imf_zicsr/ilp32f/libc.a(libc_a-wsetup.o)
                              /usr/lib/gcc/riscv-none-elf/15.2.0/../../../../riscv-none-elf/lib/rv32imf_zicsr/ilp32f/libc.a(libc_a-vfprintf.o) (__swsetup_r)
/usr/lib/gcc/riscv-none-elf/15.2.0/../../../../riscv-none-elf/lib/rv32imf_zicsr/ilp32f/libc.a(libc_a-mallocr.o)
                              /usr/lib/gcc/riscv-none-elf/15.2.0/../../../../riscv-none-elf/lib/rv32imf_zicsr/ilp32f/libc.a(libc_a-vfprintf.o) (_malloc_r)
/usr/lib/gcc/riscv-none-elf/15.2.0/../../../../riscv-none-elf/lib/rv32imf_zicsr/ilp32f/libc.a(libc_a-fflush.o)
                              /usr/lib/gcc/riscv-none-elf/15.2.0/../../../../riscv-none-elf/lib/rv32imf_zicsr/ilp32f/libc.a(libc_a-vfprintf.o) (_fflush_r)
/usr/lib/gcc/riscv-none-elf/15.2.0/../../../../riscv-none-elf/lib/rv32imf_zicsr/ilp32f/libc.a(libc_a-makebuf.o)
                              /usr/lib/gcc/riscv-none-elf/15.2.0/../../../../riscv-none-elf/lib/rv32imf_zicsr/ilp32f/libc.a(libc_a-wsetup.o) (__smakebuf_r)
/usr/lib/gcc/riscv-none-elf/15.2.0/../../../../riscv-none-elf/lib/rv32imf_zicsr/ilp32f/libc.a(libc_a-mlock.o)
[...]
Memory Configuration

Name             Origin             Length             Attributes
RAM              0x00001000         0x08000000         xrw
*default*        0x00000000         0xffffffff

Linker script and memory map

LOAD local_crt0.o
LOAD local_coremark_unified.o
LOAD /usr/lib/gcc/riscv-none-elf/15.2.0/../../../../riscv-none-elf/lib/rv32imf_zicsr/ilp32f/libm.a
LOAD /usr/lib/gcc/riscv-none-elf/15.2.0/rv32imf_zicsr/ilp32f/libgcc.a
START GROUP
LOAD /usr/lib/gcc/riscv-none-elf/15.2.0/../../../../riscv-none-elf/lib/rv32imf_zicsr/ilp32f/libc.a
LOAD /usr/lib/gcc/riscv-none-elf/15.2.0/../../../../riscv-none-elf/lib/rv32imf_zicsr/ilp32f/libgloss.a
END GROUP
LOAD /usr/lib/gcc/riscv-none-elf/15.2.0/rv32imf_zicsr/ilp32f/libgcc.a
                0x00001000                        . = 0x1000

.text           0x00001000    0x117a4
 *(.text.init)
 .text.init     0x00001000       0x68 local_crt0.o
                0x00001000                _start
 *(.text .text.*)
 .text          0x00001068        0x0 local_crt0.o
 .text          0x00001068     0x2f80 local_coremark_unified.o
                0x00001068                _fstat
                0x00001078                _isatty
                0x00001080                _close
                0x00001088                _lseek
                0x00001090                _read
                0x00001098                _write
                0x00001190                ee_printf
                0x000011dc                _exit
                0x00001218                abort
                0x00001234                start_time
                0x00001240                stop_time
                0x0000124c                get_time
                0x0000125c                time_in_secs
                0x00001284                portable_malloc
                0x000012c4                portable_free
                0x000012c8                reset_portable_malloc
                0x000012d0                _sbrk
                0x00001318                portable_init
                0x00001324                portable_fini
                0x00001338                calc_func
                0x00001460                cmp_complex
                0x000016a4                cmp_idx
                0x000016f8                copy_info
                0x00001708                core_bench_list
                0x00001db8                core_list_init
                0x000020d4                core_list_insert_new
                0x00002130                core_list_remove
                0x00002158                core_list_undo_remove
                0x00002178                core_list_find
                0x000021c4                core_list_reverse
                0x000021e8                core_list_mergesort
                0x0000239c                core_init_state
                0x00002570                core_state_transition
                0x00002858                core_bench_state
                0x00002a64                iterate
                0x00002b34                get_seed_32
                0x00002b88                crcu8
                0x00002cb8                crcu16
                0x00002ee0                crcu32
                0x00003300                crc16
                0x0000352c                check_data_types
                0x00003534                core_init_matrix
                0x000036bc                matrix_sum
                0x00003748                matrix_mul_const
                0x000037dc                matrix_add_const
                0x00003830                matrix_mul_vect
                0x00003888                matrix_mul_matrix
                0x00003910                matrix_mul_matrix_bitextract
                0x00003a24                matrix_test
                0x00003fac                core_bench_matrix
 .text.startup  0x00003fe8      0xa00 local_coremark_unified.o
                0x00003fe8                main
 .text          0x000049e8        0x0 /usr/lib/gcc/riscv-none-elf/15.2.0/rv32imf_zicsr/ilp32f/libgcc.a(divdf3.o)
 .text.__divdf3
                0x000049e8      0x880 /usr/lib/gcc/riscv-none-elf/15.2.0/rv32imf_zicsr/ilp32f/libgcc.a(divdf3.o)
                0x000049e8                __divdf3
 .text          0x00005268        0x0 /usr/lib/gcc/riscv-none-elf/15.2.0/rv32imf_zicsr/ilp32f/libgcc.a(gedf2.o)
 .text.__gedf2  0x00005268       0xd8 /usr/lib/gcc/riscv-none-elf/15.2.0/rv32imf_zicsr/ilp32f/libgcc.a(gedf2.o)
                0x00005268                __gtdf2
                0x00005268                __gedf2
 .text          0x00005340        0x0 /usr/lib/gcc/riscv-none-elf/15.2.0/rv32imf_zicsr/ilp32f/libgcc.a(ledf2.o)
 .text.__ledf2  0x00005340       0xd8 /usr/lib/gcc/riscv-none-elf/15.2.0/rv32imf_zicsr/ilp32f/libgcc.a(ledf2.o)
                0x00005340                __ltdf2
                0x00005340                __ledf2
 .text          0x00005418        0x0 /usr/lib/gcc/riscv-none-elf/15.2.0/rv32imf_zicsr/ilp32f/libgcc.a(fixunsdfsi.o)
 .text.__fixunsdfsi
                0x00005418       0xc0 /usr/lib/gcc/riscv-none-elf/15.2.0/rv32imf_zicsr/ilp32f/libgcc.a(fixunsdfsi.o)
                0x00005418                __fixunsdfsi
 .text          0x000054d8        0x0 /usr/lib/gcc/riscv-none-elf/15.2.0/rv32imf_zicsr/ilp32f/libgcc.a(floatunsidf.o)
 .text.__floatunsidf
                0x000054d8       0x7c /usr/lib/gcc/riscv-none-elf/15.2.0/rv32imf_zicsr/ilp32f/libgcc.a(floatunsidf.o)
                0x000054d8                __floatunsidf
 .text          0x00005554        0x0 /usr/lib/gcc/riscv-none-elf/15.2.0/rv32imf_zicsr/ilp32f/libgcc.a(extendsfdf2.o)
 .text.__extendsfdf2
                0x00005554      0x114 /usr/lib/gcc/riscv-none-elf/15.2.0/rv32imf_zicsr/ilp32f/libgcc.a(extendsfdf2.o)
                0x00005554                __extendsfdf2
 .text          0x00005668        0x0 /usr/lib/gcc/riscv-none-elf/15.2.0/rv32imf_zicsr/ilp32f/libgcc.a(_clzsi2.o)
 .text.__clzsi2
                0x00005668       0x4c /usr/lib/gcc/riscv-none-elf/15.2.0/rv32imf_zicsr/ilp32f/libgcc.a(_clzsi2.o)
                0x00005668                __clzsi2
 .text          0x000056b4        0x0 /usr/lib/gcc/riscv-none-elf/15.2.0/rv32imf_zicsr/ilp32f/libgcc.a(_clz.o)
 .text          0x000056b4        0x0 /usr/lib/gcc/riscv-none-elf/15.2.0/../../../../riscv-none-elf/lib/rv32imf_zicsr/ilp32f/libc.a(libc_a-vfprintf.o)
 .text._vfprintf_r
                0x000056b4     0x31e0 /usr/lib/gcc/riscv-none-elf/15.2.0/../../../../riscv-none-elf/lib/rv32imf_zicsr/ilp32f/libc.a(libc_a-vfprintf.o)
                0x000056b4                _vfprintf_r
 .text.vfprintf
                0x00008894       0x1c /usr/lib/gcc/riscv-none-elf/15.2.0/../../../../riscv-none-elf/lib/rv32imf_zicsr/ilp32f/libc.a(libc_a-vfprintf.o)
                0x00008894                vfprintf
 .text.__sbprintf
                0x000088b0       0xe4 /usr/lib/gcc/riscv-none-elf/15.2.0/../../../../riscv-none-elf/lib/rv32imf_zicsr/ilp32f/libc.a(libc_a-vfprintf.o)
 .text          0x00008994        0x0 /usr/lib/gcc/riscv-none-elf/15.2.0/../../../../riscv-none-elf/lib/rv32imf_zicsr/ilp32f/libc.a(libc_a-freer.o)
 .text._malloc_trim_r
                0x00008994      0x12c /usr/lib/gcc/riscv-none-elf/15.2.0/../../../../riscv-none-elf/lib/rv32imf_zicsr/ilp32f/libc.a(libc_a-freer.o)
                0x00008994                _malloc_trim_r
 .text._free_r  0x00008ac0      0x2e8 /usr/lib/gcc/riscv-none-elf/15.2.0/../../../../riscv-none-elf/lib/rv32imf_zicsr/ilp32f/libc.a(libc_a-freer.o)
                0x00008ac0                _free_r
 .text          0x00008da8        0x0 /usr/lib/gcc/riscv-none-elf/15.2.0/../../../../riscv-none-elf/lib/rv32imf_zicsr/ilp32f/libc.a(libc_a-localeconv.o)
 .text.__localeconv_l
                0x00008da8        0x8 /usr/lib/gcc/riscv-none-elf/15.2.0/../../../../riscv-none-elf/lib/rv32imf_zicsr/ilp32f/libc.a(libc_a-localeconv.o)
                0x00008da8                __localeconv_l
 .text._localeconv_r
                0x00008db0        0xc /usr/lib/gcc/riscv-none-elf/15.2.0/../../../../riscv-none-elf/lib/rv32imf_zicsr/ilp32f/libc.a(libc_a-localeconv.o)
                0x00008db0                _localeconv_r
 .text.localeconv
                0x00008dbc        0xc /usr/lib/gcc/riscv-none-elf/15.2.0/../../../../riscv-none-elf/lib/rv32imf_zicsr/ilp32f/libc.a(libc_a-localeconv.o)
                0x00008dbc                localeconv
 .text          0x00008dc8        0x0 /usr/lib/gcc/riscv-none-elf/15.2.0/../../../../riscv-none-elf/lib/rv32imf_zicsr/ilp32f/libc.a(libc_a-lock.o)
 .text.__retarget_lock_init
                0x00008dc8        0x4 /usr/lib/gcc/riscv-none-elf/15.2.0/../../../../riscv-none-elf/lib/rv32imf_zicsr/ilp32f/libc.a(libc_a-lock.o)
                0x00008dc8                __retarget_lock_init
 .text.__retarget_lock_init_recursive
                0x00008dcc        0x4 /usr/lib/gcc/riscv-none-elf/15.2.0/../../../../riscv-none-elf/lib/rv32imf_zicsr/ilp32f/libc.a(libc_a-lock.o)
                0x00008dcc                __retarget_lock_init_recursive
 .text.__retarget_lock_close
                0x00008dd0        0x4 /usr/lib/gcc/riscv-none-elf/15.2.0/../../../../riscv-none-elf/lib/rv32imf_zicsr/ilp32f/libc.a(libc_a-lock.o)
                0x00008dd0                __retarget_lock_close
 .text.__retarget_lock_close_recursive
                0x00008dd4        0x4 /usr/lib/gcc/riscv-none-elf/15.2.0/../../../../riscv-none-elf/lib/rv32imf_zicsr/ilp32f/libc.a(libc_a-lock.o)
                0x00008dd4                __retarget_lock_close_recursive
 .text.__retarget_lock_acquire
                0x00008dd8        0x4 /usr/lib/gcc/riscv-none-elf/15.2.0/../../../../riscv-none-elf/lib/rv32imf_zicsr/ilp32f/libc.a(libc_a-lock.o)
                0x00008dd8                __retarget_lock_acquire
 .text.__retarget_lock_acquire_recursive
                0x00008ddc        0x4 /usr/lib/gcc/riscv-none-elf/15.2.0/../../../../riscv-none-elf/lib/rv32imf_zicsr/ilp32f/libc.a(libc_a-lock.o)
                0x00008ddc                __retarget_lock_acquire_recursive
 .text.__retarget_lock_try_acquire
                0x00008de0        0x8 /usr/lib/gcc/riscv-none-elf/15.2.0/../../../../riscv-none-elf/lib/rv32imf_zicsr/ilp32f/libc.a(libc_a-lock.o)
                0x00008de0                __retarget_lock_try_acquire
 .text.__retarget_lock_try_acquire_recursive
                0x00008de8        0x8 /usr/lib/gcc/riscv-none-elf/15.2.0/../../../../riscv-none-elf/lib/rv32imf_zicsr/ilp32f/libc.a(libc_a-lock.o)
                0x00008de8                __retarget_lock_try_acquire_recursive
 .text.__retarget_lock_release
                0x00008df0        0x4 /usr/lib/gcc/riscv-none-elf/15.2.0/../../../../riscv-none-elf/lib/rv32imf_zicsr/ilp32f/libc.a(libc_a-lock.o)
                0x00008df0                __retarget_lock_release
 .text.__retarget_lock_release_recursive
                0x00008df4        0x4 /usr/lib/gcc/riscv-none-elf/15.2.0/../../../../riscv-none-elf/lib/rv32imf_zicsr/ilp32f/libc.a(libc_a-lock.o)
                0x00008df4                __retarget_lock_release_recursive
 .text          0x00008df8        0x0 /usr/lib/gcc/riscv-none-elf/15.2.0/../../../../riscv-none-elf/lib/rv32imf_zicsr/ilp32f/libc.a(libc_a-strncpy.o)
 .text.strncpy  0x00008df8       0xa8 /usr/lib/gcc/riscv-none-elf/15.2.0/../../../../riscv-none-elf/lib/rv32imf_zicsr/ilp32f/libc.a(libc_a-strncpy.o)
                0x00008df8                strncpy
 .text          0x00008ea0        0x0 /usr/lib/gcc/riscv-none-elf/15.2.0/../../../../riscv-none-elf/lib/rv32imf_zicsr/ilp32f/libc.a(libc_a-impure.o)
 .text          0x00008ea0        0x0 /usr/lib/gcc/riscv-none-elf/15.2.0/../../../../riscv-none-elf/lib/rv32imf_zicsr/ilp32f/libc.a(libc_a-sprint_r.o)
 .text.__sprint_r
                0x00008ea0       0x3c /usr/lib/gcc/riscv-none-elf/15.2.0/../../../../riscv-none-elf/lib/rv32imf_zicsr/ilp32f/libc.a(libc_a-sprint_r.o)
                0x00008ea0                __sprint_r
 .text          0x00008edc       0xdc /usr/lib/gcc/riscv-none-elf/15.2.0/../../../../riscv-none-elf/lib/rv32imf_zicsr/ilp32f/libc.a(libc_a-memset.o)
                0x00008edc                memset
 .text          0x00008fb8        0x0 /usr/lib/gcc/riscv-none-elf/15.2.0/../../../../riscv-none-elf/lib/rv32imf_zicsr/ilp32f/libc.a(libc_a-strlen.o)
 .text.strlen   0x00008fb8       0x8c /usr/lib/gcc/riscv-none-elf/15.2.0/../../../../riscv-none-elf/lib/rv32imf_zicsr/ilp32f/libc.a(libc_a-strlen.o)
                0x00008fb8                strlen
 .text          0x00009044        0x0 /usr/lib/gcc/riscv-none-elf/15.2.0/../../../../riscv-none-elf/lib/rv32imf_zicsr/ilp32f/libc.a(libc_a-fvwrite.o)
 .text.__sfvwrite_r
                0x00009044      0x4c0 /usr/lib/gcc/riscv-none-elf/15.2.0/../../../../riscv-none-elf/lib/rv32imf_zicsr/ilp32f/libc.a(libc_a-fvwrite.o)
                0x00009044                __sfvwrite_r
 .text          0x00009504        0x0 /usr/lib/gcc/riscv-none-elf/15.2.0/../../../../riscv-none-elf/lib/rv32imf_zicsr/ilp32f/libc.a(libc_a-wsetup.o)
 .text.__swsetup_r
                0x00009504      0x168 /usr/lib/gcc/riscv-none-elf/15.2.0/../../../../riscv-none-elf/lib/rv32imf_zicsr/ilp32f/libc.a(libc_a-wsetup.o)
                0x00009504                __swsetup_r
 .text          0x0000966c        0x0 /usr/lib/gcc/riscv-none-elf/15.2.0/../../../../riscv-none-elf/lib/rv32imf_zicsr/ilp32f/libc.a(libc_a-mallocr.o)
 .text._malloc_r
                0x0000966c      0x884 /usr/lib/gcc/riscv-none-elf/15.2.0/../../../../riscv-none-elf/lib/rv32imf_zicsr/ilp32f/libc.a(libc_a-mallocr.o)
                0x0000966c                _malloc_r
 .text          0x00009ef0        0x0 /usr/lib/gcc/riscv-none-elf/15.2.0/../../../../riscv-none-elf/lib/rv32imf_zicsr/ilp32f/libc.a(libc_a-fflush.o)
 .text.__sflush_r
                0x00009ef0      0x25c /usr/lib/gcc/riscv-none-elf/15.2.0/../../../../riscv-none-elf/lib/rv32imf_zicsr/ilp32f/libc.a(libc_a-fflush.o)
                0x00009ef0                __sflush_r
 .text._fflush_r
                0x0000a14c       0xc8 /usr/lib/gcc/riscv-none-elf/15.2.0/../../../../riscv-none-elf/lib/rv32imf_zicsr/ilp32f/libc.a(libc_a-fflush.o)
                0x0000a14c                _fflush_r
 .text.fflush   0x0000a214       0xe8 /usr/lib/gcc/riscv-none-elf/15.2.0/../../../../riscv-none-elf/lib/rv32imf_zicsr/ilp32f/libc.a(libc_a-fflush.o)
                0x0000a214                fflush
 .text          0x0000a2fc        0x0 /usr/lib/gcc/riscv-none-elf/15.2.0/../../../../riscv-none-elf/lib/rv32imf_zicsr/ilp32f/libc.a(libc_a-makebuf.o)
 .text.__smakebuf_r
                0x0000a2fc      0x178 /usr/lib/gcc/riscv-none-elf/15.2.0/../../../../riscv-none-elf/lib/rv32imf_zicsr/ilp32f/libc.a(libc_a-makebuf.o)
                0x0000a2fc                __smakebuf_r
 .text.__swhatbuf_r
                0x0000a474       0xf4 /usr/lib/gcc/riscv-none-elf/15.2.0/../../../../riscv-none-elf/lib/rv32imf_zicsr/ilp32f/libc.a(libc_a-makebuf.o)
                0x0000a474                __swhatbuf_r
 .text          0x0000a568        0x0 /usr/lib/gcc/riscv-none-elf/15.2.0/../../../../riscv-none-elf/lib/rv32imf_zicsr/ilp32f/libc.a(libc_a-mlock.o)
 .text.__malloc_lock
                0x0000a568        0x8 /usr/lib/gcc/riscv-none-elf/15.2.0/../../../../riscv-none-elf/lib/rv32imf_zicsr/ilp32f/libc.a(libc_a-mlock.o)
                0x0000a568                __malloc_lock
 .text.__malloc_unlock
                0x0000a570        0x8 /usr/lib/gcc/riscv-none-elf/15.2.0/../../../../riscv-none-elf/lib/rv32imf_zicsr/ilp32f/libc.a(libc_a-mlock.o)
                0x0000a570                __malloc_unlock
 .text          0x0000a578        0x0 /usr/lib/gcc/riscv-none-elf/15.2.0/../../../../riscv-none-elf/lib/rv32imf_zicsr/ilp32f/libc.a(libm_a-s_frexp.o)
 .text.frexp    0x0000a578       0xbc /usr/lib/gcc/riscv-none-elf/15.2.0/../../../../riscv-none-elf/lib/rv32imf_zicsr/ilp32f/libc.a(libm_a-s_frexp.o)
                0x0000a578                frexp
 .text          0x0000a634        0x0 /usr/lib/gcc/riscv-none-elf/15.2.0/../../../../riscv-none-elf/lib/rv32imf_zicsr/ilp32f/libc.a(libc_a-memchr.o)
 .text.memchr   0x0000a634       0xa4 /usr/lib/gcc/riscv-none-elf/15.2.0/../../../../riscv-none-elf/lib/rv32imf_zicsr/ilp32f/libc.a(libc_a-memchr.o)
                0x0000a634                memchr
 .text          0x0000a6d8        0x0 /usr/lib/gcc/riscv-none-elf/15.2.0/../../../../riscv-none-elf/lib/rv32imf_zicsr/ilp32f/libc.a(libc_a-dtoa.o)
 .text.quorem   0x0000a6d8      0x1e8 /usr/lib/gcc/riscv-none-elf/15.2.0/../../../../riscv-none-elf/lib/rv32imf_zicsr/ilp32f/libc.a(libc_a-dtoa.o)
 .text._dtoa_r  0x0000a8c0     0x18f8 /usr/lib/gcc/riscv-none-elf/15.2.0/../../../../riscv-none-elf/lib/rv32imf_zicsr/ilp32f/libc.a(libc_a-dtoa.o)
                0x0000a8c0                _dtoa_r
 .text          0x0000c1b8        0x0 /usr/lib/gcc/riscv-none-elf/15.2.0/../../../../riscv-none-elf/lib/rv32imf_zicsr/ilp32f/libc.a(libc_a-sbrkr.o)
 .text._sbrk_r  0x0000c1b8       0x5c /usr/lib/gcc/riscv-none-elf/15.2.0/../../../../riscv-none-elf/lib/rv32imf_zicsr/ilp32f/libc.a(libc_a-sbrkr.o)
                0x0000c1b8                _sbrk_r
 .text          0x0000c214        0x0 /usr/lib/gcc/riscv-none-elf/15.2.0/../../../../riscv-none-elf/lib/rv32imf_zicsr/ilp32f/libc.a(libc_a-findfp.o)
 .text.stdio_exit_handler
                0x0000c214       0x1c /usr/lib/gcc/riscv-none-elf/15.2.0/../../../../riscv-none-elf/lib/rv32imf_zicsr/ilp32f/libc.a(libc_a-findfp.o)
 .text.cleanup_stdio
                0x0000c230       0x70 /usr/lib/gcc/riscv-none-elf/15.2.0/../../../../riscv-none-elf/lib/rv32imf_zicsr/ilp32f/libc.a(libc_a-findfp.o)
 .text.__fp_lock
                0x0000c2a0       0x40 /usr/lib/gcc/riscv-none-elf/15.2.0/../../../../riscv-none-elf/lib/rv32imf_zicsr/ilp32f/libc.a(libc_a-findfp.o)
 .text.__fp_unlock
                0x0000c2e0       0x40 /usr/lib/gcc/riscv-none-elf/15.2.0/../../../../riscv-none-elf/lib/rv32imf_zicsr/ilp32f/libc.a(libc_a-findfp.o)
 .text.global_stdio_init.part.0
                0x0000c320      0x18c /usr/lib/gcc/riscv-none-elf/15.2.0/../../../../riscv-none-elf/lib/rv32imf_zicsr/ilp32f/libc.a(libc_a-findfp.o)
 .text.__sfp    0x0000c4ac      0x154 /usr/lib/gcc/riscv-none-elf/15.2.0/../../../../riscv-none-elf/lib/rv32imf_zicsr/ilp32f/libc.a(libc_a-findfp.o)
                0x0000c4ac                __sfp
 .text.__sinit  0x0000c600       0x6c /usr/lib/gcc/riscv-none-elf/15.2.0/../../../../riscv-none-elf/lib/rv32imf_zicsr/ilp32f/libc.a(libc_a-findfp.o)
                0x0000c600                __sinit
 .text.__sfp_lock_acquire
                0x0000c66c        0x8 /usr/lib/gcc/riscv-none-elf/15.2.0/../../../../riscv-none-elf/lib/rv32imf_zicsr/ilp32f/libc.a(libc_a-findfp.o)
                0x0000c66c                __sfp_lock_acquire
 .text.__sfp_lock_release
                0x0000c674        0x8 /usr/lib/gcc/riscv-none-elf/15.2.0/../../../../riscv-none-elf/lib/rv32imf_zicsr/ilp32f/libc.a(libc_a-findfp.o)
                0x0000c674                __sfp_lock_release
 .text.__fp_lock_all
                0x0000c67c       0x30 /usr/lib/gcc/riscv-none-elf/15.2.0/../../../../riscv-none-elf/lib/rv32imf_zicsr/ilp32f/libc.a(libc_a-findfp.o)
                0x0000c67c                __fp_lock_all
 .text.__fp_unlock_all
                0x0000c6ac       0x30 /usr/lib/gcc/riscv-none-elf/15.2.0/../../../../riscv-none-elf/lib/rv32imf_zicsr/ilp32f/libc.a(libc_a-findfp.o)
                0x0000c6ac                __fp_unlock_all
 .text          0x0000c6dc        0x0 /usr/lib/gcc/riscv-none-elf/15.2.0/../../../../riscv-none-elf/lib/rv32imf_zicsr/ilp32f/libc.a(libc_a-reallocr.o)
 .text._realloc_r
                0x0000c6dc      0x630 /usr/lib/gcc/riscv-none-elf/15.2.0/../../../../riscv-none-elf/lib/rv32imf_zicsr/ilp32f/libc.a(libc_a-reallocr.o)
                0x0000c6dc                _realloc_r
 .text          0x0000cd0c        0x0 /usr/lib/gcc/riscv-none-elf/15.2.0/../../../../riscv-none-elf/lib/rv32imf_zicsr/ilp32f/libc.a(libc_a-locale.o)
 .text._setlocale_r
                0x0000cd0c       0x84 /usr/lib/gcc/riscv-none-elf/15.2.0/../../../../riscv-none-elf/lib/rv32imf_zicsr/ilp32f/libc.a(libc_a-locale.o)
                0x0000cd0c                _setlocale_r
 .text.__locale_mb_cur_max
                0x0000cd90        0xc /usr/lib/gcc/riscv-none-elf/15.2.0/../../../../riscv-none-elf/lib/rv32imf_zicsr/ilp32f/libc.a(libc_a-locale.o)
                0x0000cd90                __locale_mb_cur_max
 .text.setlocale
                0x0000cd9c       0x84 /usr/lib/gcc/riscv-none-elf/15.2.0/../../../../riscv-none-elf/lib/rv32imf_zicsr/ilp32f/libc.a(libc_a-locale.o)
                0x0000cd9c                setlocale
 .text          0x0000ce20        0x0 /usr/lib/gcc/riscv-none-elf/15.2.0/../../../../riscv-none-elf/lib/rv32imf_zicsr/ilp32f/libc.a(libc_a-ctype_.o)
 .text          0x0000ce20        0x0 /usr/lib/gcc/riscv-none-elf/15.2.0/../../../../riscv-none-elf/lib/rv32imf_zicsr/ilp32f/libc.a(libc_a-stdio.o)
 .text.__sread  0x0000ce20       0x5c /usr/lib/gcc/riscv-none-elf/15.2.0/../../../../riscv-none-elf/lib/rv32imf_zicsr/ilp32f/libc.a(libc_a-stdio.o)
                0x0000ce20                __sread
 .text.__seofread
                0x0000ce7c        0x8 /usr/lib/gcc/riscv-none-elf/15.2.0/../../../../riscv-none-elf/lib/rv32imf_zicsr/ilp32f/libc.a(libc_a-stdio.o)
                0x0000ce7c                __seofread
 .text.__swrite
                0x0000ce84       0x88 /usr/lib/gcc/riscv-none-elf/15.2.0/../../../../riscv-none-elf/lib/rv32imf_zicsr/ilp32f/libc.a(libc_a-stdio.o)
                0x0000ce84                __swrite
 .text.__sseek  0x0000cf0c       0x64 /usr/lib/gcc/riscv-none-elf/15.2.0/../../../../riscv-none-elf/lib/rv32imf_zicsr/ilp32f/libc.a(libc_a-stdio.o)
                0x0000cf0c                __sseek
 .text.__sclose
                0x0000cf70        0x8 /usr/lib/gcc/riscv-none-elf/15.2.0/../../../../riscv-none-elf/lib/rv32imf_zicsr/ilp32f/libc.a(libc_a-stdio.o)
                0x0000cf70                __sclose
 .text          0x0000cf78        0x0 /usr/lib/gcc/riscv-none-elf/15.2.0/../../../../riscv-none-elf/lib/rv32imf_zicsr/ilp32f/libc.a(libc_a-wctomb_r.o)
 .text._wctomb_r
                0x0000cf78        0xc /usr/lib/gcc/riscv-none-elf/15.2.0/../../../../riscv-none-elf/lib/rv32imf_zicsr/ilp32f/libc.a(libc_a-wctomb_r.o)
                0x0000cf78                _wctomb_r
 .text.__ascii_wctomb
                0x0000cf84       0x30 /usr/lib/gcc/riscv-none-elf/15.2.0/../../../../riscv-none-elf/lib/rv32imf_zicsr/ilp32f/libc.a(libc_a-wctomb_r.o)
                0x0000cf84                __ascii_wctomb
 .text          0x0000cfb4        0x0 /usr/lib/gcc/riscv-none-elf/15.2.0/../../../../riscv-none-elf/lib/rv32imf_zicsr/ilp32f/libc.a(libc_a-closer.o)
 .text._close_r
                0x0000cfb4       0x5c /usr/lib/gcc/riscv-none-elf/15.2.0/../../../../riscv-none-elf/lib/rv32imf_zicsr/ilp32f/libc.a(libc_a-closer.o)
                0x0000cfb4                _close_r
 .text          0x0000d010        0x0 /usr/lib/gcc/riscv-none-elf/15.2.0/../../../../riscv-none-elf/lib/rv32imf_zicsr/ilp32f/libc.a(libc_a-reent.o)
 .text._reclaim_reent
                0x0000d010       0xe8 /usr/lib/gcc/riscv-none-elf/15.2.0/../../../../riscv-none-elf/lib/rv32imf_zicsr/ilp32f/libc.a(libc_a-reent.o)
                0x0000d010                _reclaim_reent
 .text          0x0000d0f8        0x0 /usr/lib/gcc/riscv-none-elf/15.2.0/../../../../riscv-none-elf/lib/rv32imf_zicsr/ilp32f/libc.a(libc_a-memmove-stub.o)
 .text.memmove  0x0000d0f8      0x128 /usr/lib/gcc/riscv-none-elf/15.2.0/../../../../riscv-none-elf/lib/rv32imf_zicsr/ilp32f/libc.a(libc_a-memmove-stub.o)
                0x0000d0f8                memmove
 .text          0x0000d220        0x0 /usr/lib/gcc/riscv-none-elf/15.2.0/../../../../riscv-none-elf/lib/rv32imf_zicsr/ilp32f/libc.a(libc_a-memcpy.o)
 .text.memcpy   0x0000d220      0x128 /usr/lib/gcc/riscv-none-elf/15.2.0/../../../../riscv-none-elf/lib/rv32imf_zicsr/ilp32f/libc.a(libc_a-memcpy.o)
                0x0000d220                memcpy
 .text          0x0000d348      0x17c /usr/lib/gcc/riscv-none-elf/15.2.0/../../../../riscv-none-elf/lib/rv32imf_zicsr/ilp32f/libc.a(libc_a-strcmp.o)
                0x0000d348                strcmp
 .text          0x0000d4c4        0x0 /usr/lib/gcc/riscv-none-elf/15.2.0/../../../../riscv-none-elf/lib/rv32imf_zicsr/ilp32f/libc.a(libc_a-fwalk.o)
 .text._fwalk_sglue
                0x0000d4c4       0xb4 /usr/lib/gcc/riscv-none-elf/15.2.0/../../../../riscv-none-elf/lib/rv32imf_zicsr/ilp32f/libc.a(libc_a-fwalk.o)
                0x0000d4c4                _fwalk_sglue
 .text          0x0000d578        0x0 /usr/lib/gcc/riscv-none-elf/15.2.0/../../../../riscv-none-elf/lib/rv32imf_zicsr/ilp32f/libc.a(libc_a-assert.o)
 .text.__assert_func
                0x0000d578       0x54 /usr/lib/gcc/riscv-none-elf/15.2.0/../../../../riscv-none-elf/lib/rv32imf_zicsr/ilp32f/libc.a(libc_a-assert.o)
                0x0000d578                __assert_func
 .text.__assert
                0x0000d5cc       0x14 /usr/lib/gcc/riscv-none-elf/15.2.0/../../../../riscv-none-elf/lib/rv32imf_zicsr/ilp32f/libc.a(libc_a-assert.o)
                0x0000d5cc                __assert
 .text          0x0000d5e0        0x0 /usr/lib/gcc/riscv-none-elf/15.2.0/../../../../riscv-none-elf/lib/rv32imf_zicsr/ilp32f/libc.a(libc_a-mbtowc_r.o)
 .text._mbtowc_r
                0x0000d5e0        0xc /usr/lib/gcc/riscv-none-elf/15.2.0/../../../../riscv-none-elf/lib/rv32imf_zicsr/ilp32f/libc.a(libc_a-mbtowc_r.o)
                0x0000d5e0                _mbtowc_r
 .text.__ascii_mbtowc
                0x0000d5ec       0x68 /usr/lib/gcc/riscv-none-elf/15.2.0/../../../../riscv-none-elf/lib/rv32imf_zicsr/ilp32f/libc.a(libc_a-mbtowc_r.o)
                0x0000d5ec                __ascii_mbtowc
 .text          0x0000d654        0x0 /usr/lib/gcc/riscv-none-elf/15.2.0/../../../../riscv-none-elf/lib/rv32imf_zicsr/ilp32f/libc.a(libc_a-fstatr.o)
 .text._fstat_r
                0x0000d654       0x64 /usr/lib/gcc/riscv-none-elf/15.2.0/../../../../riscv-none-elf/lib/rv32imf_zicsr/ilp32f/libc.a(libc_a-fstatr.o)
                0x0000d654                _fstat_r
 .text          0x0000d6b8        0x0 /usr/lib/gcc/riscv-none-elf/15.2.0/../../../../riscv-none-elf/lib/rv32imf_zicsr/ilp32f/libc.a(libc_a-isattyr.o)
 .text._isatty_r
                0x0000d6b8       0x5c /usr/lib/gcc/riscv-none-elf/15.2.0/../../../../riscv-none-elf/lib/rv32imf_zicsr/ilp32f/libc.a(libc_a-isattyr.o)
                0x0000d6b8                _isatty_r
 .text          0x0000d714        0x0 /usr/lib/gcc/riscv-none-elf/15.2.0/../../../../riscv-none-elf/lib/rv32imf_zicsr/ilp32f/libc.a(libc_a-lseekr.o)
 .text._lseek_r
                0x0000d714       0x68 /usr/lib/gcc/riscv-none-elf/15.2.0/../../../../riscv-none-elf/lib/rv32imf_zicsr/ilp32f/libc.a(libc_a-lseekr.o)
                0x0000d714                _lseek_r
 .text          0x0000d77c        0x0 /usr/lib/gcc/riscv-none-elf/15.2.0/../../../../riscv-none-elf/lib/rv32imf_zicsr/ilp32f/libc.a(libc_a-readr.o)
 .text._read_r  0x0000d77c       0x68 /usr/lib/gcc/riscv-none-elf/15.2.0/../../../../riscv-none-elf/lib/rv32imf_zicsr/ilp32f/libc.a(libc_a-readr.o)
                0x0000d77c                _read_r
 .text          0x0000d7e4        0x0 /usr/lib/gcc/riscv-none-elf/15.2.0/../../../../riscv-none-elf/lib/rv32imf_zicsr/ilp32f/libc.a(libc_a-fclose.o)
 .text._fclose_r
                0x0000d7e4      0x16c /usr/lib/gcc/riscv-none-elf/15.2.0/../../../../riscv-none-elf/lib/rv32imf_zicsr/ilp32f/libc.a(libc_a-fclose.o)
                0x0000d7e4                _fclose_r
 .text.fclose   0x0000d950       0x10 /usr/lib/gcc/riscv-none-elf/15.2.0/../../../../riscv-none-elf/lib/rv32imf_zicsr/ilp32f/libc.a(libc_a-fclose.o)
                0x0000d950                fclose
 .text          0x0000d960        0x0 /usr/lib/gcc/riscv-none-elf/15.2.0/../../../../riscv-none-elf/lib/rv32imf_zicsr/ilp32f/libc.a(libc_a-fiprintf.o)
 .text._fiprintf_r
                0x0000d960       0x38 /usr/lib/gcc/riscv-none-elf/15.2.0/../../../../riscv-none-elf/lib/rv32imf_zicsr/ilp32f/libc.a(libc_a-fiprintf.o)
                0x0000d960                _fiprintf_r
 .text.fiprintf
                0x0000d998       0x54 /usr/lib/gcc/riscv-none-elf/15.2.0/../../../../riscv-none-elf/lib/rv32imf_zicsr/ilp32f/libc.a(libc_a-fiprintf.o)
                0x0000d998                fiprintf
 .text          0x0000d9ec        0x0 /usr/lib/gcc/riscv-none-elf/15.2.0/../../../../riscv-none-elf/lib/rv32imf_zicsr/ilp32f/libc.a(libc_a-mprec.o)
 .text._Balloc  0x0000d9ec       0xac /usr/lib/gcc/riscv-none-elf/15.2.0/../../../../riscv-none-elf/lib/rv32imf_zicsr/ilp32f/libc.a(libc_a-mprec.o)
                0x0000d9ec                _Balloc
 .text._Bfree   0x0000da98       0x24 /usr/lib/gcc/riscv-none-elf/15.2.0/../../../../riscv-none-elf/lib/rv32imf_zicsr/ilp32f/libc.a(libc_a-mprec.o)
                0x0000da98                _Bfree
 .text.__multadd
                0x0000dabc      0x158 /usr/lib/gcc/riscv-none-elf/15.2.0/../../../../riscv-none-elf/lib/rv32imf_zicsr/ilp32f/libc.a(libc_a-mprec.o)
                0x0000dabc                __multadd
 .text.__s2b    0x0000dc14      0x140 /usr/lib/gcc/riscv-none-elf/15.2.0/../../../../riscv-none-elf/lib/rv32imf_zicsr/ilp32f/libc.a(libc_a-mprec.o)
                0x0000dc14                __s2b
 .text.__hi0bits
                0x0000dd54       0x8c /usr/lib/gcc/riscv-none-elf/15.2.0/../../../../riscv-none-elf/lib/rv32imf_zicsr/ilp32f/libc.a(libc_a-mprec.o)
                0x0000dd54                __hi0bits
 .text.__lo0bits
                0x0000dde0      0x118 /usr/lib/gcc/riscv-none-elf/15.2.0/../../../../riscv-none-elf/lib/rv32imf_zicsr/ilp32f/libc.a(libc_a-mprec.o)
                0x0000dde0                __lo0bits
 .text.__i2b    0x0000def8       0xd0 /usr/lib/gcc/riscv-none-elf/15.2.0/../../../../riscv-none-elf/lib/rv32imf_zicsr/ilp32f/libc.a(libc_a-mprec.o)
                0x0000def8                __i2b
 .text.__multiply
                0x0000dfc8      0x24c /usr/lib/gcc/riscv-none-elf/15.2.0/../../../../riscv-none-elf/lib/rv32imf_zicsr/ilp32f/libc.a(libc_a-mprec.o)
                0x0000dfc8                __multiply
 .text.__pow5mult
                0x0000e214      0x168 /usr/lib/gcc/riscv-none-elf/15.2.0/../../../../riscv-none-elf/lib/rv32imf_zicsr/ilp32f/libc.a(libc_a-mprec.o)
                0x0000e214                __pow5mult
 .text.__lshift
                0x0000e37c      0x188 /usr/lib/gcc/riscv-none-elf/15.2.0/../../../../riscv-none-elf/lib/rv32imf_zicsr/ilp32f/libc.a(libc_a-mprec.o)
                0x0000e37c                __lshift
 .text.__mcmp   0x0000e504       0x58 /usr/lib/gcc/riscv-none-elf/15.2.0/../../../../riscv-none-elf/lib/rv32imf_zicsr/ilp32f/libc.a(libc_a-mprec.o)
                0x0000e504                __mcmp
 .text.__mdiff  0x0000e55c      0x238 /usr/lib/gcc/riscv-none-elf/15.2.0/../../../../riscv-none-elf/lib/rv32imf_zicsr/ilp32f/libc.a(libc_a-mprec.o)
                0x0000e55c                __mdiff
 .text.__ulp    0x0000e794       0x68 /usr/lib/gcc/riscv-none-elf/15.2.0/../../../../riscv-none-elf/lib/rv32imf_zicsr/ilp32f/libc.a(libc_a-mprec.o)
                0x0000e794                __ulp
 .text.__b2d    0x0000e7fc      0x118 /usr/lib/gcc/riscv-none-elf/15.2.0/../../../../riscv-none-elf/lib/rv32imf_zicsr/ilp32f/libc.a(libc_a-mprec.o)
                0x0000e7fc                __b2d
 .text.__d2b    0x0000e914      0x148 /usr/lib/gcc/riscv-none-elf/15.2.0/../../../../riscv-none-elf/lib/rv32imf_zicsr/ilp32f/libc.a(libc_a-mprec.o)
                0x0000e914                __d2b
 .text.__ratio  0x0000ea5c       0xa4 /usr/lib/gcc/riscv-none-elf/15.2.0/../../../../riscv-none-elf/lib/rv32imf_zicsr/ilp32f/libc.a(libc_a-mprec.o)
                0x0000ea5c                __ratio
 .text._mprec_log10
                0x0000eb00       0x9c /usr/lib/gcc/riscv-none-elf/15.2.0/../../../../riscv-none-elf/lib/rv32imf_zicsr/ilp32f/libc.a(libc_a-mprec.o)
                0x0000eb00                _mprec_log10
 .text.__copybits
                0x0000eb9c       0x68 /usr/lib/gcc/riscv-none-elf/15.2.0/../../../../riscv-none-elf/lib/rv32imf_zicsr/ilp32f/libc.a(libc_a-mprec.o)
                0x0000eb9c                __copybits
 .text.__any_on
                0x0000ec04       0x64 /usr/lib/gcc/riscv-none-elf/15.2.0/../../../../riscv-none-elf/lib/rv32imf_zicsr/ilp32f/libc.a(libc_a-mprec.o)
                0x0000ec04                __any_on
 .text          0x0000ec68        0x0 /usr/lib/gcc/riscv-none-elf/15.2.0/../../../../riscv-none-elf/lib/rv32imf_zicsr/ilp32f/libc.a(libc_a-callocr.o)
 .text._calloc_r
                0x0000ec68       0xe0 /usr/lib/gcc/riscv-none-elf/15.2.0/../../../../riscv-none-elf/lib/rv32imf_zicsr/ilp32f/libc.a(libc_a-callocr.o)
                0x0000ec68                _calloc_r
 .text          0x0000ed48        0x0 /usr/lib/gcc/riscv-none-elf/15.2.0/../../../../riscv-none-elf/lib/rv32imf_zicsr/ilp32f/libc.a(libc_a-writer.o)
 .text._write_r
                0x0000ed48       0x68 /usr/lib/gcc/riscv-none-elf/15.2.0/../../../../riscv-none-elf/lib/rv32imf_zicsr/ilp32f/libc.a(libc_a-writer.o)
                0x0000ed48                _write_r
 .text          0x0000edb0        0x0 /usr/lib/gcc/riscv-none-elf/15.2.0/../../../../riscv-none-elf/lib/rv32imf_zicsr/ilp32f/libc.a(libc_a-errno.o)
 .text.__errno  0x0000edb0        0xc /usr/lib/gcc/riscv-none-elf/15.2.0/../../../../riscv-none-elf/lib/rv32imf_zicsr/ilp32f/libc.a(libc_a-errno.o)
                0x0000edb0                __errno
 .text          0x0000edbc        0x0 /usr/lib/gcc/riscv-none-elf/15.2.0/../../../../riscv-none-elf/lib/rv32imf_zicsr/ilp32f/libc.a(libc_a-vfiprintf.o)
 .text._vfiprintf_r
                0x0000edbc     0x146c /usr/lib/gcc/riscv-none-elf/15.2.0/../../../../riscv-none-elf/lib/rv32imf_zicsr/ilp32f/libc.a(libc_a-vfiprintf.o)
                0x0000edbc                _vfiprintf_r
 .text.vfiprintf
                0x00010228       0x1c /usr/lib/gcc/riscv-none-elf/15.2.0/../../../../riscv-none-elf/lib/rv32imf_zicsr/ilp32f/libc.a(libc_a-vfiprintf.o)
                0x00010228                vfiprintf
 .text.__sbprintf
                0x00010244       0xe4 /usr/lib/gcc/riscv-none-elf/15.2.0/../../../../riscv-none-elf/lib/rv32imf_zicsr/ilp32f/libc.a(libc_a-vfiprintf.o)
 .text          0x00010328        0x0 /usr/lib/gcc/riscv-none-elf/15.2.0/rv32imf_zicsr/ilp32f/libgcc.a(adddf3.o)
 .text.__adddf3
                0x00010328      0xaa4 /usr/lib/gcc/riscv-none-elf/15.2.0/rv32imf_zicsr/ilp32f/libgcc.a(adddf3.o)
                0x00010328                __adddf3
 .text          0x00010dcc        0x0 /usr/lib/gcc/riscv-none-elf/15.2.0/rv32imf_zicsr/ilp32f/libgcc.a(eqdf2.o)
 .text.__eqdf2  0x00010dcc       0xb4 /usr/lib/gcc/riscv-none-elf/15.2.0/rv32imf_zicsr/ilp32f/libgcc.a(eqdf2.o)
                0x00010dcc                __eqdf2
                0x00010dcc                __nedf2
 .text          0x00010e80        0x0 /usr/lib/gcc/riscv-none-elf/15.2.0/rv32imf_zicsr/ilp32f/libgcc.a(muldf3.o)
 .text.__muldf3
                0x00010e80      0x798 /usr/lib/gcc/riscv-none-elf/15.2.0/rv32imf_zicsr/ilp32f/libgcc.a(muldf3.o)
                0x00010e80                __muldf3
 .text          0x00011618        0x0 /usr/lib/gcc/riscv-none-elf/15.2.0/rv32imf_zicsr/ilp32f/libgcc.a(subdf3.o)
 .text.__subdf3
                0x00011618      0xab8 /usr/lib/gcc/riscv-none-elf/15.2.0/rv32imf_zicsr/ilp32f/libgcc.a(subdf3.o)
                0x00011618                __subdf3
 .text          0x000120d0        0x0 /usr/lib/gcc/riscv-none-elf/15.2.0/rv32imf_zicsr/ilp32f/libgcc.a(unorddf2.o)
 .text.__unorddf2
                0x000120d0       0x84 /usr/lib/gcc/riscv-none-elf/15.2.0/rv32imf_zicsr/ilp32f/libgcc.a(unorddf2.o)
                0x000120d0                __unorddf2
 .text          0x00012154        0x0 /usr/lib/gcc/riscv-none-elf/15.2.0/rv32imf_zicsr/ilp32f/libgcc.a(fixdfsi.o)
 .text.__fixdfsi
                0x00012154       0xf4 /usr/lib/gcc/riscv-none-elf/15.2.0/rv32imf_zicsr/ilp32f/libgcc.a(fixdfsi.o)
                0x00012154                __fixdfsi
 .text          0x00012248        0x0 /usr/lib/gcc/riscv-none-elf/15.2.0/rv32imf_zicsr/ilp32f/libgcc.a(floatsidf.o)
 .text.__floatsidf
                0x00012248       0xa0 /usr/lib/gcc/riscv-none-elf/15.2.0/rv32imf_zicsr/ilp32f/libgcc.a(floatsidf.o)
                0x00012248                __floatsidf
 .text          0x000122e8        0x0 /usr/lib/gcc/riscv-none-elf/15.2.0/rv32imf_zicsr/ilp32f/libgcc.a(trunctfdf2.o)
 .text.__trunctfdf2
                0x000122e8      0x4bc /usr/lib/gcc/riscv-none-elf/15.2.0/rv32imf_zicsr/ilp32f/libgcc.a(trunctfdf2.o)
                0x000122e8                __trunctfdf2

.tohost         0x000127c0      0x100
                0x000127c0                        . = ALIGN (0x40)
 *(.tohost)
 .tohost        0x000127c0       0xc8 local_coremark_unified.o
                0x000127c0                tohost
                0x00012800                tohost_ready
                0x00012840                fromhost_ready
                0x00012880                fromhost
                0x000128c0                        . = ALIGN (0x40)
 *fill*         0x00012888       0x38 

.rodata         0x000128c0      0xf4c
 *(.rodata .rodata.*)
 .rodata.str1.4
                0x000128c0      0x675 local_coremark_unified.o
                                0x506 (size before relaxing)
 *fill*         0x00012f35        0x3 
 .rodata        0x00012f38      0x258 local_coremark_unified.o
 .rodata.__divdf3
                0x00013190       0x3c /usr/lib/gcc/riscv-none-elf/15.2.0/rv32imf_zicsr/ilp32f/libgcc.a(divdf3.o)
 .rodata.__clz_tab
                0x000131cc      0x100 /usr/lib/gcc/riscv-none-elf/15.2.0/rv32imf_zicsr/ilp32f/libgcc.a(_clz.o)
                0x000131cc                __clz_tab
 .rodata._vfprintf_r.str1.4
                0x000132cc       0x42 /usr/lib/gcc/riscv-none-elf/15.2.0/../../../../riscv-none-elf/lib/rv32imf_zicsr/ilp32f/libc.a(libc_a-vfprintf.o)
 .rodata._vfprintf_r
                0x000132cc      0x16c /usr/lib/gcc/riscv-none-elf/15.2.0/../../../../riscv-none-elf/lib/rv32imf_zicsr/ilp32f/libc.a(libc_a-vfprintf.o)
 .rodata.zeroes.0
                0x00013438       0x10 /usr/lib/gcc/riscv-none-elf/15.2.0/../../../../riscv-none-elf/lib/rv32imf_zicsr/ilp32f/libc.a(libc_a-vfprintf.o)
 .rodata.blanks.1
                0x00013448       0x10 /usr/lib/gcc/riscv-none-elf/15.2.0/../../../../riscv-none-elf/lib/rv32imf_zicsr/ilp32f/libc.a(libc_a-vfprintf.o)
 .rodata._dtoa_r.str1.4
                0x00013458       0x84 /usr/lib/gcc/riscv-none-elf/15.2.0/../../../../riscv-none-elf/lib/rv32imf_zicsr/ilp32f/libc.a(libc_a-dtoa.o)
 .rodata._setlocale_r.str1.4
                0x00013458        0xd /usr/lib/gcc/riscv-none-elf/15.2.0/../../../../riscv-none-elf/lib/rv32imf_zicsr/ilp32f/libc.a(libc_a-locale.o)
 .rodata.str1.4
                0x00013458        0x2 /usr/lib/gcc/riscv-none-elf/15.2.0/../../../../riscv-none-elf/lib/rv32imf_zicsr/ilp32f/libc.a(libc_a-locale.o)
 .rodata._ctype_
                0x00013458      0x101 /usr/lib/gcc/riscv-none-elf/15.2.0/../../../../riscv-none-elf/lib/rv32imf_zicsr/ilp32f/libc.a(libc_a-ctype_.o)
                0x00013458                _ctype_
 .rodata.__assert_func.str1.4
                0x00013559       0x43 /usr/lib/gcc/riscv-none-elf/15.2.0/../../../../riscv-none-elf/lib/rv32imf_zicsr/ilp32f/libc.a(libc_a-assert.o)
 .rodata.__multadd.str1.4
                0x00013559       0x71 /usr/lib/gcc/riscv-none-elf/15.2.0/../../../../riscv-none-elf/lib/rv32imf_zicsr/ilp32f/libc.a(libc_a-mprec.o)
 *fill*         0x00013559        0x3 
 .rodata.p05.0  0x0001355c        0xc /usr/lib/gcc/riscv-none-elf/15.2.0/../../../../riscv-none-elf/lib/rv32imf_zicsr/ilp32f/libc.a(libc_a-mprec.o)
 .rodata.__mprec_tinytens
                0x00013568       0x28 /usr/lib/gcc/riscv-none-elf/15.2.0/../../../../riscv-none-elf/lib/rv32imf_zicsr/ilp32f/libc.a(libc_a-mprec.o)
                0x00013568                __mprec_tinytens
 .rodata.__mprec_bigtens
                0x00013590       0x28 /usr/lib/gcc/riscv-none-elf/15.2.0/../../../../riscv-none-elf/lib/rv32imf_zicsr/ilp32f/libc.a(libc_a-mprec.o)
                0x00013590                __mprec_bigtens
 .rodata.__mprec_tens
                0x000135b8       0xc8 /usr/lib/gcc/riscv-none-elf/15.2.0/../../../../riscv-none-elf/lib/rv32imf_zicsr/ilp32f/libc.a(libc_a-mprec.o)
                0x000135b8                __mprec_tens
 .rodata._vfiprintf_r.str1.4
                0x00013680       0x2f /usr/lib/gcc/riscv-none-elf/15.2.0/../../../../riscv-none-elf/lib/rv32imf_zicsr/ilp32f/libc.a(libc_a-vfiprintf.o)
 .rodata._vfiprintf_r
                0x00013680      0x16c /usr/lib/gcc/riscv-none-elf/15.2.0/../../../../riscv-none-elf/lib/rv32imf_zicsr/ilp32f/libc.a(libc_a-vfiprintf.o)
 .rodata.zeroes.0
                0x000137ec       0x10 /usr/lib/gcc/riscv-none-elf/15.2.0/../../../../riscv-none-elf/lib/rv32imf_zicsr/ilp32f/libc.a(libc_a-vfiprintf.o)
 .rodata.blanks.1
                0x000137fc       0x10 /usr/lib/gcc/riscv-none-elf/15.2.0/../../../../riscv-none-elf/lib/rv32imf_zicsr/ilp32f/libc.a(libc_a-vfiprintf.o)

.srodata.cst4   0x0001380c       0x34
 .srodata.cst4  0x0001380c       0x34 local_coremark_unified.o

.srodata.cst8   0x00013840       0x68
 .srodata.cst8  0x00013840       0x68 local_coremark_unified.o
                                 0x10 (size before relaxing)
 .srodata.cst8  0x000138a8       0x20 /usr/lib/gcc/riscv-none-elf/15.2.0/../../../../riscv-none-elf/lib/rv32imf_zicsr/ilp32f/libc.a(libc_a-vfprintf.o)
 .srodata.cst8  0x000138a8        0x8 /usr/lib/gcc/riscv-none-elf/15.2.0/../../../../riscv-none-elf/lib/rv32imf_zicsr/ilp32f/libc.a(libm_a-s_frexp.o)
 .srodata.cst8  0x000138a8       0x48 /usr/lib/gcc/riscv-none-elf/15.2.0/../../../../riscv-none-elf/lib/rv32imf_zicsr/ilp32f/libc.a(libc_a-dtoa.o)
 .srodata.cst8  0x000138a8       0x10 /usr/lib/gcc/riscv-none-elf/15.2.0/../../../../riscv-none-elf/lib/rv32imf_zicsr/ilp32f/libc.a(libc_a-mprec.o)

.rela.dyn       0x000138a8        0x0
 .rela.text.init
                0x000138a8        0x0 local_crt0.o
 .rela.text     0x000138a8        0x0 local_crt0.o

.data           0x000138a8      0x6e4
 *(.data .data.*)
 .data          0x000138a8        0x0 local_crt0.o
 .data          0x000138a8        0xc local_coremark_unified.o
                0x000138a8                mem_name
 .data          0x000138b4        0x0 /usr/lib/gcc/riscv-none-elf/15.2.0/rv32imf_zicsr/ilp32f/libgcc.a(divdf3.o)
 .data          0x000138b4        0x0 /usr/lib/gcc/riscv-none-elf/15.2.0/rv32imf_zicsr/ilp32f/libgcc.a(gedf2.o)
 .data          0x000138b4        0x0 /usr/lib/gcc/riscv-none-elf/15.2.0/rv32imf_zicsr/ilp32f/libgcc.a(ledf2.o)
 .data          0x000138b4        0x0 /usr/lib/gcc/riscv-none-elf/15.2.0/rv32imf_zicsr/ilp32f/libgcc.a(fixunsdfsi.o)
 .data          0x000138b4        0x0 /usr/lib/gcc/riscv-none-elf/15.2.0/rv32imf_zicsr/ilp32f/libgcc.a(floatunsidf.o)
 .data          0x000138b4        0x0 /usr/lib/gcc/riscv-none-elf/15.2.0/rv32imf_zicsr/ilp32f/libgcc.a(extendsfdf2.o)
 .data          0x000138b4        0x0 /usr/lib/gcc/riscv-none-elf/15.2.0/rv32imf_zicsr/ilp32f/libgcc.a(_clzsi2.o)
 .data          0x000138b4        0x0 /usr/lib/gcc/riscv-none-elf/15.2.0/rv32imf_zicsr/ilp32f/libgcc.a(_clz.o)
 .data          0x000138b4        0x0 /usr/lib/gcc/riscv-none-elf/15.2.0/../../../../riscv-none-elf/lib/rv32imf_zicsr/ilp32f/libc.a(libc_a-vfprintf.o)
 .data          0x000138b4        0x0 /usr/lib/gcc/riscv-none-elf/15.2.0/../../../../riscv-none-elf/lib/rv32imf_zicsr/ilp32f/libc.a(libc_a-freer.o)
 .data          0x000138b4        0x0 /usr/lib/gcc/riscv-none-elf/15.2.0/../../../../riscv-none-elf/lib/rv32imf_zicsr/ilp32f/libc.a(libc_a-localeconv.o)
 .data          0x000138b4        0x0 /usr/lib/gcc/riscv-none-elf/15.2.0/../../../../riscv-none-elf/lib/rv32imf_zicsr/ilp32f/libc.a(libc_a-lock.o)
 .data          0x000138b4        0x0 /usr/lib/gcc/riscv-none-elf/15.2.0/../../../../riscv-none-elf/lib/rv32imf_zicsr/ilp32f/libc.a(libc_a-strncpy.o)
 .data          0x000138b4        0x0 /usr/lib/gcc/riscv-none-elf/15.2.0/../../../../riscv-none-elf/lib/rv32imf_zicsr/ilp32f/libc.a(libc_a-impure.o)
 *fill*         0x000138b4        0x4 
 .data._impure_data
                0x000138b8      0x140 /usr/lib/gcc/riscv-none-elf/15.2.0/../../../../riscv-none-elf/lib/rv32imf_zicsr/ilp32f/libc.a(libc_a-impure.o)
                0x000138b8                _impure_data
 .data          0x000139f8        0x0 /usr/lib/gcc/riscv-none-elf/15.2.0/../../../../riscv-none-elf/lib/rv32imf_zicsr/ilp32f/libc.a(libc_a-sprint_r.o)
 .data          0x000139f8        0x0 /usr/lib/gcc/riscv-none-elf/15.2.0/../../../../riscv-none-elf/lib/rv32imf_zicsr/ilp32f/libc.a(libc_a-memset.o)
 .data          0x000139f8        0x0 /usr/lib/gcc/riscv-none-elf/15.2.0/../../../../riscv-none-elf/lib/rv32imf_zicsr/ilp32f/libc.a(libc_a-strlen.o)
 .data          0x000139f8        0x0 /usr/lib/gcc/riscv-none-elf/15.2.0/../../../../riscv-none-elf/lib/rv32imf_zicsr/ilp32f/libc.a(libc_a-fvwrite.o)
 .data          0x000139f8        0x0 /usr/lib/gcc/riscv-none-elf/15.2.0/../../../../riscv-none-elf/lib/rv32imf_zicsr/ilp32f/libc.a(libc_a-wsetup.o)
 .data          0x000139f8        0x0 /usr/lib/gcc/riscv-none-elf/15.2.0/../../../../riscv-none-elf/lib/rv32imf_zicsr/ilp32f/libc.a(libc_a-mallocr.o)
 .data.__malloc_av_
                0x000139f8      0x408 /usr/lib/gcc/riscv-none-elf/15.2.0/../../../../riscv-none-elf/lib/rv32imf_zicsr/ilp32f/libc.a(libc_a-mallocr.o)
                0x000139f8                __malloc_av_
 .data          0x00013e00        0x0 /usr/lib/gcc/riscv-none-elf/15.2.0/../../../../riscv-none-elf/lib/rv32imf_zicsr/ilp32f/libc.a(libc_a-fflush.o)
 .data          0x00013e00        0x0 /usr/lib/gcc/riscv-none-elf/15.2.0/../../../../riscv-none-elf/lib/rv32imf_zicsr/ilp32f/libc.a(libc_a-makebuf.o)
 .data          0x00013e00        0x0 /usr/lib/gcc/riscv-none-elf/15.2.0/../../../../riscv-none-elf/lib/rv32imf_zicsr/ilp32f/libc.a(libc_a-mlock.o)
 .data          0x00013e00        0x0 /usr/lib/gcc/riscv-none-elf/15.2.0/../../../../riscv-none-elf/lib/rv32imf_zicsr/ilp32f/libc.a(libm_a-s_frexp.o)
 .data          0x00013e00        0x0 /usr/lib/gcc/riscv-none-elf/15.2.0/../../../../riscv-none-elf/lib/rv32imf_zicsr/ilp32f/libc.a(libc_a-memchr.o)
 .data          0x00013e00        0x0 /usr/lib/gcc/riscv-none-elf/15.2.0/../../../../riscv-none-elf/lib/rv32imf_zicsr/ilp32f/libc.a(libc_a-dtoa.o)
 .data          0x00013e00        0x0 /usr/lib/gcc/riscv-none-elf/15.2.0/../../../../riscv-none-elf/lib/rv32imf_zicsr/ilp32f/libc.a(libc_a-sbrkr.o)
 .data          0x00013e00        0x0 /usr/lib/gcc/riscv-none-elf/15.2.0/../../../../riscv-none-elf/lib/rv32imf_zicsr/ilp32f/libc.a(libc_a-findfp.o)
 .data.__sglue  0x00013e00        0xc /usr/lib/gcc/riscv-none-elf/15.2.0/../../../../riscv-none-elf/lib/rv32imf_zicsr/ilp32f/libc.a(libc_a-findfp.o)
                0x00013e00                __sglue
 .data          0x00013e0c        0x0 /usr/lib/gcc/riscv-none-elf/15.2.0/../../../../riscv-none-elf/lib/rv32imf_zicsr/ilp32f/libc.a(libc_a-reallocr.o)
 .data          0x00013e0c        0x0 /usr/lib/gcc/riscv-none-elf/15.2.0/../../../../riscv-none-elf/lib/rv32imf_zicsr/ilp32f/libc.a(libc_a-locale.o)
 .data.__global_locale
                0x00013e0c      0x16c /usr/lib/gcc/riscv-none-elf/15.2.0/../../../../riscv-none-elf/lib/rv32imf_zicsr/ilp32f/libc.a(libc_a-locale.o)
                0x00013e0c                __global_locale
 .data          0x00013f78        0x0 /usr/lib/gcc/riscv-none-elf/15.2.0/../../../../riscv-none-elf/lib/rv32imf_zicsr/ilp32f/libc.a(libc_a-ctype_.o)
 .data          0x00013f78        0x0 /usr/lib/gcc/riscv-none-elf/15.2.0/../../../../riscv-none-elf/lib/rv32imf_zicsr/ilp32f/libc.a(libc_a-stdio.o)
 .data          0x00013f78        0x0 /usr/lib/gcc/riscv-none-elf/15.2.0/../../../../riscv-none-elf/lib/rv32imf_zicsr/ilp32f/libc.a(libc_a-wctomb_r.o)
 .data          0x00013f78        0x0 /usr/lib/gcc/riscv-none-elf/15.2.0/../../../../riscv-none-elf/lib/rv32imf_zicsr/ilp32f/libc.a(libc_a-closer.o)
 .data          0x00013f78        0x0 /usr/lib/gcc/riscv-none-elf/15.2.0/../../../../riscv-none-elf/lib/rv32imf_zicsr/ilp32f/libc.a(libc_a-reent.o)
 .data          0x00013f78        0x0 /usr/lib/gcc/riscv-none-elf/15.2.0/../../../../riscv-none-elf/lib/rv32imf_zicsr/ilp32f/libc.a(libc_a-memmove-stub.o)
 .data          0x00013f78        0x0 /usr/lib/gcc/riscv-none-elf/15.2.0/../../../../riscv-none-elf/lib/rv32imf_zicsr/ilp32f/libc.a(libc_a-memcpy.o)
 .data          0x00013f78        0x0 /usr/lib/gcc/riscv-none-elf/15.2.0/../../../../riscv-none-elf/lib/rv32imf_zicsr/ilp32f/libc.a(libc_a-strcmp.o)
 .data          0x00013f78        0x0 /usr/lib/gcc/riscv-none-elf/15.2.0/../../../../riscv-none-elf/lib/rv32imf_zicsr/ilp32f/libc.a(libc_a-fwalk.o)
 .data          0x00013f78        0x0 /usr/lib/gcc/riscv-none-elf/15.2.0/../../../../riscv-none-elf/lib/rv32imf_zicsr/ilp32f/libc.a(libc_a-assert.o)
 .data          0x00013f78        0x0 /usr/lib/gcc/riscv-none-elf/15.2.0/../../../../riscv-none-elf/lib/rv32imf_zicsr/ilp32f/libc.a(libc_a-mbtowc_r.o)
 .data          0x00013f78        0x0 /usr/lib/gcc/riscv-none-elf/15.2.0/../../../../riscv-none-elf/lib/rv32imf_zicsr/ilp32f/libc.a(libc_a-fstatr.o)
 .data          0x00013f78        0x0 /usr/lib/gcc/riscv-none-elf/15.2.0/../../../../riscv-none-elf/lib/rv32imf_zicsr/ilp32f/libc.a(libc_a-isattyr.o)
 .data          0x00013f78        0x0 /usr/lib/gcc/riscv-none-elf/15.2.0/../../../../riscv-none-elf/lib/rv32imf_zicsr/ilp32f/libc.a(libc_a-lseekr.o)
 .data          0x00013f78        0x0 /usr/lib/gcc/riscv-none-elf/15.2.0/../../../../riscv-none-elf/lib/rv32imf_zicsr/ilp32f/libc.a(libc_a-readr.o)
 .data          0x00013f78        0x0 /usr/lib/gcc/riscv-none-elf/15.2.0/../../../../riscv-none-elf/lib/rv32imf_zicsr/ilp32f/libc.a(libc_a-fclose.o)
 .data          0x00013f78        0x0 /usr/lib/gcc/riscv-none-elf/15.2.0/../../../../riscv-none-elf/lib/rv32imf_zicsr/ilp32f/libc.a(libc_a-fiprintf.o)
 .data          0x00013f78        0x0 /usr/lib/gcc/riscv-none-elf/15.2.0/../../../../riscv-none-elf/lib/rv32imf_zicsr/ilp32f/libc.a(libc_a-mprec.o)
 .data          0x00013f78        0x0 /usr/lib/gcc/riscv-none-elf/15.2.0/../../../../riscv-none-elf/lib/rv32imf_zicsr/ilp32f/libc.a(libc_a-callocr.o)
 .data          0x00013f78        0x0 /usr/lib/gcc/riscv-none-elf/15.2.0/../../../../riscv-none-elf/lib/rv32imf_zicsr/ilp32f/libc.a(libc_a-writer.o)
 .data          0x00013f78        0x0 /usr/lib/gcc/riscv-none-elf/15.2.0/../../../../riscv-none-elf/lib/rv32imf_zicsr/ilp32f/libc.a(libc_a-errno.o)
 .data          0x00013f78        0x0 /usr/lib/gcc/riscv-none-elf/15.2.0/../../../../riscv-none-elf/lib/rv32imf_zicsr/ilp32f/libc.a(libc_a-vfiprintf.o)
 .data          0x00013f78        0x0 /usr/lib/gcc/riscv-none-elf/15.2.0/rv32imf_zicsr/ilp32f/libgcc.a(adddf3.o)
 .data          0x00013f78        0x0 /usr/lib/gcc/riscv-none-elf/15.2.0/rv32imf_zicsr/ilp32f/libgcc.a(eqdf2.o)
 .data          0x00013f78        0x0 /usr/lib/gcc/riscv-none-elf/15.2.0/rv32imf_zicsr/ilp32f/libgcc.a(muldf3.o)
 .data          0x00013f78        0x0 /usr/lib/gcc/riscv-none-elf/15.2.0/rv32imf_zicsr/ilp32f/libgcc.a(subdf3.o)
 .data          0x00013f78        0x0 /usr/lib/gcc/riscv-none-elf/15.2.0/rv32imf_zicsr/ilp32f/libgcc.a(unorddf2.o)
 .data          0x00013f78        0x0 /usr/lib/gcc/riscv-none-elf/15.2.0/rv32imf_zicsr/ilp32f/libgcc.a(fixdfsi.o)
 .data          0x00013f78        0x0 /usr/lib/gcc/riscv-none-elf/15.2.0/rv32imf_zicsr/ilp32f/libgcc.a(floatsidf.o)
 .data          0x00013f78        0x0 /usr/lib/gcc/riscv-none-elf/15.2.0/rv32imf_zicsr/ilp32f/libgcc.a(trunctfdf2.o)
                0x00013f78                        . = ALIGN (0x8)
                0x00014778                        PROVIDE (__global_pointer$ = (. + 0x800))
 *(.sdata .sdata.*)
 .sdata         0x00013f78        0x8 local_coremark_unified.o
                0x00013f78                default_num_contexts
                0x00013f7c                seed4_volatile
 .sdata._impure_ptr
                0x00013f80        0x4 /usr/lib/gcc/riscv-none-elf/15.2.0/../../../../riscv-none-elf/lib/rv32imf_zicsr/ilp32f/libc.a(libc_a-impure.o)
                0x00013f80                _impure_ptr
 .sdata.__malloc_sbrk_base
                0x00013f84        0x4 /usr/lib/gcc/riscv-none-elf/15.2.0/../../../../riscv-none-elf/lib/rv32imf_zicsr/ilp32f/libc.a(libc_a-mallocr.o)
                0x00013f84                __malloc_sbrk_base
 .sdata.__malloc_trim_threshold
                0x00013f88        0x4 /usr/lib/gcc/riscv-none-elf/15.2.0/../../../../riscv-none-elf/lib/rv32imf_zicsr/ilp32f/libc.a(libc_a-mallocr.o)
                0x00013f88                __malloc_trim_threshold

.bss            0x00013fc0   0x1e8e30
                0x00013fc0                        . = ALIGN (0x8)
                0x00013fc0                        PROVIDE (__BSS_START__ = .)
                0x00013fc0                        __bss_start = .
 *(.sbss .sbss.*)
 .sbss          0x00013fc0       0x20 local_coremark_unified.o
                0x00013fd0                seed5_volatile
                0x00013fd4                seed3_volatile
                0x00013fd8                seed2_volatile
                0x00013fdc                seed1_volatile
 .sbss.__lock___arc4random_mutex
                0x00013fe0        0x1 /usr/lib/gcc/riscv-none-elf/15.2.0/../../../../riscv-none-elf/lib/rv32imf_zicsr/ilp32f/libc.a(libc_a-lock.o)
                0x00013fe0                __lock___arc4random_mutex
 *fill*         0x00013fe1        0x3 
 .sbss.__lock___dd_hash_mutex
                0x00013fe4        0x1 /usr/lib/gcc/riscv-none-elf/15.2.0/../../../../riscv-none-elf/lib/rv32imf_zicsr/ilp32f/libc.a(libc_a-lock.o)
                0x00013fe4                __lock___dd_hash_mutex
 *fill*         0x00013fe5        0x3 
 .sbss.__lock___tz_mutex
                0x00013fe8        0x1 /usr/lib/gcc/riscv-none-elf/15.2.0/../../../../riscv-none-elf/lib/rv32imf_zicsr/ilp32f/libc.a(libc_a-lock.o)
                0x00013fe8                __lock___tz_mutex
 *fill*         0x00013fe9        0x3 
 .sbss.__lock___env_recursive_mutex
                0x00013fec        0x1 /usr/lib/gcc/riscv-none-elf/15.2.0/../../../../riscv-none-elf/lib/rv32imf_zicsr/ilp32f/libc.a(libc_a-lock.o)
                0x00013fec                __lock___env_recursive_mutex
 *fill*         0x00013fed        0x3 
 .sbss.__lock___malloc_recursive_mutex
                0x00013ff0        0x1 /usr/lib/gcc/riscv-none-elf/15.2.0/../../../../riscv-none-elf/lib/rv32imf_zicsr/ilp32f/libc.a(libc_a-lock.o)
                0x00013ff0                __lock___malloc_recursive_mutex
 *fill*         0x00013ff1        0x3 
 .sbss.__lock___at_quick_exit_mutex
                0x00013ff4        0x1 /usr/lib/gcc/riscv-none-elf/15.2.0/../../../../riscv-none-elf/lib/rv32imf_zicsr/ilp32f/libc.a(libc_a-lock.o)
                0x00013ff4                __lock___at_quick_exit_mutex
 *fill*         0x00013ff5        0x3 
 .sbss.__lock___atexit_recursive_mutex
                0x00013ff8        0x1 /usr/lib/gcc/riscv-none-elf/15.2.0/../../../../riscv-none-elf/lib/rv32imf_zicsr/ilp32f/libc.a(libc_a-lock.o)
                0x00013ff8                __lock___atexit_recursive_mutex
 *fill*         0x00013ff9        0x3 
 .sbss.__lock___sfp_recursive_mutex
                0x00013ffc        0x1 /usr/lib/gcc/riscv-none-elf/15.2.0/../../../../riscv-none-elf/lib/rv32imf_zicsr/ilp32f/libc.a(libc_a-lock.o)
                0x00013ffc                __lock___sfp_recursive_mutex
 *fill*         0x00013ffd        0x3 
 .sbss.__malloc_max_total_mem
                0x00014000        0x4 /usr/lib/gcc/riscv-none-elf/15.2.0/../../../../riscv-none-elf/lib/rv32imf_zicsr/ilp32f/libc.a(libc_a-mallocr.o)
                0x00014000                __malloc_max_total_mem
 .sbss.__malloc_max_sbrked_mem
                0x00014004        0x4 /usr/lib/gcc/riscv-none-elf/15.2.0/../../../../riscv-none-elf/lib/rv32imf_zicsr/ilp32f/libc.a(libc_a-mallocr.o)
                0x00014004                __malloc_max_sbrked_mem
 .sbss.__malloc_top_pad
                0x00014008        0x4 /usr/lib/gcc/riscv-none-elf/15.2.0/../../../../riscv-none-elf/lib/rv32imf_zicsr/ilp32f/libc.a(libc_a-mallocr.o)
                0x00014008                __malloc_top_pad
 .sbss.__stdio_exit_handler
                0x0001400c        0x4 /usr/lib/gcc/riscv-none-elf/15.2.0/../../../../riscv-none-elf/lib/rv32imf_zicsr/ilp32f/libc.a(libc_a-findfp.o)
                0x0001400c                __stdio_exit_handler
 .sbss._PathLocale
                0x00014010        0x4 /usr/lib/gcc/riscv-none-elf/15.2.0/../../../../riscv-none-elf/lib/rv32imf_zicsr/ilp32f/libc.a(libc_a-locale.o)
                0x00014010                _PathLocale
 .sbss.errno    0x00014014        0x4 /usr/lib/gcc/riscv-none-elf/15.2.0/../../../../riscv-none-elf/lib/rv32imf_zicsr/ilp32f/libc.a(libc_a-reent.o)
                0x00014014                errno
 *(.bss .bss.*)
 .bss           0x00014018        0x0 local_crt0.o
 *fill*         0x00014018       0x28 
 .bss           0x00014040   0x1e8c50 local_coremark_unified.o
                0x001fc4c0                static_memblk
 .bss           0x001fcc90        0x0 /usr/lib/gcc/riscv-none-elf/15.2.0/rv32imf_zicsr/ilp32f/libgcc.a(divdf3.o)
 .bss           0x001fcc90        0x0 /usr/lib/gcc/riscv-none-elf/15.2.0/rv32imf_zicsr/ilp32f/libgcc.a(gedf2.o)
 .bss           0x001fcc90        0x0 /usr/lib/gcc/riscv-none-elf/15.2.0/rv32imf_zicsr/ilp32f/libgcc.a(ledf2.o)
 .bss           0x001fcc90        0x0 /usr/lib/gcc/riscv-none-elf/15.2.0/rv32imf_zicsr/ilp32f/libgcc.a(fixunsdfsi.o)
 .bss           0x001fcc90        0x0 /usr/lib/gcc/riscv-none-elf/15.2.0/rv32imf_zicsr/ilp32f/libgcc.a(floatunsidf.o)
 .bss           0x001fcc90        0x0 /usr/lib/gcc/riscv-none-elf/15.2.0/rv32imf_zicsr/ilp32f/libgcc.a(extendsfdf2.o)
 .bss           0x001fcc90        0x0 /usr/lib/gcc/riscv-none-elf/15.2.0/rv32imf_zicsr/ilp32f/libgcc.a(_clzsi2.o)
 .bss           0x001fcc90        0x0 /usr/lib/gcc/riscv-none-elf/15.2.0/rv32imf_zicsr/ilp32f/libgcc.a(_clz.o)
 .bss           0x001fcc90        0x0 /usr/lib/gcc/riscv-none-elf/15.2.0/../../../../riscv-none-elf/lib/rv32imf_zicsr/ilp32f/libc.a(libc_a-vfprintf.o)
 .bss           0x001fcc90        0x0 /usr/lib/gcc/riscv-none-elf/15.2.0/../../../../riscv-none-elf/lib/rv32imf_zicsr/ilp32f/libc.a(libc_a-freer.o)
 .bss           0x001fcc90        0x0 /usr/lib/gcc/riscv-none-elf/15.2.0/../../../../riscv-none-elf/lib/rv32imf_zicsr/ilp32f/libc.a(libc_a-localeconv.o)
 .bss           0x001fcc90        0x0 /usr/lib/gcc/riscv-none-elf/15.2.0/../../../../riscv-none-elf/lib/rv32imf_zicsr/ilp32f/libc.a(libc_a-lock.o)
 .bss           0x001fcc90        0x0 /usr/lib/gcc/riscv-none-elf/15.2.0/../../../../riscv-none-elf/lib/rv32imf_zicsr/ilp32f/libc.a(libc_a-strncpy.o)
 .bss           0x001fcc90        0x0 /usr/lib/gcc/riscv-none-elf/15.2.0/../../../../riscv-none-elf/lib/rv32imf_zicsr/ilp32f/libc.a(libc_a-impure.o)
 .bss           0x001fcc90        0x0 /usr/lib/gcc/riscv-none-elf/15.2.0/../../../../riscv-none-elf/lib/rv32imf_zicsr/ilp32f/libc.a(libc_a-sprint_r.o)
 .bss           0x001fcc90        0x0 /usr/lib/gcc/riscv-none-elf/15.2.0/../../../../riscv-none-elf/lib/rv32imf_zicsr/ilp32f/libc.a(libc_a-memset.o)
 .bss           0x001fcc90        0x0 /usr/lib/gcc/riscv-none-elf/15.2.0/../../../../riscv-none-elf/lib/rv32imf_zicsr/ilp32f/libc.a(libc_a-strlen.o)
 .bss           0x001fcc90        0x0 /usr/lib/gcc/riscv-none-elf/15.2.0/../../../../riscv-none-elf/lib/rv32imf_zicsr/ilp32f/libc.a(libc_a-fvwrite.o)
 .bss           0x001fcc90        0x0 /usr/lib/gcc/riscv-none-elf/15.2.0/../../../../riscv-none-elf/lib/rv32imf_zicsr/ilp32f/libc.a(libc_a-wsetup.o)
 .bss           0x001fcc90        0x0 /usr/lib/gcc/riscv-none-elf/15.2.0/../../../../riscv-none-elf/lib/rv32imf_zicsr/ilp32f/libc.a(libc_a-mallocr.o)
 .bss.__malloc_current_mallinfo
                0x001fcc90       0x28 /usr/lib/gcc/riscv-none-elf/15.2.0/../../../../riscv-none-elf/lib/rv32imf_zicsr/ilp32f/libc.a(libc_a-mallocr.o)
                0x001fcc90                __malloc_current_mallinfo
 .bss           0x001fccb8        0x0 /usr/lib/gcc/riscv-none-elf/15.2.0/../../../../riscv-none-elf/lib/rv32imf_zicsr/ilp32f/libc.a(libc_a-fflush.o)
 .bss           0x001fccb8        0x0 /usr/lib/gcc/riscv-none-elf/15.2.0/../../../../riscv-none-elf/lib/rv32imf_zicsr/ilp32f/libc.a(libc_a-makebuf.o)
 .bss           0x001fccb8        0x0 /usr/lib/gcc/riscv-none-elf/15.2.0/../../../../riscv-none-elf/lib/rv32imf_zicsr/ilp32f/libc.a(libc_a-mlock.o)
 .bss           0x001fccb8        0x0 /usr/lib/gcc/riscv-none-elf/15.2.0/../../../../riscv-none-elf/lib/rv32imf_zicsr/ilp32f/libc.a(libm_a-s_frexp.o)
 .bss           0x001fccb8        0x0 /usr/lib/gcc/riscv-none-elf/15.2.0/../../../../riscv-none-elf/lib/rv32imf_zicsr/ilp32f/libc.a(libc_a-memchr.o)
 .bss           0x001fccb8        0x0 /usr/lib/gcc/riscv-none-elf/15.2.0/../../../../riscv-none-elf/lib/rv32imf_zicsr/ilp32f/libc.a(libc_a-dtoa.o)
 .bss           0x001fccb8        0x0 /usr/lib/gcc/riscv-none-elf/15.2.0/../../../../riscv-none-elf/lib/rv32imf_zicsr/ilp32f/libc.a(libc_a-sbrkr.o)
 .bss           0x001fccb8        0x0 /usr/lib/gcc/riscv-none-elf/15.2.0/../../../../riscv-none-elf/lib/rv32imf_zicsr/ilp32f/libc.a(libc_a-findfp.o)
 .bss.__sf      0x001fccb8      0x138 /usr/lib/gcc/riscv-none-elf/15.2.0/../../../../riscv-none-elf/lib/rv32imf_zicsr/ilp32f/libc.a(libc_a-findfp.o)
                0x001fccb8                __sf
 .bss           0x001fcdf0        0x0 /usr/lib/gcc/riscv-none-elf/15.2.0/../../../../riscv-none-elf/lib/rv32imf_zicsr/ilp32f/libc.a(libc_a-reallocr.o)
 .bss           0x001fcdf0        0x0 /usr/lib/gcc/riscv-none-elf/15.2.0/../../../../riscv-none-elf/lib/rv32imf_zicsr/ilp32f/libc.a(libc_a-locale.o)
 .bss           0x001fcdf0        0x0 /usr/lib/gcc/riscv-none-elf/15.2.0/../../../../riscv-none-elf/lib/rv32imf_zicsr/ilp32f/libc.a(libc_a-ctype_.o)
 .bss           0x001fcdf0        0x0 /usr/lib/gcc/riscv-none-elf/15.2.0/../../../../riscv-none-elf/lib/rv32imf_zicsr/ilp32f/libc.a(libc_a-stdio.o)
 .bss           0x001fcdf0        0x0 /usr/lib/gcc/riscv-none-elf/15.2.0/../../../../riscv-none-elf/lib/rv32imf_zicsr/ilp32f/libc.a(libc_a-wctomb_r.o)
 .bss           0x001fcdf0        0x0 /usr/lib/gcc/riscv-none-elf/15.2.0/../../../../riscv-none-elf/lib/rv32imf_zicsr/ilp32f/libc.a(libc_a-closer.o)
 .bss           0x001fcdf0        0x0 /usr/lib/gcc/riscv-none-elf/15.2.0/../../../../riscv-none-elf/lib/rv32imf_zicsr/ilp32f/libc.a(libc_a-reent.o)
 .bss           0x001fcdf0        0x0 /usr/lib/gcc/riscv-none-elf/15.2.0/../../../../riscv-none-elf/lib/rv32imf_zicsr/ilp32f/libc.a(libc_a-memmove-stub.o)
 .bss           0x001fcdf0        0x0 /usr/lib/gcc/riscv-none-elf/15.2.0/../../../../riscv-none-elf/lib/rv32imf_zicsr/ilp32f/libc.a(libc_a-memcpy.o)
 .bss           0x001fcdf0        0x0 /usr/lib/gcc/riscv-none-elf/15.2.0/../../../../riscv-none-elf/lib/rv32imf_zicsr/ilp32f/libc.a(libc_a-strcmp.o)
 .bss           0x001fcdf0        0x0 /usr/lib/gcc/riscv-none-elf/15.2.0/../../../../riscv-none-elf/lib/rv32imf_zicsr/ilp32f/libc.a(libc_a-fwalk.o)
 .bss           0x001fcdf0        0x0 /usr/lib/gcc/riscv-none-elf/15.2.0/../../../../riscv-none-elf/lib/rv32imf_zicsr/ilp32f/libc.a(libc_a-assert.o)
 .bss           0x001fcdf0        0x0 /usr/lib/gcc/riscv-none-elf/15.2.0/../../../../riscv-none-elf/lib/rv32imf_zicsr/ilp32f/libc.a(libc_a-mbtowc_r.o)
 .bss           0x001fcdf0        0x0 /usr/lib/gcc/riscv-none-elf/15.2.0/../../../../riscv-none-elf/lib/rv32imf_zicsr/ilp32f/libc.a(libc_a-fstatr.o)
 .bss           0x001fcdf0        0x0 /usr/lib/gcc/riscv-none-elf/15.2.0/../../../../riscv-none-elf/lib/rv32imf_zicsr/ilp32f/libc.a(libc_a-isattyr.o)
 .bss           0x001fcdf0        0x0 /usr/lib/gcc/riscv-none-elf/15.2.0/../../../../riscv-none-elf/lib/rv32imf_zicsr/ilp32f/libc.a(libc_a-lseekr.o)
 .bss           0x001fcdf0        0x0 /usr/lib/gcc/riscv-none-elf/15.2.0/../../../../riscv-none-elf/lib/rv32imf_zicsr/ilp32f/libc.a(libc_a-readr.o)
 .bss           0x001fcdf0        0x0 /usr/lib/gcc/riscv-none-elf/15.2.0/../../../../riscv-none-elf/lib/rv32imf_zicsr/ilp32f/libc.a(libc_a-fclose.o)
 .bss           0x001fcdf0        0x0 /usr/lib/gcc/riscv-none-elf/15.2.0/../../../../riscv-none-elf/lib/rv32imf_zicsr/ilp32f/libc.a(libc_a-fiprintf.o)
 .bss           0x001fcdf0        0x0 /usr/lib/gcc/riscv-none-elf/15.2.0/../../../../riscv-none-elf/lib/rv32imf_zicsr/ilp32f/libc.a(libc_a-mprec.o)
 .bss           0x001fcdf0        0x0 /usr/lib/gcc/riscv-none-elf/15.2.0/../../../../riscv-none-elf/lib/rv32imf_zicsr/ilp32f/libc.a(libc_a-callocr.o)
 .bss           0x001fcdf0        0x0 /usr/lib/gcc/riscv-none-elf/15.2.0/../../../../riscv-none-elf/lib/rv32imf_zicsr/ilp32f/libc.a(libc_a-writer.o)
 .bss           0x001fcdf0        0x0 /usr/lib/gcc/riscv-none-elf/15.2.0/../../../../riscv-none-elf/lib/rv32imf_zicsr/ilp32f/libc.a(libc_a-errno.o)
 .bss           0x001fcdf0        0x0 /usr/lib/gcc/riscv-none-elf/15.2.0/../../../../riscv-none-elf/lib/rv32imf_zicsr/ilp32f/libc.a(libc_a-vfiprintf.o)
 .bss           0x001fcdf0        0x0 /usr/lib/gcc/riscv-none-elf/15.2.0/rv32imf_zicsr/ilp32f/libgcc.a(adddf3.o)
 .bss           0x001fcdf0        0x0 /usr/lib/gcc/riscv-none-elf/15.2.0/rv32imf_zicsr/ilp32f/libgcc.a(eqdf2.o)
 .bss           0x001fcdf0        0x0 /usr/lib/gcc/riscv-none-elf/15.2.0/rv32imf_zicsr/ilp32f/libgcc.a(muldf3.o)
 .bss           0x001fcdf0        0x0 /usr/lib/gcc/riscv-none-elf/15.2.0/rv32imf_zicsr/ilp32f/libgcc.a(subdf3.o)
 .bss           0x001fcdf0        0x0 /usr/lib/gcc/riscv-none-elf/15.2.0/rv32imf_zicsr/ilp32f/libgcc.a(unorddf2.o)
 .bss           0x001fcdf0        0x0 /usr/lib/gcc/riscv-none-elf/15.2.0/rv32imf_zicsr/ilp32f/libgcc.a(fixdfsi.o)
 .bss           0x001fcdf0        0x0 /usr/lib/gcc/riscv-none-elf/15.2.0/rv32imf_zicsr/ilp32f/libgcc.a(floatsidf.o)
 .bss           0x001fcdf0        0x0 /usr/lib/gcc/riscv-none-elf/15.2.0/rv32imf_zicsr/ilp32f/libgcc.a(trunctfdf2.o)
 *(COMMON)
                0x001fcdf0                        . = ALIGN (0x8)
                0x001fcdf0                        PROVIDE (__BSS_END__ = .)
                0x001fcdf0                        _end = .

.heap           0x001fcdf0   0x100000
                0x001fcdf0                        . = ALIGN (0x10)
                0x001fcdf0                        __heap_start = .
                0x002fcdf0                        . = (. + 0x100000)
 *fill*         0x001fcdf0   0x100000 
                0x002fcdf0                        __heap_end = .

.stack          0x002fcdf0   0x100000
                0x002fcdf0                        . = ALIGN (0x10)
                0x003fcdf0                        . = (. + 0x100000)
 *fill*         0x002fcdf0   0x100000 
                0x003fcdf0                        _stack_top = .
OUTPUT(coremark_unified_tmp.elf elf32-littleriscv)

.riscv.attributes
                0x00000000       0x6d
 .riscv.attributes
                0x00000000       0x6b local_crt0.o
 .riscv.attributes
                0x0000006b       0x6b local_coremark_unified.o
 .riscv.attributes
                0x000000d6       0x3c /usr/lib/gcc/riscv-none-elf/15.2.0/rv32imf_zicsr/ilp32f/libgcc.a(divdf3.o)
 .riscv.attributes
                0x00000112       0x3c /usr/lib/gcc/riscv-none-elf/15.2.0/rv32imf_zicsr/ilp32f/libgcc.a(gedf2.o)
 .riscv.attributes
                0x0000014e       0x3c /usr/lib/gcc/riscv-none-elf/15.2.0/rv32imf_zicsr/ilp32f/libgcc.a(ledf2.o)
 .riscv.attributes
                0x0000018a       0x3c /usr/lib/gcc/riscv-none-elf/15.2.0/rv32imf_zicsr/ilp32f/libgcc.a(fixunsdfsi.o)
 .riscv.attributes
                0x000001c6       0x38 /usr/lib/gcc/riscv-none-elf/15.2.0/rv32imf_zicsr/ilp32f/libgcc.a(floatunsidf.o)
 .riscv.attributes
                0x000001fe       0x3c /usr/lib/gcc/riscv-none-elf/15.2.0/rv32imf_zicsr/ilp32f/libgcc.a(extendsfdf2.o)
 .riscv.attributes
                0x0000023a       0x38 /usr/lib/gcc/riscv-none-elf/15.2.0/rv32imf_zicsr/ilp32f/libgcc.a(_clzsi2.o)
 .riscv.attributes
                0x00000272       0x38 /usr/lib/gcc/riscv-none-elf/15.2.0/rv32imf_zicsr/ilp32f/libgcc.a(_clz.o)
 .riscv.attributes
                0x000002aa       0x38 /usr/lib/gcc/riscv-none-elf/15.2.0/../../../../riscv-none-elf/lib/rv32imf_zicsr/ilp32f/libc.a(libc_a-vfprintf.o)
 .riscv.attributes
                0x000002e2       0x38 /usr/lib/gcc/riscv-none-elf/15.2.0/../../../../riscv-none-elf/lib/rv32imf_zicsr/ilp32f/libc.a(libc_a-freer.o)
 .riscv.attributes
                0x0000031a       0x38 /usr/lib/gcc/riscv-none-elf/15.2.0/../../../../riscv-none-elf/lib/rv32imf_zicsr/ilp32f/libc.a(libc_a-localeconv.o)
 .riscv.attributes
                0x00000352       0x38 /usr/lib/gcc/riscv-none-elf/15.2.0/../../../../riscv-none-elf/lib/rv32imf_zicsr/ilp32f/libc.a(libc_a-lock.o)
 .riscv.attributes
                0x0000038a       0x38 /usr/lib/gcc/riscv-none-elf/15.2.0/../../../../riscv-none-elf/lib/rv32imf_zicsr/ilp32f/libc.a(libc_a-strncpy.o)
 .riscv.attributes
                0x000003c2       0x38 /usr/lib/gcc/riscv-none-elf/15.2.0/../../../../riscv-none-elf/lib/rv32imf_zicsr/ilp32f/libc.a(libc_a-impure.o)
 .riscv.attributes
                0x000003fa       0x38 /usr/lib/gcc/riscv-none-elf/15.2.0/../../../../riscv-none-elf/lib/rv32imf_zicsr/ilp32f/libc.a(libc_a-sprint_r.o)
 .riscv.attributes
                0x00000432       0x36 /usr/lib/gcc/riscv-none-elf/15.2.0/../../../../riscv-none-elf/lib/rv32imf_zicsr/ilp32f/libc.a(libc_a-memset.o)
 .riscv.attributes
                0x00000468       0x38 /usr/lib/gcc/riscv-none-elf/15.2.0/../../../../riscv-none-elf/lib/rv32imf_zicsr/ilp32f/libc.a(libc_a-strlen.o)
 .riscv.attributes
                0x000004a0       0x38 /usr/lib/gcc/riscv-none-elf/15.2.0/../../../../riscv-none-elf/lib/rv32imf_zicsr/ilp32f/libc.a(libc_a-fvwrite.o)
 .riscv.attributes
                0x000004d8       0x38 /usr/lib/gcc/riscv-none-elf/15.2.0/../../../../riscv-none-elf/lib/rv32imf_zicsr/ilp32f/libc.a(libc_a-wsetup.o)
 .riscv.attributes
                0x00000510       0x38 /usr/lib/gcc/riscv-none-elf/15.2.0/../../../../riscv-none-elf/lib/rv32imf_zicsr/ilp32f/libc.a(libc_a-mallocr.o)
 .riscv.attributes
                0x00000548       0x38 /usr/lib/gcc/riscv-none-elf/15.2.0/../../../../riscv-none-elf/lib/rv32imf_zicsr/ilp32f/libc.a(libc_a-fflush.o)
 .riscv.attributes
                0x00000580       0x38 /usr/lib/gcc/riscv-none-elf/15.2.0/../../../../riscv-none-elf/lib/rv32imf_zicsr/ilp32f/libc.a(libc_a-makebuf.o)
 .riscv.attributes
                0x000005b8       0x38 /usr/lib/gcc/riscv-none-elf/15.2.0/../../../../riscv-none-elf/lib/rv32imf_zicsr/ilp32f/libc.a(libc_a-mlock.o)
 .riscv.attributes
                0x000005f0       0x38 /usr/lib/gcc/riscv-none-elf/15.2.0/../../../../riscv-none-elf/lib/rv32imf_zicsr/ilp32f/libc.a(libm_a-s_frexp.o)
 .riscv.attributes
                0x00000628       0x38 /usr/lib/gcc/riscv-none-elf/15.2.0/../../../../riscv-none-elf/lib/rv32imf_zicsr/ilp32f/libc.a(libc_a-memchr.o)
 .riscv.attributes
                0x00000660       0x38 /usr/lib/gcc/riscv-none-elf/15.2.0/../../../../riscv-none-elf/lib/rv32imf_zicsr/ilp32f/libc.a(libc_a-dtoa.o)
 .riscv.attributes
                0x00000698       0x38 /usr/lib/gcc/riscv-none-elf/15.2.0/../../../../riscv-none-elf/lib/rv32imf_zicsr/ilp32f/libc.a(libc_a-sbrkr.o)
 .riscv.attributes
                0x000006d0       0x38 /usr/lib/gcc/riscv-none-elf/15.2.0/../../../../riscv-none-elf/lib/rv32imf_zicsr/ilp32f/libc.a(libc_a-findfp.o)
 .riscv.attributes
                0x00000708       0x38 /usr/lib/gcc/riscv-none-elf/15.2.0/../../../../riscv-none-elf/lib/rv32imf_zicsr/ilp32f/libc.a(libc_a-reallocr.o)
 .riscv.attributes
                0x00000740       0x38 /usr/lib/gcc/riscv-none-elf/15.2.0/../../../../riscv-none-elf/lib/rv32imf_zicsr/ilp32f/libc.a(libc_a-locale.o)
 .riscv.attributes
                0x00000778       0x38 /usr/lib/gcc/riscv-none-elf/15.2.0/../../../../riscv-none-elf/lib/rv32imf_zicsr/ilp32f/libc.a(libc_a-ctype_.o)
 .riscv.attributes
                0x000007b0       0x38 /usr/lib/gcc/riscv-none-elf/15.2.0/../../../../riscv-none-elf/lib/rv32imf_zicsr/ilp32f/libc.a(libc_a-stdio.o)
 .riscv.attributes
                0x000007e8       0x38 /usr/lib/gcc/riscv-none-elf/15.2.0/../../../../riscv-none-elf/lib/rv32imf_zicsr/ilp32f/libc.a(libc_a-wctomb_r.o)
 .riscv.attributes
                0x00000820       0x38 /usr/lib/gcc/riscv-none-elf/15.2.0/../../../../riscv-none-elf/lib/rv32imf_zicsr/ilp32f/libc.a(libc_a-closer.o)
 .riscv.attributes
                0x00000858       0x38 /usr/lib/gcc/riscv-none-elf/15.2.0/../../../../riscv-none-elf/lib/rv32imf_zicsr/ilp32f/libc.a(libc_a-reent.o)
 .riscv.attributes
                0x00000890       0x38 /usr/lib/gcc/riscv-none-elf/15.2.0/../../../../riscv-none-elf/lib/rv32imf_zicsr/ilp32f/libc.a(libc_a-memmove-stub.o)
 .riscv.attributes
                0x000008c8       0x38 /usr/lib/gcc/riscv-none-elf/15.2.0/../../../../riscv-none-elf/lib/rv32imf_zicsr/ilp32f/libc.a(libc_a-memcpy.o)
 .riscv.attributes
                0x00000900       0x36 /usr/lib/gcc/riscv-none-elf/15.2.0/../../../../riscv-none-elf/lib/rv32imf_zicsr/ilp32f/libc.a(libc_a-strcmp.o)
 .riscv.attributes
                0x00000936       0x38 /usr/lib/gcc/riscv-none-elf/15.2.0/../../../../riscv-none-elf/lib/rv32imf_zicsr/ilp32f/libc.a(libc_a-fwalk.o)
 .riscv.attributes
                0x0000096e       0x38 /usr/lib/gcc/riscv-none-elf/15.2.0/../../../../riscv-none-elf/lib/rv32imf_zicsr/ilp32f/libc.a(libc_a-assert.o)
 .riscv.attributes
                0x000009a6       0x38 /usr/lib/gcc/riscv-none-elf/15.2.0/../../../../riscv-none-elf/lib/rv32imf_zicsr/ilp32f/libc.a(libc_a-mbtowc_r.o)
 .riscv.attributes
                0x000009de       0x38 /usr/lib/gcc/riscv-none-elf/15.2.0/../../../../riscv-none-elf/lib/rv32imf_zicsr/ilp32f/libc.a(libc_a-fstatr.o)
 .riscv.attributes
                0x00000a16       0x38 /usr/lib/gcc/riscv-none-elf/15.2.0/../../../../riscv-none-elf/lib/rv32imf_zicsr/ilp32f/libc.a(libc_a-isattyr.o)
 .riscv.attributes
                0x00000a4e       0x38 /usr/lib/gcc/riscv-none-elf/15.2.0/../../../../riscv-none-elf/lib/rv32imf_zicsr/ilp32f/libc.a(libc_a-lseekr.o)
 .riscv.attributes
                0x00000a86       0x38 /usr/lib/gcc/riscv-none-elf/15.2.0/../../../../riscv-none-elf/lib/rv32imf_zicsr/ilp32f/libc.a(libc_a-readr.o)
 .riscv.attributes
                0x00000abe       0x38 /usr/lib/gcc/riscv-none-elf/15.2.0/../../../../riscv-none-elf/lib/rv32imf_zicsr/ilp32f/libc.a(libc_a-fclose.o)
 .riscv.attributes
                0x00000af6       0x38 /usr/lib/gcc/riscv-none-elf/15.2.0/../../../../riscv-none-elf/lib/rv32imf_zicsr/ilp32f/libc.a(libc_a-fiprintf.o)
 .riscv.attributes
                0x00000b2e       0x38 /usr/lib/gcc/riscv-none-elf/15.2.0/../../../../riscv-none-elf/lib/rv32imf_zicsr/ilp32f/libc.a(libc_a-mprec.o)
 .riscv.attributes
                0x00000b66       0x38 /usr/lib/gcc/riscv-none-elf/15.2.0/../../../../riscv-none-elf/lib/rv32imf_zicsr/ilp32f/libc.a(libc_a-callocr.o)
 .riscv.attributes
                0x00000b9e       0x38 /usr/lib/gcc/riscv-none-elf/15.2.0/../../../../riscv-none-elf/lib/rv32imf_zicsr/ilp32f/libc.a(libc_a-writer.o)
 .riscv.attributes
                0x00000bd6       0x38 /usr/lib/gcc/riscv-none-elf/15.2.0/../../../../riscv-none-elf/lib/rv32imf_zicsr/ilp32f/libc.a(libc_a-errno.o)
 .riscv.attributes
                0x00000c0e       0x38 /usr/lib/gcc/riscv-none-elf/15.2.0/../../../../riscv-none-elf/lib/rv32imf_zicsr/ilp32f/libc.a(libc_a-vfiprintf.o)
 .riscv.attributes
                0x00000c46       0x3c /usr/lib/gcc/riscv-none-elf/15.2.0/rv32imf_zicsr/ilp32f/libgcc.a(adddf3.o)
 .riscv.attributes
                0x00000c82       0x3c /usr/lib/gcc/riscv-none-elf/15.2.0/rv32imf_zicsr/ilp32f/libgcc.a(eqdf2.o)
 .riscv.attributes
                0x00000cbe       0x3c /usr/lib/gcc/riscv-none-elf/15.2.0/rv32imf_zicsr/ilp32f/libgcc.a(muldf3.o)
 .riscv.attributes
                0x00000cfa       0x3c /usr/lib/gcc/riscv-none-elf/15.2.0/rv32imf_zicsr/ilp32f/libgcc.a(subdf3.o)
 .riscv.attributes
                0x00000d36       0x3c /usr/lib/gcc/riscv-none-elf/15.2.0/rv32imf_zicsr/ilp32f/libgcc.a(unorddf2.o)
 .riscv.attributes
                0x00000d72       0x3c /usr/lib/gcc/riscv-none-elf/15.2.0/rv32imf_zicsr/ilp32f/libgcc.a(fixdfsi.o)
 .riscv.attributes
                0x00000dae       0x38 /usr/lib/gcc/riscv-none-elf/15.2.0/rv32imf_zicsr/ilp32f/libgcc.a(floatsidf.o)
 .riscv.attributes
                0x00000de6       0x3c /usr/lib/gcc/riscv-none-elf/15.2.0/rv32imf_zicsr/ilp32f/libgcc.a(trunctfdf2.o)

.comment        0x00000000       0x1b
 .comment       0x00000000       0x1b local_coremark_unified.o
                                 0xa3 (size before relaxing)
 .comment       0x0000001b       0x1c /usr/lib/gcc/riscv-none-elf/15.2.0/rv32imf_zicsr/ilp32f/libgcc.a(divdf3.o)
 .comment       0x0000001b       0x1c /usr/lib/gcc/riscv-none-elf/15.2.0/rv32imf_zicsr/ilp32f/libgcc.a(gedf2.o)
 .comment       0x0000001b       0x1c /usr/lib/gcc/riscv-none-elf/15.2.0/rv32imf_zicsr/ilp32f/libgcc.a(ledf2.o)
 .comment       0x0000001b       0x1c /usr/lib/gcc/riscv-none-elf/15.2.0/rv32imf_zicsr/ilp32f/libgcc.a(fixunsdfsi.o)
 .comment       0x0000001b       0x1c /usr/lib/gcc/riscv-none-elf/15.2.0/rv32imf_zicsr/ilp32f/libgcc.a(floatunsidf.o)
 .comment       0x0000001b       0x1c /usr/lib/gcc/riscv-none-elf/15.2.0/rv32imf_zicsr/ilp32f/libgcc.a(extendsfdf2.o)
 .comment       0x0000001b       0x1c /usr/lib/gcc/riscv-none-elf/15.2.0/rv32imf_zicsr/ilp32f/libgcc.a(_clzsi2.o)
 .comment       0x0000001b       0x1c /usr/lib/gcc/riscv-none-elf/15.2.0/rv32imf_zicsr/ilp32f/libgcc.a(_clz.o)
 .comment       0x0000001b       0x1c /usr/lib/gcc/riscv-none-elf/15.2.0/../../../../riscv-none-elf/lib/rv32imf_zicsr/ilp32f/libc.a(libc_a-vfprintf.o)
 .comment       0x0000001b       0x1c /usr/lib/gcc/riscv-none-elf/15.2.0/../../../../riscv-none-elf/lib/rv32imf_zicsr/ilp32f/libc.a(libc_a-freer.o)
 .comment       0x0000001b       0x1c /usr/lib/gcc/riscv-none-elf/15.2.0/../../../../riscv-none-elf/lib/rv32imf_zicsr/ilp32f/libc.a(libc_a-localeconv.o)
 .comment       0x0000001b       0x1c /usr/lib/gcc/riscv-none-elf/15.2.0/../../../../riscv-none-elf/lib/rv32imf_zicsr/ilp32f/libc.a(libc_a-lock.o)
 .comment       0x0000001b       0x1c /usr/lib/gcc/riscv-none-elf/15.2.0/../../../../riscv-none-elf/lib/rv32imf_zicsr/ilp32f/libc.a(libc_a-strncpy.o)
 .comment       0x0000001b       0x1c /usr/lib/gcc/riscv-none-elf/15.2.0/../../../../riscv-none-elf/lib/rv32imf_zicsr/ilp32f/libc.a(libc_a-impure.o)
 .comment       0x0000001b       0x1c /usr/lib/gcc/riscv-none-elf/15.2.0/../../../../riscv-none-elf/lib/rv32imf_zicsr/ilp32f/libc.a(libc_a-sprint_r.o)
 .comment       0x0000001b       0x1c /usr/lib/gcc/riscv-none-elf/15.2.0/../../../../riscv-none-elf/lib/rv32imf_zicsr/ilp32f/libc.a(libc_a-strlen.o)
 .comment       0x0000001b       0x1c /usr/lib/gcc/riscv-none-elf/15.2.0/../../../../riscv-none-elf/lib/rv32imf_zicsr/ilp32f/libc.a(libc_a-fvwrite.o)
 .comment       0x0000001b       0x1c /usr/lib/gcc/riscv-none-elf/15.2.0/../../../../riscv-none-elf/lib/rv32imf_zicsr/ilp32f/libc.a(libc_a-wsetup.o)
 .comment       0x0000001b       0x1c /usr/lib/gcc/riscv-none-elf/15.2.0/../../../../riscv-none-elf/lib/rv32imf_zicsr/ilp32f/libc.a(libc_a-mallocr.o)
 .comment       0x0000001b       0x1c /usr/lib/gcc/riscv-none-elf/15.2.0/../../../../riscv-none-elf/lib/rv32imf_zicsr/ilp32f/libc.a(libc_a-fflush.o)
 .comment       0x0000001b       0x1c /usr/lib/gcc/riscv-none-elf/15.2.0/../../../../riscv-none-elf/lib/rv32imf_zicsr/ilp32f/libc.a(libc_a-makebuf.o)
 .comment       0x0000001b       0x1c /usr/lib/gcc/riscv-none-elf/15.2.0/../../../../riscv-none-elf/lib/rv32imf_zicsr/ilp32f/libc.a(libc_a-mlock.o)
 .comment       0x0000001b       0x1c /usr/lib/gcc/riscv-none-elf/15.2.0/../../../../riscv-none-elf/lib/rv32imf_zicsr/ilp32f/libc.a(libm_a-s_frexp.o)
 .comment       0x0000001b       0x1c /usr/lib/gcc/riscv-none-elf/15.2.0/../../../../riscv-none-elf/lib/rv32imf_zicsr/ilp32f/libc.a(libc_a-memchr.o)
 .comment       0x0000001b       0x1c /usr/lib/gcc/riscv-none-elf/15.2.0/../../../../riscv-none-elf/lib/rv32imf_zicsr/ilp32f/libc.a(libc_a-dtoa.o)
 .comment       0x0000001b       0x1c /usr/lib/gcc/riscv-none-elf/15.2.0/../../../../riscv-none-elf/lib/rv32imf_zicsr/ilp32f/libc.a(libc_a-sbrkr.o)
 .comment       0x0000001b       0x1c /usr/lib/gcc/riscv-none-elf/15.2.0/../../../../riscv-none-elf/lib/rv32imf_zicsr/ilp32f/libc.a(libc_a-findfp.o)
 .comment       0x0000001b       0x1c /usr/lib/gcc/riscv-none-elf/15.2.0/../../../../riscv-none-elf/lib/rv32imf_zicsr/ilp32f/libc.a(libc_a-reallocr.o)
 .comment       0x0000001b       0x1c /usr/lib/gcc/riscv-none-elf/15.2.0/../../../../riscv-none-elf/lib/rv32imf_zicsr/ilp32f/libc.a(libc_a-locale.o)
 .comment       0x0000001b       0x1c /usr/lib/gcc/riscv-none-elf/15.2.0/../../../../riscv-none-elf/lib/rv32imf_zicsr/ilp32f/libc.a(libc_a-ctype_.o)
 .comment       0x0000001b       0x1c /usr/lib/gcc/riscv-none-elf/15.2.0/../../../../riscv-none-elf/lib/rv32imf_zicsr/ilp32f/libc.a(libc_a-stdio.o)
 .comment       0x0000001b       0x1c /usr/lib/gcc/riscv-none-elf/15.2.0/../../../../riscv-none-elf/lib/rv32imf_zicsr/ilp32f/libc.a(libc_a-wctomb_r.o)
 .comment       0x0000001b       0x1c /usr/lib/gcc/riscv-none-elf/15.2.0/../../../../riscv-none-elf/lib/rv32imf_zicsr/ilp32f/libc.a(libc_a-closer.o)
 .comment       0x0000001b       0x1c /usr/lib/gcc/riscv-none-elf/15.2.0/../../../../riscv-none-elf/lib/rv32imf_zicsr/ilp32f/libc.a(libc_a-reent.o)
 .comment       0x0000001b       0x1c /usr/lib/gcc/riscv-none-elf/15.2.0/../../../../riscv-none-elf/lib/rv32imf_zicsr/ilp32f/libc.a(libc_a-memmove-stub.o)
 .comment       0x0000001b       0x1c /usr/lib/gcc/riscv-none-elf/15.2.0/../../../../riscv-none-elf/lib/rv32imf_zicsr/ilp32f/libc.a(libc_a-memcpy.o)
 .comment       0x0000001b       0x1c /usr/lib/gcc/riscv-none-elf/15.2.0/../../../../riscv-none-elf/lib/rv32imf_zicsr/ilp32f/libc.a(libc_a-fwalk.o)
 .comment       0x0000001b       0x1c /usr/lib/gcc/riscv-none-elf/15.2.0/../../../../riscv-none-elf/lib/rv32imf_zicsr/ilp32f/libc.a(libc_a-assert.o)
 .comment       0x0000001b       0x1c /usr/lib/gcc/riscv-none-elf/15.2.0/../../../../riscv-none-elf/lib/rv32imf_zicsr/ilp32f/libc.a(libc_a-mbtowc_r.o)
 .comment       0x0000001b       0x1c /usr/lib/gcc/riscv-none-elf/15.2.0/../../../../riscv-none-elf/lib/rv32imf_zicsr/ilp32f/libc.a(libc_a-fstatr.o)
 .comment       0x0000001b       0x1c /usr/lib/gcc/riscv-none-elf/15.2.0/../../../../riscv-none-elf/lib/rv32imf_zicsr/ilp32f/libc.a(libc_a-isattyr.o)
 .comment       0x0000001b       0x1c /usr/lib/gcc/riscv-none-elf/15.2.0/../../../../riscv-none-elf/lib/rv32imf_zicsr/ilp32f/libc.a(libc_a-lseekr.o)
 .comment       0x0000001b       0x1c /usr/lib/gcc/riscv-none-elf/15.2.0/../../../../riscv-none-elf/lib/rv32imf_zicsr/ilp32f/libc.a(libc_a-readr.o)
 .comment       0x0000001b       0x1c /usr/lib/gcc/riscv-none-elf/15.2.0/../../../../riscv-none-elf/lib/rv32imf_zicsr/ilp32f/libc.a(libc_a-fclose.o)
 .comment       0x0000001b       0x1c /usr/lib/gcc/riscv-none-elf/15.2.0/../../../../riscv-none-elf/lib/rv32imf_zicsr/ilp32f/libc.a(libc_a-fiprintf.o)
 .comment       0x0000001b       0x1c /usr/lib/gcc/riscv-none-elf/15.2.0/../../../../riscv-none-elf/lib/rv32imf_zicsr/ilp32f/libc.a(libc_a-mprec.o)
 .comment       0x0000001b       0x1c /usr/lib/gcc/riscv-none-elf/15.2.0/../../../../riscv-none-elf/lib/rv32imf_zicsr/ilp32f/libc.a(libc_a-callocr.o)
 .comment       0x0000001b       0x1c /usr/lib/gcc/riscv-none-elf/15.2.0/../../../../riscv-none-elf/lib/rv32imf_zicsr/ilp32f/libc.a(libc_a-writer.o)
 .comment       0x0000001b       0x1c /usr/lib/gcc/riscv-none-elf/15.2.0/../../../../riscv-none-elf/lib/rv32imf_zicsr/ilp32f/libc.a(libc_a-errno.o)
 .comment       0x0000001b       0x1c /usr/lib/gcc/riscv-none-elf/15.2.0/../../../../riscv-none-elf/lib/rv32imf_zicsr/ilp32f/libc.a(libc_a-vfiprintf.o)
 .comment       0x0000001b       0x1c /usr/lib/gcc/riscv-none-elf/15.2.0/rv32imf_zicsr/ilp32f/libgcc.a(adddf3.o)
 .comment       0x0000001b       0x1c /usr/lib/gcc/riscv-none-elf/15.2.0/rv32imf_zicsr/ilp32f/libgcc.a(eqdf2.o)
 .comment       0x0000001b       0x1c /usr/lib/gcc/riscv-none-elf/15.2.0/rv32imf_zicsr/ilp32f/libgcc.a(muldf3.o)
 .comment       0x0000001b       0x1c /usr/lib/gcc/riscv-none-elf/15.2.0/rv32imf_zicsr/ilp32f/libgcc.a(subdf3.o)
 .comment       0x0000001b       0x1c /usr/lib/gcc/riscv-none-elf/15.2.0/rv32imf_zicsr/ilp32f/libgcc.a(unorddf2.o)
 .comment       0x0000001b       0x1c /usr/lib/gcc/riscv-none-elf/15.2.0/rv32imf_zicsr/ilp32f/libgcc.a(fixdfsi.o)
 .comment       0x0000001b       0x1c /usr/lib/gcc/riscv-none-elf/15.2.0/rv32imf_zicsr/ilp32f/libgcc.a(floatsidf.o)
 .comment       0x0000001b       0x1c /usr/lib/gcc/riscv-none-elf/15.2.0/rv32imf_zicsr/ilp32f/libgcc.a(trunctfdf2.o)

.note.GNU-stack
                0x00000000        0x0
 .note.GNU-stack
                0x00000000        0x0 local_coremark_unified.o
 .note.GNU-stack
                0x00000000        0x0 /usr/lib/gcc/riscv-none-elf/15.2.0/rv32imf_zicsr/ilp32f/libgcc.a(divdf3.o)
 .note.GNU-stack
                0x00000000        0x0 /usr/lib/gcc/riscv-none-elf/15.2.0/rv32imf_zicsr/ilp32f/libgcc.a(gedf2.o)
 .note.GNU-stack
                0x00000000        0x0 /usr/lib/gcc/riscv-none-elf/15.2.0/rv32imf_zicsr/ilp32f/libgcc.a(ledf2.o)
 .note.GNU-stack
                0x00000000        0x0 /usr/lib/gcc/riscv-none-elf/15.2.0/rv32imf_zicsr/ilp32f/libgcc.a(fixunsdfsi.o)
 .note.GNU-stack
                0x00000000        0x0 /usr/lib/gcc/riscv-none-elf/15.2.0/rv32imf_zicsr/ilp32f/libgcc.a(floatunsidf.o)
 .note.GNU-stack
                0x00000000        0x0 /usr/lib/gcc/riscv-none-elf/15.2.0/rv32imf_zicsr/ilp32f/libgcc.a(extendsfdf2.o)
 .note.GNU-stack
                0x00000000        0x0 /usr/lib/gcc/riscv-none-elf/15.2.0/rv32imf_zicsr/ilp32f/libgcc.a(_clzsi2.o)
 .note.GNU-stack
                0x00000000        0x0 /usr/lib/gcc/riscv-none-elf/15.2.0/rv32imf_zicsr/ilp32f/libgcc.a(_clz.o)
 .note.GNU-stack
                0x00000000        0x0 /usr/lib/gcc/riscv-none-elf/15.2.0/../../../../riscv-none-elf/lib/rv32imf_zicsr/ilp32f/libc.a(libc_a-vfprintf.o)
 .note.GNU-stack
                0x00000000        0x0 /usr/lib/gcc/riscv-none-elf/15.2.0/../../../../riscv-none-elf/lib/rv32imf_zicsr/ilp32f/libc.a(libc_a-freer.o)
 .note.GNU-stack
                0x00000000        0x0 /usr/lib/gcc/riscv-none-elf/15.2.0/../../../../riscv-none-elf/lib/rv32imf_zicsr/ilp32f/libc.a(libc_a-localeconv.o)
 .note.GNU-stack
                0x00000000        0x0 /usr/lib/gcc/riscv-none-elf/15.2.0/../../../../riscv-none-elf/lib/rv32imf_zicsr/ilp32f/libc.a(libc_a-lock.o)
 .note.GNU-stack
                0x00000000        0x0 /usr/lib/gcc/riscv-none-elf/15.2.0/../../../../riscv-none-elf/lib/rv32imf_zicsr/ilp32f/libc.a(libc_a-strncpy.o)
 .note.GNU-stack
                0x00000000        0x0 /usr/lib/gcc/riscv-none-elf/15.2.0/../../../../riscv-none-elf/lib/rv32imf_zicsr/ilp32f/libc.a(libc_a-impure.o)
 .note.GNU-stack
                0x00000000        0x0 /usr/lib/gcc/riscv-none-elf/15.2.0/../../../../riscv-none-elf/lib/rv32imf_zicsr/ilp32f/libc.a(libc_a-sprint_r.o)
 .note.GNU-stack
                0x00000000        0x0 /usr/lib/gcc/riscv-none-elf/15.2.0/../../../../riscv-none-elf/lib/rv32imf_zicsr/ilp32f/libc.a(libc_a-strlen.o)
 .note.GNU-stack
                0x00000000        0x0 /usr/lib/gcc/riscv-none-elf/15.2.0/../../../../riscv-none-elf/lib/rv32imf_zicsr/ilp32f/libc.a(libc_a-fvwrite.o)
 .note.GNU-stack
                0x00000000        0x0 /usr/lib/gcc/riscv-none-elf/15.2.0/../../../../riscv-none-elf/lib/rv32imf_zicsr/ilp32f/libc.a(libc_a-wsetup.o)
 .note.GNU-stack
                0x00000000        0x0 /usr/lib/gcc/riscv-none-elf/15.2.0/../../../../riscv-none-elf/lib/rv32imf_zicsr/ilp32f/libc.a(libc_a-mallocr.o)
 .note.GNU-stack
                0x00000000        0x0 /usr/lib/gcc/riscv-none-elf/15.2.0/../../../../riscv-none-elf/lib/rv32imf_zicsr/ilp32f/libc.a(libc_a-fflush.o)
 .note.GNU-stack
                0x00000000        0x0 /usr/lib/gcc/riscv-none-elf/15.2.0/../../../../riscv-none-elf/lib/rv32imf_zicsr/ilp32f/libc.a(libc_a-makebuf.o)
 .note.GNU-stack
                0x00000000        0x0 /usr/lib/gcc/riscv-none-elf/15.2.0/../../../../riscv-none-elf/lib/rv32imf_zicsr/ilp32f/libc.a(libc_a-mlock.o)
 .note.GNU-stack
                0x00000000        0x0 /usr/lib/gcc/riscv-none-elf/15.2.0/../../../../riscv-none-elf/lib/rv32imf_zicsr/ilp32f/libc.a(libm_a-s_frexp.o)
 .note.GNU-stack
                0x00000000        0x0 /usr/lib/gcc/riscv-none-elf/15.2.0/../../../../riscv-none-elf/lib/rv32imf_zicsr/ilp32f/libc.a(libc_a-memchr.o)
 .note.GNU-stack
                0x00000000        0x0 /usr/lib/gcc/riscv-none-elf/15.2.0/../../../../riscv-none-elf/lib/rv32imf_zicsr/ilp32f/libc.a(libc_a-dtoa.o)
 .note.GNU-stack
                0x00000000        0x0 /usr/lib/gcc/riscv-none-elf/15.2.0/../../../../riscv-none-elf/lib/rv32imf_zicsr/ilp32f/libc.a(libc_a-sbrkr.o)
 .note.GNU-stack
                0x00000000        0x0 /usr/lib/gcc/riscv-none-elf/15.2.0/../../../../riscv-none-elf/lib/rv32imf_zicsr/ilp32f/libc.a(libc_a-findfp.o)
 .note.GNU-stack
                0x00000000        0x0 /usr/lib/gcc/riscv-none-elf/15.2.0/../../../../riscv-none-elf/lib/rv32imf_zicsr/ilp32f/libc.a(libc_a-reallocr.o)
 .note.GNU-stack
                0x00000000        0x0 /usr/lib/gcc/riscv-none-elf/15.2.0/../../../../riscv-none-elf/lib/rv32imf_zicsr/ilp32f/libc.a(libc_a-locale.o)
 .note.GNU-stack
                0x00000000        0x0 /usr/lib/gcc/riscv-none-elf/15.2.0/../../../../riscv-none-elf/lib/rv32imf_zicsr/ilp32f/libc.a(libc_a-ctype_.o)
 .note.GNU-stack
                0x00000000        0x0 /usr/lib/gcc/riscv-none-elf/15.2.0/../../../../riscv-none-elf/lib/rv32imf_zicsr/ilp32f/libc.a(libc_a-stdio.o)
 .note.GNU-stack
                0x00000000        0x0 /usr/lib/gcc/riscv-none-elf/15.2.0/../../../../riscv-none-elf/lib/rv32imf_zicsr/ilp32f/libc.a(libc_a-wctomb_r.o)
 .note.GNU-stack
                0x00000000        0x0 /usr/lib/gcc/riscv-none-elf/15.2.0/../../../../riscv-none-elf/lib/rv32imf_zicsr/ilp32f/libc.a(libc_a-closer.o)
 .note.GNU-stack
                0x00000000        0x0 /usr/lib/gcc/riscv-none-elf/15.2.0/../../../../riscv-none-elf/lib/rv32imf_zicsr/ilp32f/libc.a(libc_a-reent.o)
 .note.GNU-stack
                0x00000000        0x0 /usr/lib/gcc/riscv-none-elf/15.2.0/../../../../riscv-none-elf/lib/rv32imf_zicsr/ilp32f/libc.a(libc_a-memmove-stub.o)
 .note.GNU-stack
                0x00000000        0x0 /usr/lib/gcc/riscv-none-elf/15.2.0/../../../../riscv-none-elf/lib/rv32imf_zicsr/ilp32f/libc.a(libc_a-memcpy.o)
 .note.GNU-stack
                0x00000000        0x0 /usr/lib/gcc/riscv-none-elf/15.2.0/../../../../riscv-none-elf/lib/rv32imf_zicsr/ilp32f/libc.a(libc_a-fwalk.o)
 .note.GNU-stack
                0x00000000        0x0 /usr/lib/gcc/riscv-none-elf/15.2.0/../../../../riscv-none-elf/lib/rv32imf_zicsr/ilp32f/libc.a(libc_a-assert.o)
 .note.GNU-stack
                0x00000000        0x0 /usr/lib/gcc/riscv-none-elf/15.2.0/../../../../riscv-none-elf/lib/rv32imf_zicsr/ilp32f/libc.a(libc_a-mbtowc_r.o)
 .note.GNU-stack
                0x00000000        0x0 /usr/lib/gcc/riscv-none-elf/15.2.0/../../../../riscv-none-elf/lib/rv32imf_zicsr/ilp32f/libc.a(libc_a-fstatr.o)
 .note.GNU-stack
                0x00000000        0x0 /usr/lib/gcc/riscv-none-elf/15.2.0/../../../../riscv-none-elf/lib/rv32imf_zicsr/ilp32f/libc.a(libc_a-isattyr.o)
 .note.GNU-stack
                0x00000000        0x0 /usr/lib/gcc/riscv-none-elf/15.2.0/../../../../riscv-none-elf/lib/rv32imf_zicsr/ilp32f/libc.a(libc_a-lseekr.o)
 .note.GNU-stack
                0x00000000        0x0 /usr/lib/gcc/riscv-none-elf/15.2.0/../../../../riscv-none-elf/lib/rv32imf_zicsr/ilp32f/libc.a(libc_a-readr.o)
 .note.GNU-stack
                0x00000000        0x0 /usr/lib/gcc/riscv-none-elf/15.2.0/../../../../riscv-none-elf/lib/rv32imf_zicsr/ilp32f/libc.a(libc_a-fclose.o)
 .note.GNU-stack
                0x00000000        0x0 /usr/lib/gcc/riscv-none-elf/15.2.0/../../../../riscv-none-elf/lib/rv32imf_zicsr/ilp32f/libc.a(libc_a-fiprintf.o)
 .note.GNU-stack
                0x00000000        0x0 /usr/lib/gcc/riscv-none-elf/15.2.0/../../../../riscv-none-elf/lib/rv32imf_zicsr/ilp32f/libc.a(libc_a-mprec.o)
 .note.GNU-stack
                0x00000000        0x0 /usr/lib/gcc/riscv-none-elf/15.2.0/../../../../riscv-none-elf/lib/rv32imf_zicsr/ilp32f/libc.a(libc_a-callocr.o)
 .note.GNU-stack
                0x00000000        0x0 /usr/lib/gcc/riscv-none-elf/15.2.0/../../../../riscv-none-elf/lib/rv32imf_zicsr/ilp32f/libc.a(libc_a-writer.o)
 .note.GNU-stack
                0x00000000        0x0 /usr/lib/gcc/riscv-none-elf/15.2.0/../../../../riscv-none-elf/lib/rv32imf_zicsr/ilp32f/libc.a(libc_a-errno.o)
 .note.GNU-stack
                0x00000000        0x0 /usr/lib/gcc/riscv-none-elf/15.2.0/../../../../riscv-none-elf/lib/rv32imf_zicsr/ilp32f/libc.a(libc_a-vfiprintf.o)
 .note.GNU-stack
                0x00000000        0x0 /usr/lib/gcc/riscv-none-elf/15.2.0/rv32imf_zicsr/ilp32f/libgcc.a(adddf3.o)
 .note.GNU-stack
                0x00000000        0x0 /usr/lib/gcc/riscv-none-elf/15.2.0/rv32imf_zicsr/ilp32f/libgcc.a(eqdf2.o)
 .note.GNU-stack
                0x00000000        0x0 /usr/lib/gcc/riscv-none-elf/15.2.0/rv32imf_zicsr/ilp32f/libgcc.a(muldf3.o)
 .note.GNU-stack
                0x00000000        0x0 /usr/lib/gcc/riscv-none-elf/15.2.0/rv32imf_zicsr/ilp32f/libgcc.a(subdf3.o)
 .note.GNU-stack
                0x00000000        0x0 /usr/lib/gcc/riscv-none-elf/15.2.0/rv32imf_zicsr/ilp32f/libgcc.a(unorddf2.o)
 .note.GNU-stack
                0x00000000        0x0 /usr/lib/gcc/riscv-none-elf/15.2.0/rv32imf_zicsr/ilp32f/libgcc.a(fixdfsi.o)
 .note.GNU-stack
                0x00000000        0x0 /usr/lib/gcc/riscv-none-elf/15.2.0/rv32imf_zicsr/ilp32f/libgcc.a(floatsidf.o)
 .note.GNU-stack
                0x00000000        0x0 /usr/lib/gcc/riscv-none-elf/15.2.0/rv32imf_zicsr/ilp32f/libgcc.a(trunctfdf2.o)